data/csv/orders_real.csv
date,dish_name,quantity_sold,checkout_price,base_price,emailer_for_promotion,homepage_featured,category,cuisine
2022-01-03,Beverages_Continental,74463,320.266334841629,349.90728506787326,1,1,Beverages,Continental
2022-01-10,Beverages_Continental,69914,320.06391891891894,349.30252252252257,0,1,Beverages,Continental
2022-01-17,Beverages_Continental,58444,320.8341441441442,349.5832432432432,1,1,Beverages,Continental
2022-01-24,Beverages_Continental,67660,320.1443891402715,350.00864253393667,0,1,Beverages,Continental
2022-01-31,Beverages_Continental,41286,348.1252272727273,349.7911818181818,0,1,Beverages,Continental
2022-02-07,Beverages_Continental,37545,348.52707207207203,349.7663513513514,0,1,Beverages,Continental
2022-02-14,Beverages_Continental,34393,348.8764516129032,350.0629493087558,0,1,Beverages,Continental
2022-02-21,Beverages_Continental,21228,348.0014084507042,349.5623004694836,0,1,Beverages,Continental
2022-02-28,Beverages_Continental,33199,345.77675799086757,349.8471689497717,0,1,Beverages,Continental
2022-03-07,Beverages_Continental,32658,347.6589592760181,349.95090497737556,0,1,Beverages,Continental
2022-03-14,Beverages_Continental,31726,348.8931696428572,350.3067857142857,0,1,Beverages,Continental
2022-03-21,Beverages_Continental,34353,348.50183035714286,349.84477678571426,0,1,Beverages,Continental
2022-03-28,Beverages_Continental,39574,349.18757847533635,350.0264125560538,0,1,Beverages,Continental
2022-04-04,Beverages_Continental,57739,320.62392857142856,350.6113392857143,1,1,Beverages,Continental
2022-04-11,Beverages_Continental,56085,320.56013333333334,350.45826666666665,0,1,Beverages,Continental
2022-04-18,Beverages_Continental,53735,320.9729955947136,350.08982378854625,0,1,Beverages,Continental
2022-04-25,Beverages_Continental,73303,320.19008810572683,350.01704845814976,1,1,Beverages,Continental
2022-05-02,Beverages_Continental,68294,320.35193832599117,350.0699118942731,1,1,Beverages,Continental
2022-05-09,Beverages_Continental,40626,347.4753303964757,348.943436123348,0,1,Beverages,Continental
2022-05-16,Beverages_Continental,28499,348.3179464285714,349.53473214285714,0,1,Beverages,Continental
2022-05-23,Beverages_Continental,31304,346.94215246636776,348.68426008968606,0,1,Beverages,Continental
2022-05-30,Beverages_Continental,35157,349.94868778280545,351.32914027149326,0,1,Beverages,Continental
2022-06-06,Beverages_Continental,33173,349.9429596412556,351.26,0,1,Beverages,Continental
2022-06-13,Beverages_Continental,36427,349.7231111111111,351.42866666666663,0,1,Beverages,Continental
2022-06-20,Beverages_Continental,33457,348.36318385650225,350.3708520179372,0,1,Beverages,Continental
2022-06-27,Beverages_Continental,34187,349.83411504424777,351.26243362831855,0,1,Beverages,Continental
2022-07-04,Beverages_Continental,34953,348.35545045045046,350.35783783783785,0,1,Beverages,Continental
2022-07-11,Beverages_Continental,38102,350.0723660714286,351.3886607142857,0,1,Beverages,Continental
2022-07-18,Beverages_Continental,36649,349.23349557522124,351.78442477876104,0,1,Beverages,Continental
2022-07-25,Beverages_Continental,34517,350.0109777777778,351.59706666666665,0,1,Beverages,Continental
2022-08-01,Beverages_Continental,35641,347.3322026431718,349.69898678414097,0,1,Beverages,Continental
2022-08-08,Beverages_Continental,37272,345.93968888888884,348.1132888888889,0,1,Beverages,Continental
2022-08-15,Beverages_Continental,48682,325.66818584070796,349.13800884955754,1,1,Beverages,Continental
2022-08-22,Beverages_Continental,48439,325.2974449339207,348.26947136563876,0,1,Beverages,Continental
2022-08-29,Beverages_Continental,35411,387.19845814977975,385.57458149779734,0,1,Beverages,Continental
2022-09-05,Beverages_Continental,37852,386.8021929824561,388.39934210526314,0,1,Beverages,Continental
2022-09-12,Beverages_Continental,22581,370.5342396313364,383.64304147465435,0,1,Beverages,Continental
2022-09-19,Beverages_Continental,22574,364.61065727699525,380.69765258215966,0,1,Beverages,Continental
2022-09-26,Beverages_Continental,14255,359.9824731182796,372.379623655914,0,1,Beverages,Continental
2022-10-03,Beverages_Continental,26084,372.5339189189189,384.4602252252252,0,1,Beverages,Continental
2022-10-10,Beverages_Continental,34710,381.64674008810573,386.0496475770925,0,1,Beverages,Continental
2022-10-17,Beverages_Continental,32486,383.0957777777778,388.06502222222224,0,1,Beverages,Continental
2022-10-24,Beverages_Continental,28200,384.64577777777777,388.1048888888889,0,1,Beverages,Continental
2022-10-31,Beverages_Continental,27823,382.68321266968326,387.95619909502267,0,1,Beverages,Continental
2022-11-07,Beverages_Continental,30191,373.04377358490564,381.1935377358491,0,1,Beverages,Continental
2022-11-14,Beverages_Continental,35181,376.5109821428572,384.63433035714286,0,1,Beverages,Continental
2022-11-21,Beverages_Continental,27504,376.65654377880185,383.7085714285714,0,1,Beverages,Continental
2022-11-28,Beverages_Continental,42636,385.0047161572052,387.9987336244542,0,1,Beverages,Continental
2022-12-05,Beverages_Continental,125438,287.1296956521739,388.2653913043478,1,1,Beverages,Continental
2022-12-12,Beverages_Continental,115141,287.0652608695652,384.5943913043479,0,1,Beverages,Continental
2022-12-19,Beverages_Continental,104198,287.3355217391304,384.49439130434786,1,1,Beverages,Continental
2022-12-26,Beverages_Continental,135842,286.96495652173917,384.482,1,1,Beverages,Continental
2023-01-02,Beverages_Continental,131656,304.7902608695652,387.824652173913,0,1,Beverages,Continental
2023-01-09,Beverages_Continental,86567,304.6019565217391,388.29308695652173,0,1,Beverages,Continental
2023-01-16,Beverages_Continental,34325,382.5176315789474,387.52508771929826,0,1,Beverages,Continental
2023-01-23,Beverages_Continental,31267,387.9030263157895,388.66763157894735,0,1,Beverages,Continental
2023-01-30,Beverages_Continental,36868,382.7437826086957,384.3492608695652,0,1,Beverages,Continental
2023-02-06,Beverages_Continental,37548,380.90065217391304,382.9821739130434,0,1,Beverages,Continental
2023-02-13,Beverages_Continental,34950,379.95100436681224,381.9277729257642,0,1,Beverages,Continental
2023-02-20,Beverages_Continental,33711,375.8560526315789,380.26508771929826,0,1,Beverages,Continental
2023-02-27,Beverages_Continental,31122,365.5635652173913,378.7086521739131,0,1,Beverages,Continental
2023-03-06,Beverages_Continental,14893,362.1363265306122,369.373112244898,0,1,Beverages,Continental
2023-03-13,Beverages_Continental,12472,352.88511627906973,359.7323837209302,0,1,Beverages,Continental
2023-03-20,Beverages_Continental,21538,373.34617511520736,381.30299539170505,0,1,Beverages,Continental
2023-03-27,Beverages_Continental,58424,334.28288209606984,383.7103056768559,0,1,Beverages,Continental
2023-04-03,Beverages_Continental,23676,334.3711261261261,383.35545045045046,0,1,Beverages,Continental
2023-04-10,Beverages_Continental,53964,336.54096069868996,384.0877729257642,0,1,Beverages,Continental
2023-04-17,Beverages_Continental,30913,377.5621238938053,382.9168584070797,0,1,Beverages,Continental
2023-04-24,Beverages_Continental,35237,378.4184140969163,382.1788546255507,0,1,Beverages,Continental
2023-05-01,Beverages_Continental,38437,375.110350877193,378.9963157894737,0,1,Beverages,Continental
2023-05-08,Beverages_Continental,35984,376.52117903930133,378.91598253275106,0,1,Beverages,Continental
2023-05-15,Beverages_Continental,28196,379.6415859030837,381.26885462555066,0,1,Beverages,Continental
2023-05-22,Beverages_Continental,25487,379.924140969163,382.20026431718065,0,1,Beverages,Continental
2023-05-29,Beverages_Continental,31617,381.90486842105264,383.967850877193,0,1,Beverages,Continental
2023-06-05,Beverages_Continental,25019,380.85469298245613,382.8072368421053,0,1,Beverages,Continental
2023-06-12,Beverages_Continental,22892,381.0254751131222,383.5113574660633,0,1,Beverages,Continental
2023-06-19,Beverages_Continental,25080,384.40881057268723,385.69325991189424,0,1,Beverages,Continental
2023-06-26,Beverages_Continental,28310,381.9079385964912,383.2811842105263,0,1,Beverages,Continental
2023-07-03,Beverages_Continental,26627,379.4839285714285,381.86035714285714,0,1,Beverages,Continental
2023-07-10,Beverages_Continental,34914,347.2687280701755,382.38109649122805,0,1,Beverages,Continental
2023-07-17,Beverages_Continental,30964,348.85409691629957,382.18555066079296,0,1,Beverages,Continental
2023-07-24,Beverages_Continental,37423,349.318552631579,382.01043859649127,0,1,Beverages,Continental
2023-07-31,Beverages_Continental,38321,348.194375,380.8060267857143,0,1,Beverages,Continental
2023-08-07,Beverages_Continental,31703,346.21823788546254,380.3093832599119,0,1,Beverages,Continental
2023-08-14,Beverages_Continental,30035,342.010701754386,378.73017543859646,0,1,Beverages,Continental
2023-08-21,Beverages_Continental,28094,342.8456828193833,345.28004405286345,0,1,Beverages,Continental
2023-08-28,Beverages_Continental,34788,344.78022026431717,346.94770925110134,0,1,Beverages,Continental
2023-09-04,Beverages_Continental,36369,344.90519823788543,346.132114537445,0,1,Beverages,Continental
2023-09-11,Beverages_Continental,31486,345.76312775330393,347.426872246696,0,1,Beverages,Continental
2023-09-18,Beverages_Continental,24045,345.0417410714286,347.2766071428572,0,1,Beverages,Continental
2023-09-25,Beverages_Continental,33617,317.02825892857146,346.3227232142857,0,1,Beverages,Continental
2023-10-02,Beverages_Continental,37203,316.3412280701755,345.5761403508772,0,1,Beverages,Continental
2023-10-09,Beverages_Continental,35220,314.9525550660793,345.22995594713655,0,1,Beverages,Continental
2023-10-16,Beverages_Continental,34384,316.3704366812227,345.43262008733626,0,1,Beverages,Continental
2023-10-23,Beverages_Continental,31808,320.0708370044053,345.27801762114535,0,1,Beverages,Continental
2023-10-30,Beverages_Continental,47744,320.3685022026432,344.05044052863434,0,1,Beverages,Continental
2023-11-06,Beverages_Continental,46417,317.34792951541846,320.23700440528637,0,1,Beverages,Continental
2023-11-13,Beverages_Continental,41232,316.07372807017543,318.68337719298245,0,0,Beverages,Continental
2023-11-20,Beverages_Continental,36657,304.81662280701755,310.8469298245614,0,0,Beverages,Continental
2023-11-27,Beverages_Continental,50373,317.8088986784141,318.42312775330396,0,0,Beverages,Continental
2023-12-04,Beverages_Continental,56980,301.4024454148472,318.37122270742356,1,1,Beverages,Continental
2023-12-11,Beverages_Continental,70257,301.9613100436681,313.26877729257643,0,1,Beverages,Continental
2023-12-18,Beverages_Continental,54472,302.77772925764197,312.1693013100437,0,1,Beverages,Continental
2023-12-25,Beverages_Continental,33941,302.34128888888887,310.26817777777774,0,1,Beverages,Continental
2024-01-01,Beverages_Continental,94914,302.18471615720523,309.2414410480349,0,1,Beverages,Continental
2024-01-08,Beverages_Continental,39522,378.08219730941704,382.1738565022422,0,1,Beverages,Continental
2024-01-15,Beverages_Continental,16533,367.237641025641,371.76307692307694,0,1,Beverages,Continental
2024-01-22,Beverages_Continental,23653,370.030197044335,373.64665024630546,0,1,Beverages,Continental
2024-01-29,Beverages_Continental,35886,378.2890783410138,381.44907834101383,0,1,Beverages,Continental
2024-02-05,Beverages_Continental,70272,318.2015486725664,396.5594690265487,0,1,Beverages,Continental
2024-02-12,Beverages_Continental,76971,318.142731277533,395.9533039647577,1,1,Beverages,Continental
2024-02-19,Beverages_Continental,72922,318.2964192139738,396.90668122270745,0,1,Beverages,Continental
2024-02-26,Beverages_Continental,37025,331.75026548672565,400.44500000000005,0,1,Beverages,Continental
2024-03-04,Beverages_Continental,34581,333.00395555555554,400.1264444444444,0,1,Beverages,Continental
2024-03-11,Beverages_Continental,32999,331.6953070175439,401.05868421052634,0,1,Beverages,Continental
2024-03-18,Beverages_Continental,27888,335.19559999999996,388.6348888888889,0,1,Beverages,Continental
2024-03-25,Beverages_Continental,35816,348.7980786026201,373.9534497816594,0,1,Beverages,Continental
2024-04-01,Beverages_Continental,39824,349.99594713656387,352.0949779735683,0,1,Beverages,Continental
2024-04-08,Beverages_Continental,26907,349.47628440366975,349.9252293577982,0,1,Beverages,Continental
2024-04-15,Beverages_Continental,38151,349.460347826087,349.81186956521736,0,1,Beverages,Continental
2024-04-22,Beverages_Continental,49764,320.2807826086957,349.81621739130435,1,1,Beverages,Continental
2024-04-29,Beverages_Continental,32890,403.301592920354,402.38659292035396,0,1,Beverages,Continental
2024-05-06,Beverages_Continental,30176,402.89621621621626,402.2912162162162,0,1,Beverages,Continental
2024-05-13,Beverages_Continental,31798,349.4049130434783,403.99191304347823,0,1,Beverages,Continental
2024-05-20,Beverages_Continental,31164,347.7578695652174,403.1543913043478,0,1,Beverages,Continental
2024-05-27,Beverages_Continental,38246,349.13707423580786,403.7587336244541,0,1,Beverages,Continental
2024-06-03,Beverages_Continental,32236,364.51388646288206,418.7835371179039,0,1,Beverages,Continental
2024-06-10,Beverages_Continental,28402,372.7890350877193,426.94688596491227,0,1,Beverages,Continental
2024-06-17,Beverages_Continental,71591,326.6958260869565,426.199652173913,1,1,Beverages,Continental
2024-06-24,Beverages_Continental,58082,326.79982608695656,424.59634782608697,0,1,Beverages,Continental
2024-07-01,Beverages_Continental,66402,328.11339130434783,393.50365217391305,0,1,Beverages,Continental
2024-07-08,Beverages_Continental,62690,327.65539130434786,386.1831739130435,1,1,Beverages,Continental
2024-07-15,Beverages_Continental,29061,370.608947368421,385.1429824561404,0,1,Beverages,Continental
2024-07-22,Beverages_Continental,32719,373.2512775330396,373.0350660792951,0,1,Beverages,Continental
2024-07-29,Beverages_Continental,37369,370.43969298245617,371.01842105263154,0,1,Beverages,Continental
2024-08-05,Beverages_Continental,37672,369.9737280701754,370.50030701754383,0,1,Beverages,Continental
2024-08-12,Beverages_Continental,29645,370.37350877192983,370.1602631578947,0,1,Beverages,Continental
2024-08-19,Beverages_Continental,13454,371.34504587155965,370.873119266055,0,1,Beverages,Continental
2024-08-26,Beverages_Continental,15012,371.67213636363635,370.8411363636364,0,1,Beverages,Continental
2024-09-02,Beverages_Continental,35534,371.83586956521737,371.54369565217394,0,1,Beverages,Continental
2024-09-09,Beverages_Continental,27921,372.30605263157895,372.3167105263158,0,1,Beverages,Continental
2024-09-16,Beverages_Continental,26984,372.4457333333333,372.8153777777778,0,1,Beverages,Continental
2024-09-23,Beverages_Continental,26245,371.7549561403509,372.37,0,1,Beverages,Continental
2024-09-30,Beverages_Continental,28903,369.7133920704846,370.95872246696035,0,1,Beverages,Continental
2024-10-07,Beverages_Continental,29204,368.8990707964602,369.6108849557522,0,1,Beverages,Continental
