data/csv/orders_real.csv
date,dish_name,quantity_sold,checkout_price,base_price,emailer_for_promotion,homepage_featured,category,cuisine
2022-01-03,Beverages_Indian,12997,263.8405882352941,303.24073529411766,0,1,Beverages,Indian
2022-01-10,Beverages_Indian,49435,173.10004926108374,295.16758620689654,1,1,Beverages,Indian
2022-01-17,Beverages_Indian,30786,174.03597014925376,295.37482587064676,0,1,Beverages,Indian
2022-01-24,Beverages_Indian,27716,176.56010050251257,296.0931155778894,0,1,Beverages,Indian
2022-01-31,Beverages_Indian,23172,181.18748691099475,285.6116753926702,0,1,Beverages,Indian
2022-02-07,Beverages_Indian,6823,299.0988571428572,303.4136,0,1,Beverages,Indian
2022-02-14,Beverages_Indian,3800,316.9505072463768,316.6323913043478,0,1,Beverages,Indian
2022-02-21,Beverages_Indian,5876,291.1453086419753,293.2633950617284,0,1,Beverages,Indian
2022-02-28,Beverages_Indian,6747,298.94580110497236,308.62331491712706,0,1,Beverages,Indian
2022-03-07,Beverages_Indian,6835,295.3656989247312,305.28258064516126,0,1,Beverages,Indian
2022-03-14,Beverages_Indian,6846,300.9336413043478,313.3658695652174,0,1,Beverages,Indian
2022-03-21,Beverages_Indian,7357,298.5152406417112,308.03058823529415,0,1,Beverages,Indian
2022-03-28,Beverages_Indian,6317,305.1882738095238,306.65720238095236,0,1,Beverages,Indian
2022-04-04,Beverages_Indian,7977,273.13464285714286,304.14178571428573,0,1,Beverages,Indian
2022-04-11,Beverages_Indian,37517,172.7365240641711,295.95732620320854,1,1,Beverages,Indian
2022-04-18,Beverages_Indian,29712,175.64484374999998,297.08760416666667,0,1,Beverages,Indian
2022-04-25,Beverages_Indian,24785,166.43662983425415,292.9227624309392,0,1,Beverages,Indian
2022-05-02,Beverages_Indian,22311,183.77901554404144,302.8056994818653,0,1,Beverages,Indian
2022-05-09,Beverages_Indian,7318,295.02389830508474,305.7978531073446,0,1,Beverages,Indian
2022-05-16,Beverages_Indian,5561,300.2997041420118,304.07136094674553,0,1,Beverages,Indian
2022-05-23,Beverages_Indian,9029,256.13787234042553,308.41228723404254,0,1,Beverages,Indian
2022-05-30,Beverages_Indian,9393,246.4450561797753,307.31971910112355,0,1,Beverages,Indian
2022-06-06,Beverages_Indian,14436,222.49149253731343,309.683631840796,1,1,Beverages,Indian
2022-06-13,Beverages_Indian,20446,177.0532085561497,296.91871657754007,1,1,Beverages,Indian
2022-06-20,Beverages_Indian,17507,184.9362755102041,300.08061224489796,0,1,Beverages,Indian
2022-06-27,Beverages_Indian,17631,191.13040404040404,303.3838888888889,0,1,Beverages,Indian
2022-07-04,Beverages_Indian,14241,179.09386597938143,296.14752577319587,0,1,Beverages,Indian
2022-07-11,Beverages_Indian,9839,196.33155440414507,296.67642487046635,0,1,Beverages,Indian
2022-07-18,Beverages_Indian,10953,190.82708542713567,274.4589949748744,0,1,Beverages,Indian
2022-07-25,Beverages_Indian,16215,194.14857843137253,264.4190196078431,1,1,Beverages,Indian
2022-08-01,Beverages_Indian,16378,195.81814634146343,260.74658536585366,0,1,Beverages,Indian
2022-08-08,Beverages_Indian,18149,194.20323529411763,253.79098039215685,1,1,Beverages,Indian
2022-08-15,Beverages_Indian,16657,192.70754901960782,246.24936274509804,1,1,Beverages,Indian
2022-08-22,Beverages_Indian,16824,190.88396039603958,232.50034653465346,1,1,Beverages,Indian
2022-08-29,Beverages_Indian,15250,191.61868932038834,224.54980582524271,0,1,Beverages,Indian
2022-09-05,Beverages_Indian,15360,191.58729468599034,215.3624154589372,0,1,Beverages,Indian
2022-09-12,Beverages_Indian,15982,195.22654028436017,216.56758293838863,0,1,Beverages,Indian
2022-09-19,Beverages_Indian,15680,191.03482051282052,206.78487179487178,0,1,Beverages,Indian
2022-09-26,Beverages_Indian,15762,195.11070754716982,208.01938679245282,0,1,Beverages,Indian
2022-10-03,Beverages_Indian,17158,186.87626794258372,202.37985645933014,0,1,Beverages,Indian
2022-10-10,Beverages_Indian,28319,172.2106730769231,200.18576923076924,1,1,Beverages,Indian
2022-10-17,Beverages_Indian,28742,174.01142180094786,201.66530805687202,1,1,Beverages,Indian
2022-10-24,Beverages_Indian,13251,193.38029268292684,199.6580487804878,0,1,Beverages,Indian
2022-10-31,Beverages_Indian,13405,195.1081862745098,199.48671568627452,0,1,Beverages,Indian
2022-11-07,Beverages_Indian,11766,193.3961809045226,196.20914572864322,0,1,Beverages,Indian
2022-11-14,Beverages_Indian,12030,192.62535353535353,195.32777777777778,0,1,Beverages,Indian
2022-11-21,Beverages_Indian,11625,188.97882352941176,198.09617647058826,0,1,Beverages,Indian
2022-11-28,Beverages_Indian,17314,173.90024752475247,195.38163366336633,0,1,Beverages,Indian
2022-12-05,Beverages_Indian,16648,171.63676470588237,192.2587745098039,0,1,Beverages,Indian
2022-12-12,Beverages_Indian,15020,175.85917874396134,196.6916425120773,0,1,Beverages,Indian
2022-12-19,Beverages_Indian,13652,176.10132352941176,195.99911764705882,0,1,Beverages,Indian
2022-12-26,Beverages_Indian,15449,190.24182692307693,195.5552403846154,0,1,Beverages,Indian
2023-01-02,Beverages_Indian,13534,192.0521782178218,192.04544554455447,0,1,Beverages,Indian
2023-01-09,Beverages_Indian,14266,183.65706806282722,185.46837696335078,0,1,Beverages,Indian
2023-01-16,Beverages_Indian,13351,194.76095693779905,195.55215311004784,0,1,Beverages,Indian
2023-01-23,Beverages_Indian,12781,192.99206896551723,193.38448275862066,0,1,Beverages,Indian
2023-01-30,Beverages_Indian,13102,195.91023696682464,196.10549763033174,0,0,Beverages,Indian
2023-02-06,Beverages_Indian,12523,193.39900497512437,193.78402985074626,0,1,Beverages,Indian
2023-02-13,Beverages_Indian,13923,195.19555,195.51045,0,1,Beverages,Indian
2023-02-20,Beverages_Indian,15096,197.2727358490566,197.52066037735847,0,1,Beverages,Indian
2023-02-27,Beverages_Indian,13782,195.73410891089108,195.92499999999998,0,1,Beverages,Indian
2023-03-06,Beverages_Indian,6443,189.5327777777778,189.597,0,1,Beverages,Indian
2023-03-13,Beverages_Indian,13267,196.00985714285713,196.5151904761905,0,1,Beverages,Indian
2023-03-20,Beverages_Indian,13162,194.9928431372549,195.46421568627449,0,1,Beverages,Indian
2023-03-27,Beverages_Indian,12794,197.26837209302323,197.9026511627907,0,1,Beverages,Indian
2023-04-03,Beverages_Indian,13378,196.4512077294686,196.77685990338162,0,1,Beverages,Indian
2023-04-10,Beverages_Indian,13924,192.83143564356433,195.75945544554455,0,1,Beverages,Indian
2023-04-17,Beverages_Indian,42247,148.4139436619718,196.5075117370892,1,1,Beverages,Indian
2023-04-24,Beverages_Indian,34114,147.93155660377357,195.6604245283019,1,1,Beverages,Indian
2023-05-01,Beverages_Indian,25027,147.23555555555555,194.83541062801933,0,1,Beverages,Indian
2023-05-08,Beverages_Indian,23383,147.79961352657006,194.61574879227052,0,1,Beverages,Indian
2023-05-15,Beverages_Indian,12061,186.9091089108911,197.13539603960396,0,1,Beverages,Indian
2023-05-22,Beverages_Indian,12577,194.54048309178742,196.55149758454104,0,1,Beverages,Indian
2023-05-29,Beverages_Indian,12928,192.30916666666667,193.27338235294116,0,1,Beverages,Indian
2023-06-05,Beverages_Indian,13282,192.99360975609753,193.76634146341462,0,1,Beverages,Indian
2023-06-12,Beverages_Indian,13791,191.66561320754718,194.4675,0,1,Beverages,Indian
2023-06-19,Beverages_Indian,19664,155.2685507246377,194.03072463768117,0,1,Beverages,Indian
2023-06-26,Beverages_Indian,19264,154.71673076923076,193.45947115384615,0,1,Beverages,Indian
2023-07-03,Beverages_Indian,20154,157.61933014354068,195.93095693779904,0,1,Beverages,Indian
2023-07-10,Beverages_Indian,18796,154.1040291262136,193.96660194174754,0,1,Beverages,Indian
2023-07-17,Beverages_Indian,12584,185.92475,192.5341,0,1,Beverages,Indian
2023-07-24,Beverages_Indian,12063,195.49360576923075,196.46855769230768,0,1,Beverages,Indian
2023-07-31,Beverages_Indian,12242,196.2128217821782,197.10445544554455,0,1,Beverages,Indian
2023-08-07,Beverages_Indian,11308,194.1040909090909,195.81843434343432,0,1,Beverages,Indian
2023-08-14,Beverages_Indian,31265,156.08933014354065,195.26684210526315,1,1,Beverages,Indian
2023-08-21,Beverages_Indian,27106,158.37535545023695,197.45616113744074,0,1,Beverages,Indian
2023-08-28,Beverages_Indian,23562,159.1321568627451,197.2447549019608,0,1,Beverages,Indian
2023-09-04,Beverages_Indian,19931,163.82290476190474,200.41714285714286,0,1,Beverages,Indian
2023-09-11,Beverages_Indian,21412,157.34366666666665,195.44547619047617,0,1,Beverages,Indian
2023-09-18,Beverages_Indian,15214,196.3081690140845,197.78943661971832,0,1,Beverages,Indian
2023-09-25,Beverages_Indian,15632,198.72674418604652,199.78274418604653,0,1,Beverages,Indian
2023-10-02,Beverages_Indian,14383,199.3237914691943,200.17796208530802,0,1,Beverages,Indian
2023-10-09,Beverages_Indian,14334,200.7529906542056,201.27116822429906,0,1,Beverages,Indian
2023-10-16,Beverages_Indian,14326,201.72746411483254,201.90703349282296,0,1,Beverages,Indian
2023-10-23,Beverages_Indian,14704,200.06817307692307,200.59134615384616,0,1,Beverages,Indian
2023-10-30,Beverages_Indian,13113,200.61158653846152,200.85817307692307,0,1,Beverages,Indian
2023-11-06,Beverages_Indian,14130,197.61140096618357,198.3233816425121,0,1,Beverages,Indian
2023-11-13,Beverages_Indian,12915,198.8299523809524,199.6317619047619,0,1,Beverages,Indian
2023-11-20,Beverages_Indian,12574,188.89573529411763,197.60004901960784,0,0,Beverages,Indian
2023-11-27,Beverages_Indian,21424,159.97744075829382,197.14170616113745,0,1,Beverages,Indian
2023-12-04,Beverages_Indian,18903,160.1289268292683,196.95760975609755,0,1,Beverages,Indian
2023-12-11,Beverages_Indian,16343,154.48,193.19371287128712,0,1,Beverages,Indian
2023-12-18,Beverages_Indian,4528,143.11802816901408,184.66901408450704,0,1,Beverages,Indian
2023-12-25,Beverages_Indian,8431,149.435,188.90851648351648,0,1,Beverages,Indian
2024-01-01,Beverages_Indian,20241,163.21488372093023,187.86558139534884,0,0,Beverages,Indian
2024-01-08,Beverages_Indian,14640,195.60568720379146,195.79156398104263,0,1,Beverages,Indian
2024-01-15,Beverages_Indian,14800,198.97150943396227,199.4505188679245,0,1,Beverages,Indian
2024-01-22,Beverages_Indian,13548,197.13169014084505,198.12873239436618,0,1,Beverages,Indian
2024-01-29,Beverages_Indian,13605,199.12307692307692,199.26067307692307,0,1,Beverages,Indian
2024-02-05,Beverages_Indian,13652,199.15338028169012,199.52525821596242,0,1,Beverages,Indian
2024-02-12,Beverages_Indian,14611,199.24785046728974,199.38257009345793,0,1,Beverages,Indian
2024-02-19,Beverages_Indian,15039,198.30709523809523,198.63042857142858,0,1,Beverages,Indian
2024-02-26,Beverages_Indian,16294,199.41986111111112,199.98569444444442,0,1,Beverages,Indian
2024-03-04,Beverages_Indian,13160,200.291327014218,200.59748815165878,0,0,Beverages,Indian
2024-03-11,Beverages_Indian,14278,197.21635922330097,197.85849514563105,0,1,Beverages,Indian
2024-03-18,Beverages_Indian,13559,198.1352912621359,199.11349514563105,0,1,Beverages,Indian
2024-03-25,Beverages_Indian,14186,198.99454545454546,199.04736842105262,0,1,Beverages,Indian
2024-04-01,Beverages_Indian,14209,197.97509803921568,198.3979411764706,0,1,Beverages,Indian
2024-04-08,Beverages_Indian,13014,197.0552709359606,197.30152709359606,0,1,Beverages,Indian
2024-04-15,Beverages_Indian,12641,198.91197044334973,199.92556650246306,0,1,Beverages,Indian
2024-04-22,Beverages_Indian,33896,156.62581395348835,195.16186046511626,1,1,Beverages,Indian
2024-04-29,Beverages_Indian,20286,156.59246445497632,194.76355450236966,0,1,Beverages,Indian
2024-05-06,Beverages_Indian,11050,164.6013917525773,200.41139175257732,0,1,Beverages,Indian
2024-05-13,Beverages_Indian,20157,157.28307692307692,195.2537019230769,0,1,Beverages,Indian
2024-05-20,Beverages_Indian,10450,206.96575,207.47844999999998,0,1,Beverages,Indian
2024-05-27,Beverages_Indian,11589,200.38183673469385,207.55928571428572,0,1,Beverages,Indian
2024-06-03,Beverages_Indian,10782,202.76212121212123,210.3091414141414,0,1,Beverages,Indian
2024-06-10,Beverages_Indian,11638,200.0808878504673,207.79200934579438,0,1,Beverages,Indian
2024-06-17,Beverages_Indian,13718,198.05004807692305,205.4139423076923,0,1,Beverages,Indian
2024-06-24,Beverages_Indian,12700,202.42038834951455,210.14033980582522,0,1,Beverages,Indian
2024-07-01,Beverages_Indian,12260,205.6709813084112,212.81556074766354,0,1,Beverages,Indian
2024-07-08,Beverages_Indian,10361,206.62087378640777,208.4354854368932,0,1,Beverages,Indian
2024-07-15,Beverages_Indian,11389,206.29473170731706,208.94463414634146,0,0,Beverages,Indian
2024-07-22,Beverages_Indian,45203,159.45674528301888,202.76117924528302,1,1,Beverages,Indian
2024-07-29,Beverages_Indian,27762,159.0662857142857,201.89190476190478,0,1,Beverages,Indian
2024-08-05,Beverages_Indian,25221,161.86101851851853,204.0627314814815,0,1,Beverages,Indian
2024-08-12,Beverages_Indian,22761,161.73390476190477,203.6865238095238,0,1,Beverages,Indian
2024-08-19,Beverages_Indian,19728,162.16061611374408,202.8829857819905,0,1,Beverages,Indian
2024-08-26,Beverages_Indian,18203,147.5911055276382,190.69195979899496,0,1,Beverages,Indian
2024-09-02,Beverages_Indian,21020,160.0708256880734,199.01724770642204,0,1,Beverages,Indian
2024-09-09,Beverages_Indian,13766,197.62775119617223,198.5532057416268,0,1,Beverages,Indian
2024-09-16,Beverages_Indian,14067,199.48397196261683,200.1682710280374,0,1,Beverages,Indian
2024-09-23,Beverages_Indian,13559,200.36981481481482,200.9500925925926,0,1,Beverages,Indian
2024-09-30,Beverages_Indian,13544,198.49658653846154,198.5425,0,1,Beverages,Indian
2024-10-07,Beverages_Indian,14252,199.6372380952381,200.26095238095235,0,1,Beverages,Indian
