data/csv/orders_real.csv
date,dish_name,quantity_sold,checkout_price,base_price,emailer_for_promotion,homepage_featured,category,cuisine
2022-01-03,Beverages_Italian,96898,181.0964069264069,187.37896103896105,0,1,Beverages,Italian
2022-01-10,Beverages_Italian,90838,184.5345652173913,190.9891304347826,0,0,Beverages,Italian
2022-01-17,Beverages_Italian,96811,184.41242424242424,190.94181818181818,0,1,Beverages,Italian
2022-01-24,Beverages_Italian,102213,184.37727272727273,190.99744588744588,0,0,Beverages,Italian
2022-01-31,Beverages_Italian,87412,183.70276315789476,186.29872807017543,0,0,Beverages,Italian
2022-02-07,Beverages_Italian,82435,179.5302202643172,189.1714537444934,0,0,Beverages,Italian
2022-02-14,Beverages_Italian,91591,180.3936563876652,188.48920704845816,0,1,Beverages,Italian
2022-02-21,Beverages_Italian,74974,181.10726872246696,188.46947136563875,0,0,Beverages,Italian
2022-02-28,Beverages_Italian,101343,181.10530701754388,187.88026315789472,0,0,Beverages,Italian
2022-03-07,Beverages_Italian,95186,181.39635964912281,187.8304385964912,0,0,Beverages,Italian
2022-03-14,Beverages_Italian,98182,178.91855263157896,185.18434210526314,0,0,Beverages,Italian
2022-03-21,Beverages_Italian,99863,181.35471365638764,190.1585462555066,0,0,Beverages,Italian
2022-03-28,Beverages_Italian,87088,183.57736842105263,191.87570175438594,0,1,Beverages,Italian
2022-04-04,Beverages_Italian,80838,183.6743859649123,191.77131578947368,0,1,Beverages,Italian
2022-04-11,Beverages_Italian,87190,183.9642543859649,192.0373684210526,0,1,Beverages,Italian
2022-04-18,Beverages_Italian,82647,184.41293859649124,191.91105263157894,0,1,Beverages,Italian
2022-04-25,Beverages_Italian,112656,170.15464912280703,189.99258771929823,1,1,Beverages,Italian
2022-05-02,Beverages_Italian,108645,168.55127192982457,187.43741228070178,1,1,Beverages,Italian
2022-05-09,Beverages_Italian,106051,179.05456140350879,191.70657894736843,0,1,Beverages,Italian
2022-05-16,Beverages_Italian,102665,180.71735682819386,192.93233480176212,0,1,Beverages,Italian
2022-05-23,Beverages_Italian,116197,181.21315789473684,192.6430701754386,0,1,Beverages,Italian
2022-05-30,Beverages_Italian,118759,181.6517105263158,192.72842105263157,0,1,Beverages,Italian
2022-06-06,Beverages_Italian,114664,182.01214912280702,192.37228070175436,0,1,Beverages,Italian
2022-06-13,Beverages_Italian,99765,187.58592105263156,193.21105263157895,0,1,Beverages,Italian
2022-06-20,Beverages_Italian,97987,190.1319298245614,196.02890350877192,0,1,Beverages,Italian
2022-06-27,Beverages_Italian,103599,189.78837004405287,195.3007488986784,0,1,Beverages,Italian
2022-07-04,Beverages_Italian,95388,189.94473684210527,195.43438596491228,0,1,Beverages,Italian
2022-07-11,Beverages_Italian,86493,189.51519823788544,195.28444933920704,0,0,Beverages,Italian
2022-07-18,Beverages_Italian,90081,187.37723684210528,193.32416666666668,0,0,Beverages,Italian
2022-07-25,Beverages_Italian,98163,182.1638961038961,190.1838528138528,0,0,Beverages,Italian
2022-08-01,Beverages_Italian,108308,180.4165367965368,187.974329004329,0,1,Beverages,Italian
2022-08-08,Beverages_Italian,118148,179.58575757575755,187.48147186147187,1,1,Beverages,Italian
2022-08-15,Beverages_Italian,108166,180.65839826839826,187.68238095238095,0,1,Beverages,Italian
2022-08-22,Beverages_Italian,105038,181.10718614718616,187.7860173160173,0,1,Beverages,Italian
2022-08-29,Beverages_Italian,105594,181.2726406926407,188.18441558441558,0,1,Beverages,Italian
2022-09-05,Beverages_Italian,105868,181.77272727272728,188.3334632034632,0,0,Beverages,Italian
2022-09-12,Beverages_Italian,97698,188.28978354978355,193.89588744588744,0,0,Beverages,Italian
2022-09-19,Beverages_Italian,92497,190.08636363636361,195.77865800865803,0,1,Beverages,Italian
2022-09-26,Beverages_Italian,106118,189.83757575757573,195.59969696969696,0,1,Beverages,Italian
2022-10-03,Beverages_Italian,101364,189.66030303030303,195.59155844155845,0,1,Beverages,Italian
2022-10-10,Beverages_Italian,87795,194.91221739130432,194.9205652173913,0,1,Beverages,Italian
2022-10-17,Beverages_Italian,83468,196.4109090909091,196.5631168831169,0,0,Beverages,Italian
2022-10-24,Beverages_Italian,87034,196.14662337662338,196.21683982683982,0,0,Beverages,Italian
2022-10-31,Beverages_Italian,95013,194.68099567099566,194.6420346320346,0,0,Beverages,Italian
2022-11-07,Beverages_Italian,100686,186.9122077922078,193.6995670995671,0,0,Beverages,Italian
2022-11-14,Beverages_Italian,96605,186.6983116883117,193.20588744588744,0,0,Beverages,Italian
2022-11-21,Beverages_Italian,77137,187.80117391304347,193.85786956521738,0,0,Beverages,Italian
2022-11-28,Beverages_Italian,105967,183.47679653679654,194.74883116883115,1,1,Beverages,Italian
2022-12-05,Beverages_Italian,87631,183.28151515151515,194.40606060606058,0,1,Beverages,Italian
2022-12-12,Beverages_Italian,81099,183.31471615720523,194.1786462882096,0,1,Beverages,Italian
2022-12-19,Beverages_Italian,33923,183.45837719298245,194.13171052631577,0,1,Beverages,Italian
2022-12-26,Beverages_Italian,86675,183.7131168831169,194.3920346320346,0,0,Beverages,Italian
2023-01-02,Beverages_Italian,100740,183.93748917748917,194.33744588744588,0,0,Beverages,Italian
2023-01-09,Beverages_Italian,57471,183.5148908296943,192.03982532751093,0,0,Beverages,Italian
2023-01-16,Beverages_Italian,105433,184.22147186147188,184.68354978354978,0,0,Beverages,Italian
2023-01-23,Beverages_Italian,96043,192.61329004329005,193.15982683982682,0,0,Beverages,Italian
2023-01-30,Beverages_Italian,117479,180.8964069264069,189.25623376623378,0,0,Beverages,Italian
2023-02-06,Beverages_Italian,112860,179.49246753246754,187.55584415584417,0,0,Beverages,Italian
2023-02-13,Beverages_Italian,104983,179.8425541125541,186.57640692640695,0,0,Beverages,Italian
2023-02-20,Beverages_Italian,96419,180.54735930735933,187.31545454545454,0,0,Beverages,Italian
2023-02-27,Beverages_Italian,106337,180.95835497835498,187.1069264069264,0,0,Beverages,Italian
2023-03-06,Beverages_Italian,39869,187.2538864628821,193.25379912663755,0,0,Beverages,Italian
2023-03-13,Beverages_Italian,83101,189.43800865800867,195.0674458874459,0,0,Beverages,Italian
2023-03-20,Beverages_Italian,83183,189.31225108225107,194.8664069264069,0,0,Beverages,Italian
2023-03-27,Beverages_Italian,101268,181.8677489177489,193.8961471861472,0,1,Beverages,Italian
2023-04-03,Beverages_Italian,109866,182.20497835497835,193.91779220779222,0,0,Beverages,Italian
2023-04-10,Beverages_Italian,111238,182.46545454545452,193.8961471861472,0,0,Beverages,Italian
2023-04-17,Beverages_Italian,97082,183.25645021645022,188.59251082251083,0,0,Beverages,Italian
2023-04-24,Beverages_Italian,83864,189.59034632034633,189.52108225108228,0,0,Beverages,Italian
2023-05-01,Beverages_Italian,52492,187.94865217391305,188.00865217391302,0,1,Beverages,Italian
2023-05-08,Beverages_Italian,96436,187.88207792207794,187.92813852813853,0,1,Beverages,Italian
2023-05-15,Beverages_Italian,115845,182.28567099567098,188.25411255411254,1,1,Beverages,Italian
2023-05-22,Beverages_Italian,97770,182.61965367965368,188.3448051948052,0,1,Beverages,Italian
2023-05-29,Beverages_Italian,115807,178.24190476190475,187.52844155844156,1,1,Beverages,Italian
2023-06-05,Beverages_Italian,100737,180.898658008658,187.02887445887444,0,1,Beverages,Italian
2023-06-12,Beverages_Italian,82011,183.45554112554115,188.08073593073593,0,1,Beverages,Italian
2023-06-19,Beverages_Italian,73070,195.0122077922078,195.31147186147186,0,0,Beverages,Italian
2023-06-26,Beverages_Italian,76167,195.10679653679654,195.1774025974026,0,0,Beverages,Italian
2023-07-03,Beverages_Italian,72185,194.2346288209607,194.45013100436682,0,1,Beverages,Italian
2023-07-10,Beverages_Italian,85615,194.8944347826087,195.0248695652174,0,0,Beverages,Italian
2023-07-17,Beverages_Italian,79159,194.87834782608695,195.26921739130435,0,0,Beverages,Italian
2023-07-24,Beverages_Italian,87289,195.26519480519482,195.58987012987015,0,0,Beverages,Italian
2023-07-31,Beverages_Italian,122293,178.3961038961039,192.15242424242425,1,1,Beverages,Italian
2023-08-07,Beverages_Italian,95096,193.78658008658007,194.62233766233769,0,1,Beverages,Italian
2023-08-14,Beverages_Italian,91384,194.2988260869565,194.84960869565217,0,1,Beverages,Italian
2023-08-21,Beverages_Italian,100902,181.90960869565217,195.04521739130436,0,1,Beverages,Italian
2023-08-28,Beverages_Italian,104724,182.37753246753246,195.05904761904762,0,0,Beverages,Italian
2023-09-04,Beverages_Italian,114443,170.0605194805195,191.35805194805195,0,1,Beverages,Italian
2023-09-11,Beverages_Italian,111887,169.21861471861473,189.37987012987014,0,1,Beverages,Italian
2023-09-18,Beverages_Italian,89417,178.99683982683982,187.7991341991342,0,1,Beverages,Italian
2023-09-25,Beverages_Italian,115008,169.41717391304348,186.53160869565215,0,1,Beverages,Italian
2023-10-02,Beverages_Italian,103904,169.17519480519482,184.57536796536797,0,0,Beverages,Italian
2023-10-09,Beverages_Italian,110064,169.62030303030303,184.14000000000001,0,0,Beverages,Italian
2023-10-16,Beverages_Italian,106725,169.6508658008658,179.82774891774892,1,1,Beverages,Italian
2023-10-23,Beverages_Italian,95545,169.1560173160173,177.16848484848484,0,1,Beverages,Italian
2023-10-30,Beverages_Italian,103831,169.77649350649352,177.08493506493508,0,0,Beverages,Italian
2023-11-06,Beverages_Italian,45305,168.63908695652174,176.50234782608695,0,1,Beverages,Italian
2023-11-13,Beverages_Italian,97919,168.46852813852814,168.7609090909091,0,0,Beverages,Italian
2023-11-20,Beverages_Italian,84254,169.2234632034632,169.2061471861472,0,1,Beverages,Italian
2023-11-27,Beverages_Italian,116700,169.32242424242426,169.33974025974027,0,0,Beverages,Italian
2023-12-04,Beverages_Italian,89269,168.58930735930736,168.99670995670994,1,0,Beverages,Italian
2023-12-11,Beverages_Italian,81480,168.62295652173913,168.5976956521739,1,0,Beverages,Italian
2023-12-18,Beverages_Italian,66194,169.2676086956522,169.25586956521738,1,1,Beverages,Italian
2023-12-25,Beverages_Italian,101723,169.55060606060607,169.5592640692641,0,0,Beverages,Italian
2024-01-01,Beverages_Italian,103346,169.08805194805197,169.18974025974026,0,0,Beverages,Italian
2024-01-08,Beverages_Italian,102010,169.39367965367967,169.39367965367967,0,0,Beverages,Italian
2024-01-15,Beverages_Italian,98687,172.06778260869567,172.0434347826087,0,0,Beverages,Italian
2024-01-22,Beverages_Italian,97270,172.5905194805195,172.44766233766236,0,0,Beverages,Italian
2024-01-29,Beverages_Italian,104030,187.54904761904763,187.67025974025975,0,0,Beverages,Italian
2024-02-05,Beverages_Italian,81980,192.6030735930736,192.5251515151515,0,0,Beverages,Italian
2024-02-12,Beverages_Italian,79611,192.44588744588745,192.7252380952381,0,0,Beverages,Italian
2024-02-19,Beverages_Italian,88209,192.28320346320345,192.55099567099566,0,0,Beverages,Italian
2024-02-26,Beverages_Italian,117665,178.94683982683983,192.08277056277058,0,1,Beverages,Italian
2024-03-04,Beverages_Italian,112958,178.92099567099567,192.10770562770563,1,1,Beverages,Italian
2024-03-11,Beverages_Italian,98166,179.04857142857142,191.02012987012986,0,1,Beverages,Italian
2024-03-18,Beverages_Italian,105924,177.7238528138528,190.2757142857143,1,1,Beverages,Italian
2024-03-25,Beverages_Italian,110926,182.39591304347826,192.50752173913045,0,1,Beverages,Italian
2024-04-01,Beverages_Italian,108033,182.48935064935065,192.78861471861472,0,1,Beverages,Italian
2024-04-08,Beverages_Italian,110138,185.54316017316017,195.52160173160172,0,0,Beverages,Italian
2024-04-15,Beverages_Italian,99841,186.14691304347826,195.47752173913045,0,0,Beverages,Italian
2024-04-22,Beverages_Italian,89253,196.53130434782608,196.90308695652175,0,1,Beverages,Italian
2024-04-29,Beverages_Italian,94473,195.74389610389608,195.70060606060605,0,0,Beverages,Italian
2024-05-06,Beverages_Italian,81088,195.3891739130435,195.27178260869567,0,0,Beverages,Italian
2024-05-13,Beverages_Italian,110066,183.18848484848485,195.0103896103896,1,1,Beverages,Italian
2024-05-20,Beverages_Italian,108659,183.38683982683983,194.42238095238096,1,1,Beverages,Italian
2024-05-27,Beverages_Italian,121224,183.82926406926407,195.00419913419913,1,1,Beverages,Italian
2024-06-03,Beverages_Italian,118789,182.7730735930736,194.7477922077922,0,1,Beverages,Italian
2024-06-10,Beverages_Italian,87741,194.87204347826088,194.98391304347828,0,1,Beverages,Italian
2024-06-17,Beverages_Italian,82116,195.7683116883117,195.7809090909091,0,1,Beverages,Italian
2024-06-24,Beverages_Italian,95182,195.96069264069263,196.15463203463204,0,1,Beverages,Italian
2024-07-01,Beverages_Italian,98409,196.44320346320345,196.49108225108225,0,1,Beverages,Italian
2024-07-08,Beverages_Italian,110970,179.81316017316018,196.59722943722943,1,1,Beverages,Italian
2024-07-15,Beverages_Italian,98570,180.2821645021645,196.0769264069264,0,1,Beverages,Italian
2024-07-22,Beverages_Italian,101150,179.95934782608697,195.17886956521738,0,1,Beverages,Italian
2024-07-29,Beverages_Italian,79440,186.90406926406925,192.7874458874459,0,1,Beverages,Italian
2024-08-05,Beverages_Italian,98539,183.5712554112554,189.8904329004329,0,1,Beverages,Italian
2024-08-12,Beverages_Italian,90188,184.51463203463203,189.94186147186147,0,0,Beverages,Italian
2024-08-19,Beverages_Italian,85586,193.36757575757576,193.70233766233764,0,1,Beverages,Italian
2024-08-26,Beverages_Italian,95867,196.42389610389608,196.63424242424244,0,0,Beverages,Italian
2024-09-02,Beverages_Italian,102477,197.63839826839828,197.95160173160173,0,0,Beverages,Italian
2024-09-09,Beverages_Italian,97686,195.59878787878787,196.1425541125541,0,0,Beverages,Italian
2024-09-16,Beverages_Italian,100274,191.07238095238097,192.9138095238095,0,0,Beverages,Italian
2024-09-23,Beverages_Italian,109496,191.25567099567098,192.93675324675326,0,0,Beverages,Italian
2024-09-30,Beverages_Italian,107626,189.27530434782608,190.9855652173913,0,0,Beverages,Italian
2024-10-07,Beverages_Italian,101967,187.84017391304346,189.60821739130435,1,1,Beverages,Italian
