data/csv/orders_real.csv
date,dish_name,quantity_sold,checkout_price,base_price,emailer_for_promotion,homepage_featured,category,cuisine
2022-01-03,Beverages_Thai,138024,125.10108225108226,125.87753246753246,0,1,Beverages,Thai
2022-01-10,Beverages_Thai,171415,114.41428571428571,125.7960606060606,1,1,Beverages,Thai
2022-01-17,Beverages_Thai,146118,114.50895652173914,125.9545652173913,0,1,Beverages,Thai
2022-01-24,Beverages_Thai,148118,124.49601731601733,125.7912987012987,0,1,Beverages,Thai
2022-01-31,Beverages_Thai,128993,129.26608888888887,128.3203111111111,0,1,Beverages,Thai
2022-02-07,Beverages_Thai,123068,129.42053097345132,128.64163716814159,0,1,Beverages,Thai
2022-02-14,Beverages_Thai,130539,128.96506607929516,128.66211453744492,0,1,Beverages,Thai
2022-02-21,Beverages_Thai,166123,118.27506607929514,128.66277533039647,1,1,Beverages,Thai
2022-02-28,Beverages_Thai,133827,127.03513157894737,127.93890350877193,0,1,Beverages,Thai
2022-03-07,Beverages_Thai,125356,127.51061674008811,127.91149779735683,0,1,Beverages,Thai
2022-03-14,Beverages_Thai,136764,128.6661233480176,128.47180616740087,0,1,Beverages,Thai
2022-03-21,Beverages_Thai,139836,128.7941592920354,128.43252212389382,0,1,Beverages,Thai
2022-03-28,Beverages_Thai,139367,129.05302631578948,128.46087719298245,0,1,Beverages,Thai
2022-04-04,Beverages_Thai,106701,129.05578947368423,129.0876754385965,0,1,Beverages,Thai
2022-04-11,Beverages_Thai,116428,125.13154185022027,129.16044052863438,0,1,Beverages,Thai
2022-04-18,Beverages_Thai,114354,124.77800884955752,129.040796460177,0,1,Beverages,Thai
2022-04-25,Beverages_Thai,121075,125.01176211453745,129.04559471365639,0,1,Beverages,Thai
2022-05-02,Beverages_Thai,117469,125.09951541850221,129.20264317180616,0,1,Beverages,Thai
2022-05-09,Beverages_Thai,124293,120.70969026548673,129.17185840707964,0,1,Beverages,Thai
2022-05-16,Beverages_Thai,125308,120.17030837004405,129.09396475770927,0,1,Beverages,Thai
2022-05-23,Beverages_Thai,124161,119.97522123893806,126.94508849557522,0,1,Beverages,Thai
2022-05-30,Beverages_Thai,129802,120.27504385964912,127.035,0,1,Beverages,Thai
2022-06-06,Beverages_Thai,110768,127.87269911504424,131.86938053097344,0,1,Beverages,Thai
2022-06-13,Beverages_Thai,101941,127.91300448430495,132.4498206278027,0,1,Beverages,Thai
2022-06-20,Beverages_Thai,96126,127.70706666666666,127.21453333333334,0,1,Beverages,Thai
2022-06-27,Beverages_Thai,103390,127.84773333333334,126.87124444444446,0,1,Beverages,Thai
2022-07-04,Beverages_Thai,111680,113.06272321428571,126.71120535714286,0,1,Beverages,Thai
2022-07-11,Beverages_Thai,106680,113.04681415929204,126.77044247787612,0,1,Beverages,Thai
2022-07-18,Beverages_Thai,107916,112.95721238938054,126.45858407079646,0,1,Beverages,Thai
2022-07-25,Beverages_Thai,110878,113.17742358078603,126.3155458515284,0,1,Beverages,Thai
2022-08-01,Beverages_Thai,116413,123.39348214285714,127.68053571428572,0,1,Beverages,Thai
2022-08-08,Beverages_Thai,113506,123.64371040723982,128.1241628959276,0,1,Beverages,Thai
2022-08-15,Beverages_Thai,114694,123.79831050228312,124.90561643835618,0,1,Beverages,Thai
2022-08-22,Beverages_Thai,112478,123.92022935779816,124.57559633027523,0,1,Beverages,Thai
2022-08-29,Beverages_Thai,118814,123.95564814814816,124.70643518518519,0,1,Beverages,Thai
2022-09-05,Beverages_Thai,140609,118.19778801843319,124.65359447004609,1,1,Beverages,Thai
2022-09-12,Beverages_Thai,119382,122.94972093023256,123.72855813953488,0,1,Beverages,Thai
2022-09-19,Beverages_Thai,123582,121.32939814814816,122.4462037037037,0,1,Beverages,Thai
2022-09-26,Beverages_Thai,132543,122.93186046511629,123.77013953488373,0,1,Beverages,Thai
2022-10-03,Beverages_Thai,127403,123.52693023255814,124.36227906976744,0,1,Beverages,Thai
2022-10-10,Beverages_Thai,127506,124.4712037037037,124.79106481481482,0,1,Beverages,Thai
2022-10-17,Beverages_Thai,122571,124.57009216589861,124.98188940092166,0,1,Beverages,Thai
2022-10-24,Beverages_Thai,124406,124.1587037037037,124.61981481481482,0,1,Beverages,Thai
2022-10-31,Beverages_Thai,117790,124.63680555555555,124.81351851851852,0,1,Beverages,Thai
2022-11-07,Beverages_Thai,138889,120.92578703703704,124.82050925925925,0,1,Beverages,Thai
2022-11-14,Beverages_Thai,151639,118.73252293577983,124.47559633027524,0,1,Beverages,Thai
2022-11-21,Beverages_Thai,131003,119.69324074074075,124.78097222222223,0,1,Beverages,Thai
2022-11-28,Beverages_Thai,189102,108.48564220183486,124.65275229357798,1,1,Beverages,Thai
2022-12-05,Beverages_Thai,192258,108.50391705069124,124.75894009216591,1,1,Beverages,Thai
2022-12-12,Beverages_Thai,212322,108.62990783410137,124.68907834101383,0,1,Beverages,Thai
2022-12-19,Beverages_Thai,154699,108.65092592592592,124.55333333333334,0,1,Beverages,Thai
2022-12-26,Beverages_Thai,183659,108.77220183486239,124.61591743119266,1,1,Beverages,Thai
2023-01-02,Beverages_Thai,248710,108.65328767123287,124.47251141552512,1,1,Beverages,Thai
2023-01-09,Beverages_Thai,203535,108.77663636363637,122.90931818181818,0,1,Beverages,Thai
2023-01-16,Beverages_Thai,176619,117.59411764705882,127.30764705882353,0,1,Beverages,Thai
2023-01-23,Beverages_Thai,155113,120.55140271493212,128.3735294117647,0,1,Beverages,Thai
2023-01-30,Beverages_Thai,162892,132.45171945701358,130.84199095022626,0,1,Beverages,Thai
2023-02-06,Beverages_Thai,123018,132.3365765765766,131.32,0,1,Beverages,Thai
2023-02-13,Beverages_Thai,118738,132.6906334841629,131.49095022624434,0,1,Beverages,Thai
2023-02-20,Beverages_Thai,126442,131.27199095022624,130.5014479638009,0,1,Beverages,Thai
2023-02-27,Beverages_Thai,144938,118.1031981981982,129.90815315315317,0,1,Beverages,Thai
2023-03-06,Beverages_Thai,59245,117.98695454545455,129.57777272727273,0,1,Beverages,Thai
2023-03-13,Beverages_Thai,116455,130.36324324324323,130.1354954954955,1,1,Beverages,Thai
2023-03-20,Beverages_Thai,115035,131.06210762331838,130.92085201793722,0,1,Beverages,Thai
2023-03-27,Beverages_Thai,123117,131.30292792792793,131.05180180180182,0,1,Beverages,Thai
2023-04-03,Beverages_Thai,122837,131.56152466367715,131.3955605381166,0,1,Beverages,Thai
2023-04-10,Beverages_Thai,126416,131.51723214285715,131.40044642857143,0,1,Beverages,Thai
2023-04-17,Beverages_Thai,139449,119.31226666666667,131.32084444444445,0,1,Beverages,Thai
2023-04-24,Beverages_Thai,151529,119.2616371681416,131.15517699115046,1,1,Beverages,Thai
2023-05-01,Beverages_Thai,126715,130.99915929203542,131.04278761061948,0,1,Beverages,Thai
2023-05-08,Beverages_Thai,134626,131.5820796460177,131.57522123893804,0,1,Beverages,Thai
2023-05-15,Beverages_Thai,127202,131.9241150442478,131.72508849557522,0,1,Beverages,Thai
2023-05-22,Beverages_Thai,121413,131.78274336283187,131.60261061946903,0,1,Beverages,Thai
2023-05-29,Beverages_Thai,126683,132.00052631578947,131.8948245614035,0,1,Beverages,Thai
2023-06-05,Beverages_Thai,117905,131.95570175438598,131.70763157894737,0,1,Beverages,Thai
2023-06-12,Beverages_Thai,116037,131.6657456140351,131.54320175438596,0,1,Beverages,Thai
2023-06-19,Beverages_Thai,111130,131.72858407079647,131.63225663716813,0,1,Beverages,Thai
2023-06-26,Beverages_Thai,120114,131.90681415929203,131.7854424778761,0,1,Beverages,Thai
2023-07-03,Beverages_Thai,117153,131.77391111111112,131.6975111111111,0,1,Beverages,Thai
2023-07-10,Beverages_Thai,109128,132.0382743362832,132.069203539823,0,1,Beverages,Thai
2023-07-17,Beverages_Thai,106504,131.75218750000002,131.66638392857143,0,1,Beverages,Thai
2023-07-24,Beverages_Thai,112594,131.61123348017622,131.66515418502203,0,1,Beverages,Thai
2023-07-31,Beverages_Thai,114919,131.93145374449338,131.99004405286345,0,1,Beverages,Thai
2023-08-07,Beverages_Thai,112992,131.50079295154185,131.59784140969163,0,1,Beverages,Thai
2023-08-14,Beverages_Thai,128785,118.27350877192983,130.67995614035087,0,1,Beverages,Thai
2023-08-21,Beverages_Thai,130420,118.5965350877193,130.98850877192982,1,1,Beverages,Thai
2023-08-28,Beverages_Thai,115076,130.7966371681416,131.04761061946903,0,1,Beverages,Thai
2023-09-04,Beverages_Thai,116708,131.16348017621146,131.30502202643171,0,1,Beverages,Thai
2023-09-11,Beverages_Thai,120289,131.0711013215859,131.13356828193832,0,1,Beverages,Thai
2023-09-18,Beverages_Thai,116896,131.5705701754386,131.51912280701754,0,1,Beverages,Thai
2023-09-25,Beverages_Thai,121832,130.93030837004406,131.18977973568283,0,1,Beverages,Thai
2023-10-02,Beverages_Thai,121460,131.0144298245614,131.3513157894737,0,1,Beverages,Thai
2023-10-09,Beverages_Thai,123724,130.94057522123893,131.0130088495575,0,1,Beverages,Thai
2023-10-16,Beverages_Thai,124162,130.75162995594712,130.7815859030837,0,1,Beverages,Thai
2023-10-23,Beverages_Thai,123927,131.0239207048458,131.11753303964758,0,1,Beverages,Thai
2023-10-30,Beverages_Thai,120699,131.15828193832598,131.24920704845815,0,1,Beverages,Thai
2023-11-06,Beverages_Thai,120788,131.06194690265488,131.10367256637167,0,1,Beverages,Thai
2023-11-13,Beverages_Thai,132089,130.75740088105726,130.95581497797357,0,1,Beverages,Thai
2023-11-20,Beverages_Thai,115044,133.5921238938053,133.14637168141593,0,1,Beverages,Thai
2023-11-27,Beverages_Thai,139099,133.1107894736842,132.7773245614035,0,1,Beverages,Thai
2023-12-04,Beverages_Thai,167324,132.53392070484583,132.33176211453744,0,1,Beverages,Thai
2023-12-11,Beverages_Thai,169110,132.40738938053096,132.2686725663717,0,1,Beverages,Thai
2023-12-18,Beverages_Thai,139113,121.03,132.22321585903086,0,1,Beverages,Thai
2023-12-25,Beverages_Thai,143121,120.75730088495575,132.26641592920353,1,1,Beverages,Thai
2024-01-01,Beverages_Thai,126728,132.56841409691629,132.68740088105727,0,1,Beverages,Thai
2024-01-08,Beverages_Thai,123428,131.256592920354,132.18884955752213,0,1,Beverages,Thai
2024-01-15,Beverages_Thai,128875,120.38013215859031,132.41951541850221,0,1,Beverages,Thai
2024-01-22,Beverages_Thai,126113,120.35946902654868,132.43460176991152,0,1,Beverages,Thai
2024-01-29,Beverages_Thai,142205,120.37912280701754,132.22934210526316,0,1,Beverages,Thai
2024-02-05,Beverages_Thai,119098,121.00986725663716,132.56508849557522,0,1,Beverages,Thai
2024-02-12,Beverages_Thai,103815,121.4381081081081,132.69211711711714,0,1,Beverages,Thai
2024-02-19,Beverages_Thai,57827,121.03587443946188,132.08892376681615,0,1,Beverages,Thai
2024-02-26,Beverages_Thai,126196,121.09612334801761,127.03938325991189,0,1,Beverages,Thai
2024-03-04,Beverages_Thai,118859,121.09270742358079,125.24751091703057,0,1,Beverages,Thai
2024-03-11,Beverages_Thai,120799,121.15964912280702,123.81798245614036,0,1,Beverages,Thai
2024-03-18,Beverages_Thai,120233,121.81480176211453,123.37251101321587,0,1,Beverages,Thai
2024-03-25,Beverages_Thai,120648,122.69605263157895,123.82491228070175,0,1,Beverages,Thai
2024-04-01,Beverages_Thai,116752,133.75850877192983,133.171798245614,0,1,Beverages,Thai
2024-04-08,Beverages_Thai,115733,133.549649122807,133.29184210526316,0,1,Beverages,Thai
2024-04-15,Beverages_Thai,108152,133.83044444444442,133.84848888888888,0,1,Beverages,Thai
2024-04-22,Beverages_Thai,111519,133.52427947598252,133.57205240174673,0,1,Beverages,Thai
2024-04-29,Beverages_Thai,111081,134.09886462882096,133.94375545851528,0,1,Beverages,Thai
2024-05-06,Beverages_Thai,111062,133.64334801762115,134.18885462555065,0,1,Beverages,Thai
2024-05-13,Beverages_Thai,110163,134.10192139737993,134.10921397379911,0,1,Beverages,Thai
2024-05-20,Beverages_Thai,117906,133.97868995633186,134.01393013100437,0,1,Beverages,Thai
2024-05-27,Beverages_Thai,124073,134.24939130434782,134.30330434782607,0,1,Beverages,Thai
2024-06-03,Beverages_Thai,113354,133.80600877192984,134.2823245614035,0,1,Beverages,Thai
2024-06-10,Beverages_Thai,108738,134.3309649122807,134.34083333333334,0,1,Beverages,Thai
2024-06-17,Beverages_Thai,100323,134.38083333333333,134.1523245614035,0,1,Beverages,Thai
2024-06-24,Beverages_Thai,110401,133.87597402597402,133.80155844155843,0,1,Beverages,Thai
2024-07-01,Beverages_Thai,108872,134.1302620087336,134.02449781659388,0,1,Beverages,Thai
2024-07-08,Beverages_Thai,108246,129.64491228070176,131.48802631578948,0,1,Beverages,Thai
2024-07-15,Beverages_Thai,110747,121.6247619047619,131.7191774891775,0,1,Beverages,Thai
2024-07-22,Beverages_Thai,115126,121.56647826086957,131.62947826086955,0,1,Beverages,Thai
2024-07-29,Beverages_Thai,82751,124.00432314410479,130.43410480349345,0,1,Beverages,Thai
2024-08-05,Beverages_Thai,109556,133.9817316017316,133.89943722943724,0,1,Beverages,Thai
2024-08-12,Beverages_Thai,109463,135.4182096069869,134.98192139737992,0,1,Beverages,Thai
2024-08-19,Beverages_Thai,105790,135.58935064935065,135.31900432900431,0,1,Beverages,Thai
2024-08-26,Beverages_Thai,116708,134.00436681222706,134.07982532751092,0,1,Beverages,Thai
2024-09-02,Beverages_Thai,124715,134.04,133.9157391304348,0,1,Beverages,Thai
2024-09-09,Beverages_Thai,115421,133.99116883116884,133.9317316017316,0,1,Beverages,Thai
2024-09-16,Beverages_Thai,114078,133.85417391304347,133.96773913043478,0,1,Beverages,Thai
2024-09-23,Beverages_Thai,115940,133.83406926406926,133.54281385281385,0,1,Beverages,Thai
2024-09-30,Beverages_Thai,115813,134.01073593073593,134.00060606060606,0,1,Beverages,Thai
2024-10-07,Beverages_Thai,89668,141.05359307359308,140.2478787878788,0,1,Beverages,Thai
