data/csv/orders_real.csv
date,dish_name,quantity_sold,checkout_price,base_price,emailer_for_promotion,homepage_featured,category,cuisine
2022-01-03,Biryani_Indian,8309,424.92017142857145,470.9657142857143,0,1,Biryani,Indian
2022-01-10,Biryani_Indian,6638,426.01974842767294,470.4790566037736,0,0,Biryani,Indian
2022-01-17,Biryani_Indian,6930,427.0091616766467,470.88227544910177,0,0,Biryani,Indian
2022-01-24,Biryani_Indian,6162,429.0805806451612,471.1693548387097,0,0,Biryani,Indian
2022-01-31,Biryani_Indian,5572,470.69766233766234,471.51909090909095,0,0,Biryani,Indian
2022-02-07,Biryani_Indian,5366,470.82384615384615,470.82384615384615,0,0,Biryani,Indian
2022-02-14,Biryani_Indian,5666,472.17125,472.06499999999994,0,0,Biryani,Indian
2022-02-21,Biryani_Indian,6013,472.5550641025641,472.6704487179487,0,0,Biryani,Indian
2022-02-28,Biryani_Indian,4344,469.67224489795916,470.58040816326525,0,0,Biryani,Indian
2022-03-07,Biryani_Indian,4385,470.6364102564103,470.65564102564105,0,0,Biryani,Indian
2022-03-14,Biryani_Indian,4018,471.7055102040816,472.1306802721088,0,0,Biryani,Indian
2022-03-21,Biryani_Indian,3759,471.18416666666667,471.41333333333336,0,0,Biryani,Indian
2022-03-28,Biryani_Indian,3871,472.78599999999994,472.81266666666664,0,0,Biryani,Indian
2022-04-04,Biryani_Indian,3810,468.32565217391306,468.2821739130435,0,0,Biryani,Indian
2022-04-11,Biryani_Indian,4977,448.92801470588233,448.9721323529412,0,0,Biryani,Indian
2022-04-18,Biryani_Indian,4382,444.8167123287671,449.84404109589036,0,0,Biryani,Indian
2022-04-25,Biryani_Indian,4482,428.56827586206896,453.0271034482758,0,1,Biryani,Indian
2022-05-02,Biryani_Indian,4361,437.6106711409396,460.2750335570469,0,1,Biryani,Indian
2022-05-09,Biryani_Indian,4242,457.0732624113475,470.7470212765958,0,1,Biryani,Indian
2022-05-16,Biryani_Indian,3403,461.236328125,471.443359375,0,0,Biryani,Indian
2022-05-23,Biryani_Indian,4302,470.3665277777778,471.3977777777778,0,0,Biryani,Indian
2022-05-30,Biryani_Indian,4057,470.91802816901406,471.63915492957744,0,0,Biryani,Indian
2022-06-06,Biryani_Indian,3660,472.3824590163934,472.49721311475406,0,0,Biryani,Indian
2022-06-13,Biryani_Indian,3573,471.32637681159423,471.92420289855073,0,0,Biryani,Indian
2022-06-20,Biryani_Indian,3208,470.1411111111111,470.2351282051282,0,0,Biryani,Indian
2022-06-27,Biryani_Indian,3559,470.08039999999994,470.31239999999997,0,0,Biryani,Indian
2022-07-04,Biryani_Indian,3546,471.70265624999996,472.05812499999996,0,0,Biryani,Indian
2022-07-11,Biryani_Indian,3923,468.94103703703706,473.2965925925926,0,0,Biryani,Indian
2022-07-18,Biryani_Indian,4335,437.95072463768116,472.5284782608696,0,0,Biryani,Indian
2022-07-25,Biryani_Indian,4170,438.5525373134328,470.1494776119403,0,1,Biryani,Indian
2022-08-01,Biryani_Indian,3831,437.84902985074626,471.1344029850746,0,0,Biryani,Indian
2022-08-08,Biryani_Indian,3975,449.7931654676259,471.07359712230215,0,0,Biryani,Indian
2022-08-15,Biryani_Indian,3987,470.36918918918917,470.36918918918917,0,0,Biryani,Indian
2022-08-22,Biryani_Indian,3787,465.9079838709677,468.6727419354839,0,0,Biryani,Indian
2022-08-29,Biryani_Indian,3134,471.0283606557377,471.0775409836065,0,0,Biryani,Indian
2022-09-05,Biryani_Indian,4536,472.01,472.11,0,0,Biryani,Indian
2022-09-12,Biryani_Indian,3817,471.6898540145985,471.6533576642335,0,0,Biryani,Indian
2022-09-19,Biryani_Indian,4315,470.46466666666663,470.4313333333333,0,1,Biryani,Indian
2022-09-26,Biryani_Indian,4401,472.233947368421,472.3128947368421,0,0,Biryani,Indian
2022-10-03,Biryani_Indian,4128,470.09713286713287,470.5866433566434,0,0,Biryani,Indian
2022-10-10,Biryani_Indian,3959,471.2256204379562,471.24751824817514,0,0,Biryani,Indian
2022-10-17,Biryani_Indian,3991,471.73364963503644,471.73364963503644,0,0,Biryani,Indian
2022-10-24,Biryani_Indian,3976,470.8494029850746,470.80462686567165,0,0,Biryani,Indian
2022-10-31,Biryani_Indian,3708,468.73515625,469.53203125,0,0,Biryani,Indian
2022-11-07,Biryani_Indian,3766,423.8621138211382,469.7835772357723,0,0,Biryani,Indian
2022-11-14,Biryani_Indian,3753,421.5893162393162,467.36581196581193,0,0,Biryani,Indian
2022-11-21,Biryani_Indian,3379,427.8393548387097,469.9969354838709,0,1,Biryani,Indian
2022-11-28,Biryani_Indian,4338,421.39733333333334,467.94814814814816,0,1,Biryani,Indian
2022-12-05,Biryani_Indian,3790,469.93503875968986,470.7838759689922,0,0,Biryani,Indian
2022-12-12,Biryani_Indian,3651,471.76846153846157,471.56076923076927,0,0,Biryani,Indian
2022-12-19,Biryani_Indian,3537,471.8155072463768,471.85898550724636,0,0,Biryani,Indian
2022-12-26,Biryani_Indian,4782,448.02300653594773,471.39529411764704,0,1,Biryani,Indian
2023-01-02,Biryani_Indian,6277,406.52976331360946,462.2531360946746,0,0,Biryani,Indian
2023-01-09,Biryani_Indian,4870,405.5603870967742,460.70270967741936,0,0,Biryani,Indian
2023-01-16,Biryani_Indian,5099,406.002,460.47357575757576,0,1,Biryani,Indian
2023-01-23,Biryani_Indian,5022,403.0799342105263,462.925197368421,0,1,Biryani,Indian
2023-01-30,Biryani_Indian,3967,455.39601398601394,469.4483216783217,0,1,Biryani,Indian
2023-02-06,Biryani_Indian,4553,473.57206896551725,473.4962068965517,0,0,Biryani,Indian
2023-02-13,Biryani_Indian,4921,472.8602631578947,472.6102631578947,0,0,Biryani,Indian
2023-02-20,Biryani_Indian,5541,459.25360946745565,460.19094674556214,0,0,Biryani,Indian
2023-02-27,Biryani_Indian,4626,459.05133333333333,459.75,0,0,Biryani,Indian
2023-03-06,Biryani_Indian,1929,459.4904166666667,460.08625,0,0,Biryani,Indian
2023-03-13,Biryani_Indian,4374,457.89013986013987,458.2481818181818,0,0,Biryani,Indian
2023-03-20,Biryani_Indian,3941,460.1658208955224,460.4210447761194,0,0,Biryani,Indian
2023-03-27,Biryani_Indian,3674,460.1014285714285,460.46000000000004,0,0,Biryani,Indian
2023-04-03,Biryani_Indian,3651,457.04515151515153,457.4860606060606,0,0,Biryani,Indian
2023-04-10,Biryani_Indian,4100,455.748951048951,455.72797202797204,0,0,Biryani,Indian
2023-04-17,Biryani_Indian,4618,433.06876712328767,433.46534246575345,0,0,Biryani,Indian
2023-04-24,Biryani_Indian,4101,430.961654676259,431.8472661870503,0,0,Biryani,Indian
2023-05-01,Biryani_Indian,4358,431.73143884892085,431.70266187050356,0,0,Biryani,Indian
2023-05-08,Biryani_Indian,4926,432.3723333333333,432.40566666666666,0,0,Biryani,Indian
2023-05-15,Biryani_Indian,3611,456.80553956834535,456.6328776978417,0,0,Biryani,Indian
2023-05-22,Biryani_Indian,3393,460.2958914728682,460.16410852713176,0,0,Biryani,Indian
2023-05-29,Biryani_Indian,3374,458.0041911764706,458.15125,0,0,Biryani,Indian
2023-06-05,Biryani_Indian,4092,459.44901408450704,459.4067605633803,0,0,Biryani,Indian
2023-06-12,Biryani_Indian,3765,459.4713043478261,459.52927536231886,0,0,Biryani,Indian
2023-06-19,Biryani_Indian,3356,459.14782945736437,459.07806201550386,0,0,Biryani,Indian
2023-06-26,Biryani_Indian,3662,458.5322058823529,458.5322058823529,0,0,Biryani,Indian
2023-07-03,Biryani_Indian,4090,458.64214285714286,458.8564285714286,0,0,Biryani,Indian
2023-07-10,Biryani_Indian,3999,459.693309352518,459.5997841726619,0,0,Biryani,Indian
2023-07-17,Biryani_Indian,3894,458.694393939394,458.53530303030306,0,0,Biryani,Indian
2023-07-24,Biryani_Indian,3703,458.45260273972605,458.63068493150683,0,0,Biryani,Indian
2023-07-31,Biryani_Indian,4444,456.198904109589,456.3543835616439,0,1,Biryani,Indian
2023-08-07,Biryani_Indian,4618,454.16758865248227,454.32361702127656,0,0,Biryani,Indian
2023-08-14,Biryani_Indian,5149,454.48071428571427,454.44824675324674,0,0,Biryani,Indian
2023-08-21,Biryani_Indian,4520,453.1090344827586,452.96420689655173,0,0,Biryani,Indian
2023-08-28,Biryani_Indian,3901,458.85306569343066,459.51948905109487,0,0,Biryani,Indian
2023-09-04,Biryani_Indian,4362,457.86517241379306,457.6948275862069,0,1,Biryani,Indian
2023-09-11,Biryani_Indian,4492,451.1872727272727,451.17623376623374,0,1,Biryani,Indian
2023-09-18,Biryani_Indian,3777,448.2144444444445,449.8151851851852,0,0,Biryani,Indian
2023-09-25,Biryani_Indian,4362,449.32106382978725,449.4203546099291,0,1,Biryani,Indian
2023-10-02,Biryani_Indian,3565,450.54867647058825,450.7325,0,0,Biryani,Indian
2023-10-09,Biryani_Indian,3893,458.68445255474455,458.70635036496355,0,0,Biryani,Indian
2023-10-16,Biryani_Indian,4232,459.91014184397164,459.839219858156,0,0,Biryani,Indian
2023-10-23,Biryani_Indian,3581,460.54739130434785,460.67782608695654,0,1,Biryani,Indian
2023-10-30,Biryani_Indian,3994,459.26237410071946,459.1544604316547,0,0,Biryani,Indian
2023-11-06,Biryani_Indian,3660,459.66956834532374,459.7415107913669,0,1,Biryani,Indian
2023-11-13,Biryani_Indian,3676,458.1814084507042,458.0123943661972,0,1,Biryani,Indian
2023-11-20,Biryani_Indian,3464,458.04626016260164,458.18447154471545,0,1,Biryani,Indian
2023-11-27,Biryani_Indian,3976,458.8611111111111,458.85370370370373,0,1,Biryani,Indian
2023-12-04,Biryani_Indian,3649,459.2979389312977,459.3132061068702,0,1,Biryani,Indian
2023-12-11,Biryani_Indian,3314,459.54825396825396,459.58000000000004,0,1,Biryani,Indian
2023-12-18,Biryani_Indian,3476,460.0259016393443,459.98491803278694,0,1,Biryani,Indian
2023-12-25,Biryani_Indian,4642,447.31814102564107,455.09096153846156,0,1,Biryani,Indian
2024-01-01,Biryani_Indian,6925,396.4645664739884,452.654161849711,0,1,Biryani,Indian
2024-01-08,Biryani_Indian,5961,397.75346820809244,451.66890173410405,0,1,Biryani,Indian
2024-01-15,Biryani_Indian,6360,396.6866265060241,449.840843373494,0,1,Biryani,Indian
2024-01-22,Biryani_Indian,4154,399.2876642335766,448.2629197080292,0,1,Biryani,Indian
2024-01-29,Biryani_Indian,4098,458.1683211678832,458.508102189781,0,1,Biryani,Indian
2024-02-05,Biryani_Indian,4852,461.0441935483871,461.0570967741936,0,1,Biryani,Indian
2024-02-12,Biryani_Indian,1775,461.8334831460674,462.77382022471915,0,1,Biryani,Indian
2024-02-19,Biryani_Indian,2108,460.03566037735845,460.05452830188676,0,1,Biryani,Indian
2024-02-26,Biryani_Indian,4612,460.39293706293705,460.39293706293705,0,0,Biryani,Indian
2024-03-04,Biryani_Indian,4263,461.2789361702128,461.08744680851066,0,1,Biryani,Indian
2024-03-11,Biryani_Indian,4486,460.45721854304634,460.66913907284766,0,1,Biryani,Indian
2024-03-18,Biryani_Indian,4233,460.624776119403,460.4382089552239,0,1,Biryani,Indian
2024-03-25,Biryani_Indian,4348,459.1745205479452,459.366301369863,0,1,Biryani,Indian
2024-04-01,Biryani_Indian,4619,459.1212162162162,459.1887837837838,0,1,Biryani,Indian
2024-04-08,Biryani_Indian,4548,448.85797297297296,454.9272297297297,0,1,Biryani,Indian
2024-04-15,Biryani_Indian,5289,395.9678481012658,451.91512658227845,0,0,Biryani,Indian
2024-04-22,Biryani_Indian,6057,397.82681818181817,452.2706493506493,0,0,Biryani,Indian
2024-04-29,Biryani_Indian,5100,395.90582781456953,451.6988741721854,0,0,Biryani,Indian
2024-05-06,Biryani_Indian,5187,404.0054487179487,452.3096153846154,0,1,Biryani,Indian
2024-05-13,Biryani_Indian,4836,458.65109677419355,459.06238709677416,0,1,Biryani,Indian
2024-05-20,Biryani_Indian,4097,459.71373239436616,459.7982394366197,0,0,Biryani,Indian
2024-05-27,Biryani_Indian,4351,459.6141726618705,459.62856115107917,0,0,Biryani,Indian
2024-06-03,Biryani_Indian,4188,460.5661111111111,460.35083333333336,0,0,Biryani,Indian
2024-06-10,Biryani_Indian,4245,458.3175862068966,458.2693103448276,0,0,Biryani,Indian
2024-06-17,Biryani_Indian,4925,456.29375,456.425,0,0,Biryani,Indian
2024-06-24,Biryani_Indian,4140,446.721726618705,446.5418705035971,0,0,Biryani,Indian
2024-07-01,Biryani_Indian,4441,446.4039436619718,446.20676056338027,0,1,Biryani,Indian
2024-07-08,Biryani_Indian,4322,446.4625,446.2625,0,1,Biryani,Indian
2024-07-15,Biryani_Indian,4300,448.4180263157895,448.29960526315796,0,0,Biryani,Indian
2024-07-22,Biryani_Indian,4401,461.8192857142857,461.85499999999996,0,1,Biryani,Indian
2024-07-29,Biryani_Indian,3936,460.98925925925926,460.9225925925926,0,0,Biryani,Indian
2024-08-05,Biryani_Indian,4653,449.4200666666666,457.1780666666667,0,0,Biryani,Indian
2024-08-12,Biryani_Indian,6727,414.2566878980891,450.2376433121019,0,0,Biryani,Indian
2024-08-19,Biryani_Indian,6417,412.29067901234566,449.53111111111104,0,0,Biryani,Indian
2024-08-26,Biryani_Indian,6227,415.11548192771085,451.37819277108434,0,1,Biryani,Indian
2024-09-02,Biryani_Indian,5661,419.06833333333327,449.8255555555556,0,1,Biryani,Indian
2024-09-09,Biryani_Indian,4257,459.0580575539568,459.56309352517985,0,0,Biryani,Indian
2024-09-16,Biryani_Indian,4085,457.8704255319149,457.84914893617025,0,0,Biryani,Indian
2024-09-23,Biryani_Indian,3776,457.7085714285714,457.6688888888889,0,0,Biryani,Indian
2024-09-30,Biryani_Indian,4296,460.1562773722628,460.2803649635037,0,0,Biryani,Indian
2024-10-07,Biryani_Indian,4794,456.0817730496454,458.0959574468085,0,0,Biryani,Indian
