data/csv/orders_real.csv
date,dish_name,quantity_sold,checkout_price,base_price,emailer_for_promotion,homepage_featured,category,cuisine
2022-01-03,Desert_Indian,16095,468.3370476190476,470.24138095238095,1,1,Desert,Indian
2022-01-10,Desert_Indian,11506,467.05886699507386,468.8949753694581,1,1,Desert,Indian
2022-01-17,Desert_Indian,10853,467.81278606965174,468.6976119402985,0,1,Desert,Indian
2022-01-24,Desert_Indian,11425,468.88161764705876,469.99960784313726,0,1,Desert,Indian
2022-01-31,Desert_Indian,12062,459.43352657004834,465.3132367149758,0,1,Desert,Indian
2022-02-07,Desert_Indian,16375,432.40507042253523,456.17760563380284,1,1,Desert,Indian
2022-02-14,Desert_Indian,15613,431.2480193236715,453.7687439613527,1,1,Desert,Indian
2022-02-21,Desert_Indian,9146,431.5119680851064,448.59452127659574,0,1,Desert,Indian
2022-02-28,Desert_Indian,10690,430.7795024875621,446.7217910447761,0,1,Desert,Indian
2022-03-07,Desert_Indian,10138,465.22004999999996,465.59455,0,1,Desert,Indian
2022-03-14,Desert_Indian,9497,464.52387755102035,467.8774489795918,0,1,Desert,Indian
2022-03-21,Desert_Indian,9953,466.33234146341465,469.4854634146342,0,1,Desert,Indian
2022-03-28,Desert_Indian,9412,467.1863917525773,469.3660824742268,0,1,Desert,Indian
2022-04-04,Desert_Indian,10881,425.4016161616161,470.69722222222225,0,1,Desert,Indian
2022-04-11,Desert_Indian,15797,426.3283412322275,470.98786729857824,1,1,Desert,Indian
2022-04-18,Desert_Indian,11232,423.90661538461535,469.3567179487179,0,1,Desert,Indian
2022-04-25,Desert_Indian,13704,398.1404390243902,472.9534634146341,0,1,Desert,Indian
2022-05-02,Desert_Indian,11930,398.1879716981132,470.59924528301883,0,1,Desert,Indian
2022-05-09,Desert_Indian,12612,397.5890995260664,471.11526066350706,0,1,Desert,Indian
2022-05-16,Desert_Indian,13130,398.0423076923077,469.4322115384615,0,1,Desert,Indian
2022-05-23,Desert_Indian,9336,462.6318556701031,466.81891752577314,0,1,Desert,Indian
2022-05-30,Desert_Indian,8180,466.9714673913044,468.1885869565217,0,1,Desert,Indian
2022-06-06,Desert_Indian,7466,466.63907216494846,467.8828350515464,0,1,Desert,Indian
2022-06-13,Desert_Indian,7297,468.82813829787233,469.9246808510638,0,1,Desert,Indian
2022-06-20,Desert_Indian,7282,465.8243502824859,466.43677966101694,0,1,Desert,Indian
2022-06-27,Desert_Indian,7349,468.20078651685395,469.38280898876405,0,1,Desert,Indian
2022-07-04,Desert_Indian,8024,453.75232804232803,467.09941798941793,0,1,Desert,Indian
2022-07-11,Desert_Indian,16494,408.38136363636363,463.4536931818182,1,1,Desert,Indian
2022-07-18,Desert_Indian,13776,410.1164161849711,463.9824277456648,1,1,Desert,Indian
2022-07-25,Desert_Indian,11888,415.11888268156423,466.5661452513966,1,1,Desert,Indian
2022-08-01,Desert_Indian,12901,404.0098009950249,466.74298507462686,1,1,Desert,Indian
2022-08-08,Desert_Indian,20057,396.9853588516747,471.54153110047844,1,1,Desert,Indian
2022-08-15,Desert_Indian,11468,397.1501092896175,470.9090163934426,1,1,Desert,Indian
2022-08-22,Desert_Indian,12226,398.258167539267,470.7697905759162,0,1,Desert,Indian
2022-08-29,Desert_Indian,11196,397.23215053763437,472.23,0,1,Desert,Indian
2022-09-05,Desert_Indian,8189,461.8786187845304,467.13458563535914,0,1,Desert,Indian
2022-09-12,Desert_Indian,8202,463.0448691099476,464.63429319371727,0,1,Desert,Indian
2022-09-19,Desert_Indian,8745,458.8341397849462,461.93413978494624,0,1,Desert,Indian
2022-09-26,Desert_Indian,9667,457.28648241206025,458.8442713567839,0,1,Desert,Indian
2022-10-03,Desert_Indian,8541,458.3933513513514,459.08524324324327,0,1,Desert,Indian
2022-10-10,Desert_Indian,9233,458.4151612903226,459.6054838709677,0,1,Desert,Indian
2022-10-17,Desert_Indian,11954,444.59928571428566,453.8897959183673,0,1,Desert,Indian
2022-10-24,Desert_Indian,30003,397.90539603960394,456.3112871287129,1,1,Desert,Indian
2022-10-31,Desert_Indian,29978,389.5253023255814,454.51334883720926,1,1,Desert,Indian
2022-11-07,Desert_Indian,20319,359.7281395348837,452.2520465116279,1,1,Desert,Indian
2022-11-14,Desert_Indian,14640,382.8634761904762,455.7028095238095,0,1,Desert,Indian
2022-11-21,Desert_Indian,12205,405.2307692307692,454.8087019230769,0,1,Desert,Indian
2022-11-28,Desert_Indian,13221,413.6932038834952,456.86674757281554,0,1,Desert,Indian
2022-12-05,Desert_Indian,11350,455.10370192307687,457.3111057692307,0,1,Desert,Indian
2022-12-12,Desert_Indian,10718,455.6963054187192,456.75665024630536,0,1,Desert,Indian
2022-12-19,Desert_Indian,9347,456.63272727272727,456.93398989898986,0,1,Desert,Indian
2022-12-26,Desert_Indian,11980,457.03653846153844,456.88846153846157,0,1,Desert,Indian
2023-01-02,Desert_Indian,11204,456.7855339805825,457.1367475728155,0,1,Desert,Indian
2023-01-09,Desert_Indian,11292,462.9849275362319,463.045652173913,0,1,Desert,Indian
2023-01-16,Desert_Indian,18947,398.00126168224295,462.5654672897196,1,1,Desert,Indian
2023-01-23,Desert_Indian,14186,398.9382233502538,465.4606091370559,0,1,Desert,Indian
2023-01-30,Desert_Indian,13573,397.48960591133005,463.349408866995,0,1,Desert,Indian
2023-02-06,Desert_Indian,14301,398.5245,464.61695,0,1,Desert,Indian
2023-02-13,Desert_Indian,10206,484.5617171717172,484.3090404040404,0,1,Desert,Indian
2023-02-20,Desert_Indian,9189,483.9150259067357,483.0352331606218,0,1,Desert,Indian
2023-02-27,Desert_Indian,6472,482.9992349726776,482.5839344262295,0,1,Desert,Indian
2023-03-06,Desert_Indian,5542,464.77222222222224,482.8288888888889,0,1,Desert,Indian
2023-03-13,Desert_Indian,20304,432.10999999999996,477.7242380952381,1,1,Desert,Indian
2023-03-20,Desert_Indian,19333,437.9485308056872,481.0511374407583,1,1,Desert,Indian
2023-03-27,Desert_Indian,9816,463.67025252525247,478.6660606060606,0,1,Desert,Indian
2023-04-03,Desert_Indian,8170,477.21559782608693,478.0663586956521,0,1,Desert,Indian
2023-04-10,Desert_Indian,9901,477.20443877551014,480.1916326530612,0,1,Desert,Indian
2023-04-17,Desert_Indian,9144,477.1798913043478,481.4444021739131,0,1,Desert,Indian
2023-04-24,Desert_Indian,8688,475.61790575916234,479.7987958115183,0,1,Desert,Indian
2023-05-01,Desert_Indian,10018,480.2843076923077,483.29487179487177,1,1,Desert,Indian
2023-05-08,Desert_Indian,12212,481.24245,484.26674999999994,0,1,Desert,Indian
2023-05-15,Desert_Indian,24681,389.8078773584906,486.61839622641503,1,1,Desert,Indian
2023-05-22,Desert_Indian,14646,398.97965,487.90074999999996,0,1,Desert,Indian
2023-05-29,Desert_Indian,14628,397.36889423076923,487.6741826923077,0,1,Desert,Indian
2023-06-05,Desert_Indian,13368,398.12691542288553,488.0455721393035,1,1,Desert,Indian
2023-06-12,Desert_Indian,9508,463.6067357512953,483.05279792746114,1,1,Desert,Indian
2023-06-19,Desert_Indian,9219,478.76967032967036,481.6528021978022,1,1,Desert,Indian
2023-06-26,Desert_Indian,8408,479.53475675675674,482.8011351351351,0,1,Desert,Indian
2023-07-03,Desert_Indian,9568,485.0348453608247,485.9657731958763,0,1,Desert,Indian
2023-07-10,Desert_Indian,19021,431.43975,478.23260000000005,1,1,Desert,Indian
2023-07-17,Desert_Indian,14484,429.16056994818655,475.2902590673575,1,1,Desert,Indian
2023-07-24,Desert_Indian,11355,434.03405,479.44989999999996,0,1,Desert,Indian
2023-07-31,Desert_Indian,20162,359.03378995433786,485.8259817351598,1,1,Desert,Indian
2023-08-07,Desert_Indian,13350,396.62234146341467,488.88073170731707,0,1,Desert,Indian
2023-08-14,Desert_Indian,14360,397.9615865384615,487.4829807692307,0,1,Desert,Indian
2023-08-21,Desert_Indian,14779,397.6982629107981,487.69483568075117,1,1,Desert,Indian
2023-08-28,Desert_Indian,11500,475.25703517587937,483.4991457286432,1,1,Desert,Indian
2023-09-04,Desert_Indian,10782,475.7659390862944,483.43065989847713,1,1,Desert,Indian
2023-09-11,Desert_Indian,11710,479.92358585858585,484.5679797979798,0,1,Desert,Indian
2023-09-18,Desert_Indian,11491,475.9461835748792,479.16062801932367,0,1,Desert,Indian
2023-09-25,Desert_Indian,11921,471.25064676616915,477.0857213930348,1,1,Desert,Indian
2023-10-02,Desert_Indian,11303,472.5297,477.0522,1,1,Desert,Indian
2023-10-09,Desert_Indian,11781,474.69822335025384,478.66776649746197,0,1,Desert,Indian
2023-10-16,Desert_Indian,11294,475.60668292682925,478.0219024390244,0,1,Desert,Indian
2023-10-23,Desert_Indian,13686,458.82186274509803,465.2651960784313,0,1,Desert,Indian
2023-10-30,Desert_Indian,17703,413.0917757009346,459.92602803738316,0,1,Desert,Indian
2023-11-06,Desert_Indian,16599,413.67336448598127,460.24939252336446,0,1,Desert,Indian
2023-11-13,Desert_Indian,15336,413.89559633027517,459.98353211009174,0,1,Desert,Indian
2023-11-20,Desert_Indian,13684,416.398779342723,460.0250234741784,0,1,Desert,Indian
2023-11-27,Desert_Indian,15575,454.6176328502415,460.7723671497584,0,1,Desert,Indian
2023-12-04,Desert_Indian,13231,455.66599033816425,459.4998550724638,1,1,Desert,Indian
2023-12-11,Desert_Indian,6506,461.03420454545454,461.5980681818182,0,1,Desert,Indian
2023-12-18,Desert_Indian,3050,461.9880165289256,462.34024793388426,0,1,Desert,Indian
2023-12-25,Desert_Indian,12284,465.1697435897435,465.4786153846154,0,1,Desert,Indian
2024-01-01,Desert_Indian,14209,459.5499537037037,459.82583333333326,0,1,Desert,Indian
2024-01-08,Desert_Indian,13727,459.7552857142857,459.9807619047619,0,1,Desert,Indian
2024-01-15,Desert_Indian,13244,459.11927184466015,459.5641262135922,0,1,Desert,Indian
2024-01-22,Desert_Indian,15597,421.49224880382775,458.30961722488036,0,1,Desert,Indian
2024-01-29,Desert_Indian,17976,424.90860465116276,458.6932558139535,0,1,Desert,Indian
2024-02-05,Desert_Indian,14249,454.32255924170613,456.7988625592417,0,1,Desert,Indian
2024-02-12,Desert_Indian,13979,457.6332227488152,457.5515165876777,0,1,Desert,Indian
2024-02-19,Desert_Indian,14663,457.89837438423643,457.95571428571424,0,1,Desert,Indian
2024-02-26,Desert_Indian,16785,457.5226635514018,457.49929906542053,0,1,Desert,Indian
2024-03-04,Desert_Indian,13975,457.8704245283019,457.8374056603773,0,1,Desert,Indian
2024-03-11,Desert_Indian,14038,457.02904761904756,456.9480952380952,0,1,Desert,Indian
2024-03-18,Desert_Indian,14780,457.3389814814815,457.394537037037,0,1,Desert,Indian
2024-03-25,Desert_Indian,19514,399.70443438914026,457.53357466063346,0,1,Desert,Indian
2024-04-01,Desert_Indian,18469,398.9120560747663,458.27453271028037,0,1,Desert,Indian
2024-04-08,Desert_Indian,18771,398.7421153846154,458.72951923076926,0,1,Desert,Indian
2024-04-15,Desert_Indian,19235,373.7718636363636,456.7751818181818,1,1,Desert,Indian
2024-04-22,Desert_Indian,13852,427.35995260663503,453.9036492890995,1,1,Desert,Indian
2024-04-29,Desert_Indian,14755,425.72953271028035,453.98196261682244,0,1,Desert,Indian
2024-05-06,Desert_Indian,12885,428.61072115384616,455.1804807692307,0,1,Desert,Indian
2024-05-13,Desert_Indian,13990,452.61908653846154,455.47312500000004,0,1,Desert,Indian
2024-05-20,Desert_Indian,17678,396.71198067632844,456.87159420289856,1,1,Desert,Indian
2024-05-27,Desert_Indian,19008,397.50127962085304,455.46701421800947,1,1,Desert,Indian
2024-06-03,Desert_Indian,16702,397.4530516431925,453.44835680751174,0,1,Desert,Indian
2024-06-10,Desert_Indian,16939,397.7733649289099,454.45042654028435,0,1,Desert,Indian
2024-06-17,Desert_Indian,12472,452.4608372093023,453.21372093023257,0,1,Desert,Indian
2024-06-24,Desert_Indian,13867,454.83405660377355,454.90896226415094,0,1,Desert,Indian
2024-07-01,Desert_Indian,13066,454.6851658767772,454.72625592417063,0,1,Desert,Indian
2024-07-08,Desert_Indian,18078,406.50483568075117,453.52774647887327,0,1,Desert,Indian
2024-07-15,Desert_Indian,18724,416.94443438914027,460.78565610859727,0,1,Desert,Indian
2024-07-22,Desert_Indian,17310,421.5933796296296,462.34921296296295,0,1,Desert,Indian
2024-07-29,Desert_Indian,17612,419.9659345794392,462.7561214953271,0,1,Desert,Indian
2024-08-05,Desert_Indian,10028,460.8968229166667,461.3396875,0,1,Desert,Indian
2024-08-12,Desert_Indian,27405,387.1475925925926,465.2189814814815,1,1,Desert,Indian
2024-08-19,Desert_Indian,21633,392.6679342723005,465.93981220657275,1,1,Desert,Indian
2024-08-26,Desert_Indian,18208,398.74047393364924,466.69753554502364,0,1,Desert,Indian
2024-09-02,Desert_Indian,14240,454.4163255813953,459.5779069767442,0,1,Desert,Indian
2024-09-09,Desert_Indian,14838,450.1444748858448,459.31214611872144,0,1,Desert,Indian
2024-09-16,Desert_Indian,13563,450.9064761904762,458.9410476190476,0,1,Desert,Indian
2024-09-23,Desert_Indian,14534,464.4409433962264,464.4869811320754,0,1,Desert,Indian
2024-09-30,Desert_Indian,12996,463.7777619047619,463.98661904761906,0,1,Desert,Indian
2024-10-07,Desert_Indian,14406,463.4248636363636,463.6539090909091,0,1,Desert,Indian
