data/csv/orders_real.csv
date,dish_name,quantity_sold,checkout_price,base_price,emailer_for_promotion,homepage_featured,category,cuisine
2022-01-03,Extras_Thai,30651,166.9331914893617,197.8090425531915,0,1,Extras,Thai
2022-01-10,Extras_Thai,29102,174.89301075268818,200.41580645161292,0,1,Extras,Thai
2022-01-17,Extras_Thai,29833,165.39903225806452,197.89172043010754,0,1,Extras,Thai
2022-01-24,Extras_Thai,38935,169.34739583333334,199.6953125,0,1,Extras,Thai
2022-01-31,Extras_Thai,30328,170.84,204.22168421052632,0,1,Extras,Thai
2022-02-07,Extras_Thai,31062,173.27074468085107,205.45712765957447,0,1,Extras,Thai
2022-02-14,Extras_Thai,32464,171.52739583333334,200.76916666666668,0,1,Extras,Thai
2022-02-21,Extras_Thai,30860,172.9073404255319,202.65712765957448,0,1,Extras,Thai
2022-02-28,Extras_Thai,31348,171.4713829787234,202.17372340425533,0,1,Extras,Thai
2022-03-07,Extras_Thai,30936,170.5377659574468,202.19531914893616,0,1,Extras,Thai
2022-03-14,Extras_Thai,27003,177.20021978021978,204.27,0,1,Extras,Thai
2022-03-21,Extras_Thai,27291,171.44489130434783,205.65054347826086,0,1,Extras,Thai
2022-03-28,Extras_Thai,27665,169.8741935483871,205.9069892473118,0,1,Extras,Thai
2022-04-04,Extras_Thai,27607,174.66358695652175,205.47989130434783,0,1,Extras,Thai
2022-04-11,Extras_Thai,28925,172.7922340425532,207.18851063829788,0,1,Extras,Thai
2022-04-18,Extras_Thai,29517,170.31308510638297,208.3513829787234,0,1,Extras,Thai
2022-04-25,Extras_Thai,32727,167.31494623655914,204.08817204301076,0,1,Extras,Thai
2022-05-02,Extras_Thai,32236,173.11440860215052,201.1951612903226,0,1,Extras,Thai
2022-05-09,Extras_Thai,31972,172.29565217391306,199.65891304347824,0,1,Extras,Thai
2022-05-16,Extras_Thai,33237,170.92484210526317,204.7095789473684,0,1,Extras,Thai
2022-05-23,Extras_Thai,28624,176.58368421052631,204.626,0,1,Extras,Thai
2022-05-30,Extras_Thai,32296,173.17536842105264,204.76378947368423,0,1,Extras,Thai
2022-06-06,Extras_Thai,31452,174.08271739130436,201.9913043478261,0,1,Extras,Thai
2022-06-13,Extras_Thai,33398,169.75637362637363,205.73758241758242,0,1,Extras,Thai
2022-06-20,Extras_Thai,30818,173.29468085106384,208.61872340425532,0,1,Extras,Thai
2022-06-27,Extras_Thai,33180,173.69451612903225,207.8430107526882,0,1,Extras,Thai
2022-07-04,Extras_Thai,28946,173.2856043956044,207.24296703296704,0,1,Extras,Thai
2022-07-11,Extras_Thai,27815,169.4925806451613,210.71752688172043,0,1,Extras,Thai
2022-07-18,Extras_Thai,27058,168.4621978021978,207.38010989010988,0,1,Extras,Thai
2022-07-25,Extras_Thai,26600,165.56280898876403,208.7652808988764,0,1,Extras,Thai
2022-08-01,Extras_Thai,28523,172.6468888888889,209.8962222222222,0,1,Extras,Thai
2022-08-08,Extras_Thai,27316,173.89022471910113,208.7683146067416,0,1,Extras,Thai
2022-08-15,Extras_Thai,27788,169.34808988764044,207.6747191011236,0,1,Extras,Thai
2022-08-22,Extras_Thai,28471,172.94955056179776,206.80382022471912,0,1,Extras,Thai
2022-08-29,Extras_Thai,31318,171.41613636363638,207.4794318181818,0,1,Extras,Thai
2022-09-05,Extras_Thai,28799,169.0147191011236,201.63404494382021,0,1,Extras,Thai
2022-09-12,Extras_Thai,28650,166.73853932584268,202.9211235955056,0,1,Extras,Thai
2022-09-19,Extras_Thai,27916,167.8532967032967,199.30934065934068,0,1,Extras,Thai
2022-09-26,Extras_Thai,27199,173.89944444444444,196.5533333333333,0,1,Extras,Thai
2022-10-03,Extras_Thai,27525,169.39684782608697,196.4978260869565,0,1,Extras,Thai
2022-10-10,Extras_Thai,27377,168.2176086956522,197.51923913043478,0,1,Extras,Thai
2022-10-17,Extras_Thai,27215,166.66393617021276,194.70106382978724,0,1,Extras,Thai
2022-10-24,Extras_Thai,27417,168.00385416666668,196.85729166666667,0,1,Extras,Thai
2022-10-31,Extras_Thai,28201,168.1121875,199.63812499999997,0,1,Extras,Thai
2022-11-07,Extras_Thai,29461,171.85229166666667,200.42375,0,1,Extras,Thai
2022-11-14,Extras_Thai,28996,167.8813186813187,200.62109890109892,0,0,Extras,Thai
2022-11-21,Extras_Thai,27000,169.01877777777779,195.13166666666666,0,1,Extras,Thai
2022-11-28,Extras_Thai,33763,165.2617391304348,193.86065217391305,0,1,Extras,Thai
2022-12-05,Extras_Thai,39247,170.66736842105263,193.15957894736843,0,0,Extras,Thai
2022-12-12,Extras_Thai,41302,170.07586956521737,192.12989130434784,0,0,Extras,Thai
2022-12-19,Extras_Thai,31141,177.14591397849463,196.23139784946238,0,1,Extras,Thai
2022-12-26,Extras_Thai,29878,174.82054945054946,197.14450549450552,0,0,Extras,Thai
2023-01-02,Extras_Thai,23634,169.51902173913044,199.69510869565218,0,0,Extras,Thai
2023-01-09,Extras_Thai,22120,169.23033333333333,198.58999999999997,0,0,Extras,Thai
2023-01-16,Extras_Thai,23225,168.4729347826087,197.71521739130435,0,0,Extras,Thai
2023-01-23,Extras_Thai,23132,169.56844444444445,201.11399999999998,0,1,Extras,Thai
2023-01-30,Extras_Thai,27175,173.08304347826086,202.0420652173913,0,0,Extras,Thai
2023-02-06,Extras_Thai,22580,172.32560439560442,201.1943956043956,0,0,Extras,Thai
2023-02-13,Extras_Thai,23622,176.2388043478261,199.20260869565217,0,0,Extras,Thai
2023-02-20,Extras_Thai,25813,174.07148936170213,202.1186170212766,0,0,Extras,Thai
2023-02-27,Extras_Thai,25777,170.26468085106384,205.7841489361702,0,0,Extras,Thai
2023-03-06,Extras_Thai,25218,168.52903225806452,203.94741935483873,0,0,Extras,Thai
2023-03-13,Extras_Thai,23235,167.5470652173913,201.03054347826088,0,0,Extras,Thai
2023-03-20,Extras_Thai,23546,169.59521276595746,202.70287234042553,0,0,Extras,Thai
2023-03-27,Extras_Thai,22585,174.68483146067416,204.8270786516854,0,0,Extras,Thai
2023-04-03,Extras_Thai,21747,171.98648351648353,206.8845054945055,0,0,Extras,Thai
2023-04-10,Extras_Thai,23901,170.16815217391303,204.94673913043476,0,0,Extras,Thai
2023-04-17,Extras_Thai,23914,174.8533695652174,207.0386956521739,0,0,Extras,Thai
2023-04-24,Extras_Thai,26030,167.52977777777778,207.04111111111112,0,0,Extras,Thai
2023-05-01,Extras_Thai,25394,168.3148888888889,205.9212222222222,0,0,Extras,Thai
2023-05-08,Extras_Thai,28469,170.22815217391303,204.43021739130435,0,0,Extras,Thai
2023-05-15,Extras_Thai,26011,174.2118181818182,205.2290909090909,0,1,Extras,Thai
2023-05-22,Extras_Thai,27811,168.39711111111112,204.77744444444446,0,1,Extras,Thai
2023-05-29,Extras_Thai,26456,171.6512359550562,204.24157303370785,0,1,Extras,Thai
2023-06-05,Extras_Thai,26995,172.24428571428572,205.04208791208794,0,1,Extras,Thai
2023-06-12,Extras_Thai,24647,167.58865168539324,205.64550561797753,0,0,Extras,Thai
2023-06-19,Extras_Thai,26655,179.99699999999999,207.67,0,1,Extras,Thai
2023-06-26,Extras_Thai,29399,177.55184782608697,210.8517391304348,0,0,Extras,Thai
2023-07-03,Extras_Thai,26699,168.48666666666668,210.037311827957,0,1,Extras,Thai
2023-07-10,Extras_Thai,26691,168.62193548387097,208.83129032258066,0,1,Extras,Thai
2023-07-17,Extras_Thai,24736,168.12,207.04967741935482,0,1,Extras,Thai
2023-07-24,Extras_Thai,24715,169.66373626373627,205.47747252747254,0,1,Extras,Thai
2023-07-31,Extras_Thai,28075,169.44064516129032,201.87086021505377,0,1,Extras,Thai
2023-08-07,Extras_Thai,27412,171.3056989247312,199.0263440860215,0,1,Extras,Thai
2023-08-14,Extras_Thai,25098,170.55826086956523,197.78510869565216,0,1,Extras,Thai
2023-08-21,Extras_Thai,23532,176.73021978021978,197.92461538461538,0,1,Extras,Thai
2023-08-28,Extras_Thai,25622,169.45107526881722,200.75935483870967,0,0,Extras,Thai
2023-09-04,Extras_Thai,26556,169.32296703296703,202.42692307692306,0,1,Extras,Thai
2023-09-11,Extras_Thai,25163,168.97771739130437,201.91847826086956,0,1,Extras,Thai
2023-09-18,Extras_Thai,24800,175.5767032967033,205.93450549450552,0,1,Extras,Thai
2023-09-25,Extras_Thai,28424,170.8886956521739,204.705,0,1,Extras,Thai
2023-10-02,Extras_Thai,27861,174.34532608695653,206.7223913043478,0,0,Extras,Thai
2023-10-09,Extras_Thai,26328,171.0925806451613,202.5748387096774,0,1,Extras,Thai
2023-10-16,Extras_Thai,26950,170.74771739130435,201.8611956521739,0,1,Extras,Thai
2023-10-23,Extras_Thai,27369,169.3717777777778,202.44244444444445,0,1,Extras,Thai
2023-10-30,Extras_Thai,26148,172.41417582417583,206.3778021978022,0,1,Extras,Thai
2023-11-06,Extras_Thai,25451,173.2823076923077,205.08307692307693,0,1,Extras,Thai
2023-11-13,Extras_Thai,25459,172.93347826086958,204.77054347826086,0,1,Extras,Thai
2023-11-20,Extras_Thai,26145,174.68467391304347,206.00804347826087,0,1,Extras,Thai
2023-11-27,Extras_Thai,30076,169.3642857142857,203.50483516483516,0,1,Extras,Thai
2023-12-04,Extras_Thai,37487,170.44956043956043,200.77769230769232,0,1,Extras,Thai
2023-12-11,Extras_Thai,37791,171.8353260869565,198.94521739130434,0,1,Extras,Thai
2023-12-18,Extras_Thai,32491,174.88747252747254,200.9142857142857,0,1,Extras,Thai
2023-12-25,Extras_Thai,27720,170.7678888888889,198.336,0,1,Extras,Thai
2024-01-01,Extras_Thai,27428,171.28129032258065,200.61333333333334,0,1,Extras,Thai
2024-01-08,Extras_Thai,25824,164.90623655913978,195.5110752688172,0,1,Extras,Thai
2024-01-15,Extras_Thai,25507,165.5813829787234,194.9458510638298,0,1,Extras,Thai
2024-01-22,Extras_Thai,23029,170.82510416666665,196.0321875,0,1,Extras,Thai
2024-01-29,Extras_Thai,30532,170.99247422680412,197.07783505154637,0,1,Extras,Thai
2024-02-05,Extras_Thai,23668,168.27935483870968,193.99967741935484,0,1,Extras,Thai
2024-02-12,Extras_Thai,10093,172.2588764044944,194.11449438202246,0,1,Extras,Thai
2024-02-19,Extras_Thai,10002,169.74727272727273,193.67761363636365,0,1,Extras,Thai
2024-02-26,Extras_Thai,28476,171.89224489795916,199.11071428571427,0,1,Extras,Thai
2024-03-04,Extras_Thai,26206,172.2442857142857,202.25306122448978,0,1,Extras,Thai
2024-03-11,Extras_Thai,28355,174.62232323232323,202.88949494949497,0,1,Extras,Thai
2024-03-18,Extras_Thai,26944,168.58343434343436,202.42777777777778,0,1,Extras,Thai
2024-03-25,Extras_Thai,27943,167.7033,201.71239999999997,0,1,Extras,Thai
2024-04-01,Extras_Thai,27230,182.89030303030302,203.93727272727273,0,1,Extras,Thai
2024-04-08,Extras_Thai,26167,179.40833333333333,205.47104166666668,0,1,Extras,Thai
2024-04-15,Extras_Thai,24808,178.44843749999998,205.11458333333334,0,1,Extras,Thai
2024-04-22,Extras_Thai,24718,180.85510416666668,209.46635416666666,0,1,Extras,Thai
2024-04-29,Extras_Thai,26176,184.83752475247525,216.7718811881188,0,1,Extras,Thai
2024-05-06,Extras_Thai,26181,182.96655913978495,214.9752688172043,0,1,Extras,Thai
2024-05-13,Extras_Thai,26109,182.75616161616162,221.52464646464645,0,1,Extras,Thai
2024-05-20,Extras_Thai,28149,176.97535353535355,217.83414141414138,0,1,Extras,Thai
2024-05-27,Extras_Thai,30775,183.09168316831682,217.77910891089107,0,1,Extras,Thai
2024-06-03,Extras_Thai,26990,181.45828282828282,216.70464646464646,0,1,Extras,Thai
2024-06-10,Extras_Thai,26078,179.83061855670104,214.27402061855668,0,1,Extras,Thai
2024-06-17,Extras_Thai,24671,179.3187628865979,215.64340206185568,0,1,Extras,Thai
2024-06-24,Extras_Thai,26217,180.43690721649486,209.609381443299,0,1,Extras,Thai
2024-07-01,Extras_Thai,26938,179.6252475247525,211.90475247524753,0,1,Extras,Thai
2024-07-08,Extras_Thai,25808,180.63464646464644,211.51565656565657,0,1,Extras,Thai
2024-07-15,Extras_Thai,23989,186.48806122448977,215.2104081632653,0,1,Extras,Thai
2024-07-22,Extras_Thai,25218,186.09848484848484,217.68939393939394,0,1,Extras,Thai
2024-07-29,Extras_Thai,27631,182.3681443298969,215.97938144329896,0,1,Extras,Thai
2024-08-05,Extras_Thai,25691,183.72107843137255,222.50294117647059,0,1,Extras,Thai
2024-08-12,Extras_Thai,27284,180.2238775510204,219.52714285714285,0,1,Extras,Thai
2024-08-19,Extras_Thai,26509,181.0002,222.1009,0,1,Extras,Thai
2024-08-26,Extras_Thai,27679,181.03901960784313,217.31980392156862,0,1,Extras,Thai
2024-09-02,Extras_Thai,27976,184.78838383838382,217.70222222222222,0,1,Extras,Thai
2024-09-09,Extras_Thai,25546,178.2223,218.32029999999997,0,1,Extras,Thai
2024-09-16,Extras_Thai,26632,185.20263157894738,214.14915789473682,0,1,Extras,Thai
2024-09-23,Extras_Thai,25632,181.8538,211.6707,0,1,Extras,Thai
2024-09-30,Extras_Thai,26097,186.10795918367344,216.280306122449,0,1,Extras,Thai
2024-10-07,Extras_Thai,25794,177.50119999999998,218.1769,0,1,Extras,Thai
