data/csv/orders_real.csv
date,dish_name,quantity_sold,checkout_price,base_price,emailer_for_promotion,homepage_featured,category,cuisine
2022-01-03,Other Snacks_Thai,34302,242.17161616161619,261.74752525252524,0,1,Other Snacks,Thai
2022-01-10,Other Snacks_Thai,34621,241.58719387755104,261.05867346938777,0,1,Other Snacks,Thai
2022-01-17,Other Snacks_Thai,33038,241.5485929648241,261.71155778894473,0,1,Other Snacks,Thai
2022-01-24,Other Snacks_Thai,41500,241.71793969849247,260.83678391959796,0,1,Other Snacks,Thai
2022-01-31,Other Snacks_Thai,24157,268.5536923076923,267.3319487179487,0,1,Other Snacks,Thai
2022-02-07,Other Snacks_Thai,26257,268.9139378238342,267.720621761658,0,1,Other Snacks,Thai
2022-02-14,Other Snacks_Thai,26156,268.86433673469384,268.3149489795918,0,1,Other Snacks,Thai
2022-02-21,Other Snacks_Thai,25685,269.74071428571426,269.52744897959184,0,1,Other Snacks,Thai
2022-02-28,Other Snacks_Thai,26809,269.075,268.7679292929293,0,1,Other Snacks,Thai
2022-03-07,Other Snacks_Thai,41672,241.4941951219512,268.4272195121951,0,1,Other Snacks,Thai
2022-03-14,Other Snacks_Thai,37685,241.41656716417913,268.42169154228856,1,1,Other Snacks,Thai
2022-03-21,Other Snacks_Thai,32798,241.22639999999998,268.19015,0,1,Other Snacks,Thai
2022-03-28,Other Snacks_Thai,26909,265.1680808080808,268.71035353535353,0,1,Other Snacks,Thai
2022-04-04,Other Snacks_Thai,71361,243.8949751243781,267.64776119402984,0,1,Other Snacks,Thai
2022-04-11,Other Snacks_Thai,41515,253.24826530612242,268.28280612244896,0,1,Other Snacks,Thai
2022-04-18,Other Snacks_Thai,36463,253.1910050251256,268.5569849246231,0,1,Other Snacks,Thai
2022-04-25,Other Snacks_Thai,29043,265.54675126903555,267.0234517766497,0,1,Other Snacks,Thai
2022-05-02,Other Snacks_Thai,28095,268.30025380710657,269.6076649746193,0,1,Other Snacks,Thai
2022-05-09,Other Snacks_Thai,29295,267.2165968586387,268.53366492146597,0,1,Other Snacks,Thai
2022-05-16,Other Snacks_Thai,29070,267.4398974358974,268.18384615384616,0,1,Other Snacks,Thai
2022-05-23,Other Snacks_Thai,27841,263.74514851485145,266.0781683168317,0,1,Other Snacks,Thai
2022-05-30,Other Snacks_Thai,38468,242.15767326732671,264.71396039603957,0,1,Other Snacks,Thai
2022-06-06,Other Snacks_Thai,35238,242.44040201005024,264.59261306532665,0,1,Other Snacks,Thai
2022-06-13,Other Snacks_Thai,35101,238.0482233502538,262.5302538071066,0,1,Other Snacks,Thai
2022-06-20,Other Snacks_Thai,29455,245.0222222222222,266.1101058201058,0,1,Other Snacks,Thai
2022-06-27,Other Snacks_Thai,31208,250.41737373737374,270.4779292929293,0,1,Other Snacks,Thai
2022-07-04,Other Snacks_Thai,29026,249.84880829015543,270.31559585492226,0,1,Other Snacks,Thai
2022-07-11,Other Snacks_Thai,40269,243.90885572139302,269.85074626865674,1,1,Other Snacks,Thai
2022-07-18,Other Snacks_Thai,36615,247.6228217821782,272.3989108910891,1,1,Other Snacks,Thai
2022-07-25,Other Snacks_Thai,26350,247.95640776699028,270.1971844660194,0,1,Other Snacks,Thai
2022-08-01,Other Snacks_Thai,18243,270.95596774193547,270.8183870967742,0,1,Other Snacks,Thai
2022-08-08,Other Snacks_Thai,15162,268.7413372093023,269.07069767441857,0,1,Other Snacks,Thai
2022-08-15,Other Snacks_Thai,14814,267.95725,267.819125,0,1,Other Snacks,Thai
2022-08-22,Other Snacks_Thai,12441,260.0193197278911,263.5658503401361,0,1,Other Snacks,Thai
2022-08-29,Other Snacks_Thai,15000,240.94167832167835,260.9843356643357,0,1,Other Snacks,Thai
2022-09-05,Other Snacks_Thai,13525,240.92188405797103,260.40181159420285,0,1,Other Snacks,Thai
2022-09-12,Other Snacks_Thai,13706,240.7828787878788,258.9952272727273,0,1,Other Snacks,Thai
2022-09-19,Other Snacks_Thai,13679,235.46064748201437,258.3675539568345,0,1,Other Snacks,Thai
2022-09-26,Other Snacks_Thai,18813,228.36105633802813,258.8792957746479,0,1,Other Snacks,Thai
2022-10-03,Other Snacks_Thai,21494,238.1879738562091,264.7371895424837,0,1,Other Snacks,Thai
2022-10-10,Other Snacks_Thai,26865,244.74749999999997,267.8984659090909,0,1,Other Snacks,Thai
2022-10-17,Other Snacks_Thai,29562,240.9153005464481,266.2840983606557,0,1,Other Snacks,Thai
2022-10-24,Other Snacks_Thai,36968,245.6844210526316,260.2085789473684,1,1,Other Snacks,Thai
2022-10-31,Other Snacks_Thai,33447,248.93819148936169,261.3384574468085,1,1,Other Snacks,Thai
2022-11-07,Other Snacks_Thai,30292,244.90952631578946,257.431,0,1,Other Snacks,Thai
2022-11-14,Other Snacks_Thai,30980,249.7516489361702,267.49042553191487,0,1,Other Snacks,Thai
2022-11-21,Other Snacks_Thai,28755,252.34404145077718,269.57502590673573,0,1,Other Snacks,Thai
2022-11-28,Other Snacks_Thai,35987,248.76121212121208,268.12676767676766,0,1,Other Snacks,Thai
2022-12-05,Other Snacks_Thai,38308,255.19039603960397,268.434306930693,0,1,Other Snacks,Thai
2022-12-12,Other Snacks_Thai,43661,254.84246445497627,269.0278199052132,0,1,Other Snacks,Thai
2022-12-19,Other Snacks_Thai,30206,255.08445544554453,265.5019306930693,0,1,Other Snacks,Thai
2022-12-26,Other Snacks_Thai,29034,255.33926470588236,261.5237745098039,0,1,Other Snacks,Thai
2023-01-02,Other Snacks_Thai,29100,253.92603864734298,259.1553140096618,0,1,Other Snacks,Thai
2023-01-09,Other Snacks_Thai,27980,259.7826699029126,260.4265533980582,0,1,Other Snacks,Thai
2023-01-16,Other Snacks_Thai,28510,261.5368095238095,262.20933333333335,0,1,Other Snacks,Thai
2023-01-23,Other Snacks_Thai,46315,231.45014084507042,263.37802816901404,1,1,Other Snacks,Thai
2023-01-30,Other Snacks_Thai,50554,241.37314553990612,272.9681690140845,1,1,Other Snacks,Thai
2023-02-06,Other Snacks_Thai,36891,240.93037383177568,272.24149532710277,0,1,Other Snacks,Thai
2023-02-13,Other Snacks_Thai,31175,261.73571428571427,272.1253809523809,0,1,Other Snacks,Thai
2023-02-20,Other Snacks_Thai,32297,259.39704433497536,270.65206896551723,0,1,Other Snacks,Thai
2023-02-27,Other Snacks_Thai,30337,261.60816037735844,271.8879245283019,0,1,Other Snacks,Thai
2023-03-06,Other Snacks_Thai,14363,259.55699481865287,270.57129533678756,0,1,Other Snacks,Thai
2023-03-13,Other Snacks_Thai,52281,241.12398148148148,272.690787037037,1,1,Other Snacks,Thai
2023-03-20,Other Snacks_Thai,46503,242.9868396226415,274.63448113207545,1,1,Other Snacks,Thai
2023-03-27,Other Snacks_Thai,32862,242.84224880382774,274.3498564593301,0,1,Other Snacks,Thai
2023-04-03,Other Snacks_Thai,29070,262.14603773584906,271.19174528301886,0,1,Other Snacks,Thai
2023-04-10,Other Snacks_Thai,31657,262.89431924882626,271.4132394366197,0,1,Other Snacks,Thai
2023-04-17,Other Snacks_Thai,30727,263.48867924528304,271.7475471698113,0,1,Other Snacks,Thai
2023-04-24,Other Snacks_Thai,28975,266.34095693779904,274.6352631578947,0,1,Other Snacks,Thai
2023-05-01,Other Snacks_Thai,27898,274.0980861244019,274.16913875598084,0,1,Other Snacks,Thai
2023-05-08,Other Snacks_Thai,29306,274.6173786407767,274.5445631067961,0,1,Other Snacks,Thai
2023-05-15,Other Snacks_Thai,29456,274.8252380952381,274.8633333333333,0,1,Other Snacks,Thai
2023-05-22,Other Snacks_Thai,48532,243.43837320574164,274.8194736842105,0,1,Other Snacks,Thai
2023-05-29,Other Snacks_Thai,44978,243.70934883720932,275.4276744186046,1,1,Other Snacks,Thai
2023-06-05,Other Snacks_Thai,42887,243.5378341013825,275.15198156682027,0,1,Other Snacks,Thai
2023-06-12,Other Snacks_Thai,37929,240.77502347417843,273.64798122065724,0,1,Other Snacks,Thai
2023-06-19,Other Snacks_Thai,32542,245.6671090047393,271.97597156398103,0,1,Other Snacks,Thai
2023-06-26,Other Snacks_Thai,33244,256.72084905660375,269.30122641509433,0,1,Other Snacks,Thai
2023-07-03,Other Snacks_Thai,32012,261.7807619047619,272.3700476190476,0,1,Other Snacks,Thai
2023-07-10,Other Snacks_Thai,51249,230.29824324324323,272.1350900900901,1,1,Other Snacks,Thai
2023-07-17,Other Snacks_Thai,46921,243.0053023255814,275.13581395348837,1,1,Other Snacks,Thai
2023-07-24,Other Snacks_Thai,35971,243.24949074074073,274.8077314814814,0,1,Other Snacks,Thai
2023-07-31,Other Snacks_Thai,30842,273.8482857142857,273.95295238095235,0,1,Other Snacks,Thai
2023-08-07,Other Snacks_Thai,36053,263.73344660194175,273.41975728155336,0,1,Other Snacks,Thai
2023-08-14,Other Snacks_Thai,40910,234.21359813084112,273.5769626168224,0,1,Other Snacks,Thai
2023-08-21,Other Snacks_Thai,39265,243.79629807692305,274.2641346153846,0,1,Other Snacks,Thai
2023-08-28,Other Snacks_Thai,39904,243.43912037037038,274.19124999999997,1,1,Other Snacks,Thai
2023-09-04,Other Snacks_Thai,38949,243.8119248826291,274.53727699530515,0,1,Other Snacks,Thai
2023-09-11,Other Snacks_Thai,26693,274.005,274.4717788461538,0,1,Other Snacks,Thai
2023-09-18,Other Snacks_Thai,26946,274.9020379146919,274.95459715639805,0,1,Other Snacks,Thai
2023-09-25,Other Snacks_Thai,29386,274.7290521327014,274.65838862559235,0,1,Other Snacks,Thai
2023-10-02,Other Snacks_Thai,27275,274.7195734597156,274.66786729857813,0,1,Other Snacks,Thai
2023-10-09,Other Snacks_Thai,28740,274.7133333333333,274.57047619047614,0,1,Other Snacks,Thai
2023-10-16,Other Snacks_Thai,29052,275.048691588785,275.15616822429905,0,1,Other Snacks,Thai
2023-10-23,Other Snacks_Thai,28362,274.5637745098039,274.54906862745094,0,1,Other Snacks,Thai
2023-10-30,Other Snacks_Thai,45728,243.1893427230047,275.33380281690137,0,1,Other Snacks,Thai
2023-11-06,Other Snacks_Thai,45363,243.1449295774648,275.77981220657273,0,1,Other Snacks,Thai
2023-11-13,Other Snacks_Thai,38975,243.18033175355453,274.6020853080568,0,1,Other Snacks,Thai
2023-11-20,Other Snacks_Thai,30561,268.5407619047619,270.66995238095234,0,1,Other Snacks,Thai
2023-11-27,Other Snacks_Thai,35695,269.8859534883721,270.68399999999997,0,1,Other Snacks,Thai
2023-12-04,Other Snacks_Thai,42759,269.803679245283,270.60066037735845,0,1,Other Snacks,Thai
2023-12-11,Other Snacks_Thai,44157,269.3207441860465,269.80446511627906,0,1,Other Snacks,Thai
2023-12-18,Other Snacks_Thai,32284,266.4955980861244,267.5135885167464,0,1,Other Snacks,Thai
2023-12-25,Other Snacks_Thai,37646,245.20173076923078,265.01677884615384,0,1,Other Snacks,Thai
2024-01-01,Other Snacks_Thai,36396,250.13546728971963,269.0573831775701,0,1,Other Snacks,Thai
2024-01-08,Other Snacks_Thai,37230,249.61283720930234,268.7880930232558,0,1,Other Snacks,Thai
2024-01-15,Other Snacks_Thai,40087,249.3666346153846,268.2720192307692,0,1,Other Snacks,Thai
2024-01-22,Other Snacks_Thai,32311,255.88977064220185,267.87596330275227,0,1,Other Snacks,Thai
2024-01-29,Other Snacks_Thai,40513,249.29036866359448,264.7314285714285,0,1,Other Snacks,Thai
2024-02-05,Other Snacks_Thai,33344,243.21225352112677,258.926338028169,0,1,Other Snacks,Thai
2024-02-12,Other Snacks_Thai,36281,242.88995370370372,256.89194444444445,0,1,Other Snacks,Thai
2024-02-19,Other Snacks_Thai,36696,243.13280952380953,255.25909523809523,0,1,Other Snacks,Thai
2024-02-26,Other Snacks_Thai,42795,243.2361214953271,254.0796261682243,0,1,Other Snacks,Thai
2024-03-04,Other Snacks_Thai,37310,242.7205213270142,253.68469194312797,0,1,Other Snacks,Thai
2024-03-11,Other Snacks_Thai,28106,274.37981395348834,271.72572093023257,0,1,Other Snacks,Thai
2024-03-18,Other Snacks_Thai,28861,274.9470731707317,273.30634146341464,0,1,Other Snacks,Thai
2024-03-25,Other Snacks_Thai,28541,275.33392156862743,273.69985294117646,0,1,Other Snacks,Thai
2024-04-01,Other Snacks_Thai,28106,275.0990476190476,273.6615238095238,0,1,Other Snacks,Thai
2024-04-08,Other Snacks_Thai,33980,258.02311320754717,273.6720754716981,0,1,Other Snacks,Thai
2024-04-15,Other Snacks_Thai,32281,256.75678048780486,273.3705365853658,0,1,Other Snacks,Thai
2024-04-22,Other Snacks_Thai,36719,246.56257009345794,277.6847196261682,0,1,Other Snacks,Thai
2024-04-29,Other Snacks_Thai,45894,237.9994835680751,277.7531455399061,0,1,Other Snacks,Thai
2024-05-06,Other Snacks_Thai,45426,239.00436363636362,277.44836363636364,0,1,Other Snacks,Thai
2024-05-13,Other Snacks_Thai,25816,294.55655339805827,291.1961165048544,0,1,Other Snacks,Thai
2024-05-20,Other Snacks_Thai,25949,298.046231884058,296.07666666666665,0,1,Other Snacks,Thai
2024-05-27,Other Snacks_Thai,26927,296.70170731707316,295.3309756097561,0,1,Other Snacks,Thai
2024-06-03,Other Snacks_Thai,26030,297.59466346153846,296.45115384615383,0,1,Other Snacks,Thai
2024-06-10,Other Snacks_Thai,33435,276.3701449275362,295.56574879227054,0,1,Other Snacks,Thai
2024-06-17,Other Snacks_Thai,31969,275.21090047393363,294.83947867298576,0,1,Other Snacks,Thai
2024-06-24,Other Snacks_Thai,32740,276.2651923076923,295.95375,0,1,Other Snacks,Thai
2024-07-01,Other Snacks_Thai,33770,261.65976525821594,295.6430516431925,0,1,Other Snacks,Thai
2024-07-08,Other Snacks_Thai,37399,254.55627906976744,297.2749302325581,0,1,Other Snacks,Thai
2024-07-15,Other Snacks_Thai,36910,254.73942857142856,296.658619047619,0,1,Other Snacks,Thai
2024-07-22,Other Snacks_Thai,24397,297.31133971291865,296.9838755980861,0,1,Other Snacks,Thai
2024-07-29,Other Snacks_Thai,24558,298.2358823529412,297.6652941176471,0,1,Other Snacks,Thai
2024-08-05,Other Snacks_Thai,25199,298.2176056338028,297.5631455399061,0,1,Other Snacks,Thai
2024-08-12,Other Snacks_Thai,43967,252.65424528301887,297.66330188679245,0,1,Other Snacks,Thai
2024-08-19,Other Snacks_Thai,43059,253.7606763285024,297.32545893719805,0,1,Other Snacks,Thai
2024-08-26,Other Snacks_Thai,37332,259.27904306220097,297.7058851674641,0,1,Other Snacks,Thai
2024-09-02,Other Snacks_Thai,27440,294.25240566037735,295.6715094339623,0,1,Other Snacks,Thai
2024-09-09,Other Snacks_Thai,25759,297.54821256038645,297.163961352657,0,1,Other Snacks,Thai
2024-09-16,Other Snacks_Thai,24928,297.2761538461539,297.0502403846154,0,1,Other Snacks,Thai
2024-09-23,Other Snacks_Thai,25381,296.7408252427185,296.9038349514563,0,1,Other Snacks,Thai
2024-09-30,Other Snacks_Thai,33256,270.3198104265403,296.70445497630334,0,1,Other Snacks,Thai
2024-10-07,Other Snacks_Thai,34184,271.1140952380952,297.09957142857144,0,1,Other Snacks,Thai
