data/csv/orders_real.csv
date,dish_name,quantity_sold,checkout_price,base_price,emailer_for_promotion,homepage_featured,category,cuisine
2022-01-03,Pasta_Italian,18720,371.9193396226415,401.67533018867925,0,1,Pasta,Italian
2022-01-10,Pasta_Italian,17741,373.2524401913875,396.77799043062197,0,1,Pasta,Italian
2022-01-17,Pasta_Italian,18425,374.0150952380952,395.40866666666665,0,1,Pasta,Italian
2022-01-24,Pasta_Italian,9719,405.66072538860107,409.6918134715026,0,1,Pasta,Italian
2022-01-31,Pasta_Italian,9867,392.0227894736842,405.0563684210526,1,1,Pasta,Italian
2022-02-07,Pasta_Italian,10179,396.6116230366492,407.7460209424084,0,1,Pasta,Italian
2022-02-14,Pasta_Italian,10992,391.9614358974359,406.2027179487179,0,1,Pasta,Italian
2022-02-21,Pasta_Italian,15930,370.67660287081344,421.8741148325359,1,1,Pasta,Italian
2022-02-28,Pasta_Italian,8673,368.94518134715025,419.54150259067353,0,1,Pasta,Italian
2022-03-07,Pasta_Italian,7565,371.49707865168534,423.963595505618,0,1,Pasta,Italian
2022-03-14,Pasta_Italian,14755,369.5396728971962,422.03976635514016,0,1,Pasta,Italian
2022-03-21,Pasta_Italian,17489,379.3904761904762,418.57966666666664,1,1,Pasta,Italian
2022-03-28,Pasta_Italian,14808,382.98761682242986,419.9264018691589,0,1,Pasta,Italian
2022-04-04,Pasta_Italian,15414,381.2772727272727,411.67,0,1,Pasta,Italian
2022-04-11,Pasta_Italian,12573,381.90210526315786,412.23143540669855,0,1,Pasta,Italian
2022-04-18,Pasta_Italian,8187,423.18776041666666,427.3733854166667,0,1,Pasta,Italian
2022-04-25,Pasta_Italian,9018,424.5254395604395,430.469010989011,0,1,Pasta,Italian
2022-05-02,Pasta_Italian,12637,378.47769607843134,416.87799019607843,1,1,Pasta,Italian
2022-05-09,Pasta_Italian,12723,378.11827411167513,415.99675126903554,0,1,Pasta,Italian
2022-05-16,Pasta_Italian,11662,380.4364824120603,413.12296482412063,0,1,Pasta,Italian
2022-05-23,Pasta_Italian,13406,374.1452884615385,411.73086538461536,0,1,Pasta,Italian
2022-05-30,Pasta_Italian,10755,402.0965803108808,429.56958549222793,1,1,Pasta,Italian
2022-06-06,Pasta_Italian,11004,406.027614213198,434.1016243654823,1,1,Pasta,Italian
2022-06-13,Pasta_Italian,10016,394.4636734693878,429.68571428571425,1,1,Pasta,Italian
2022-06-20,Pasta_Italian,12675,379.70300970873785,422.2478155339806,1,1,Pasta,Italian
2022-06-27,Pasta_Italian,13630,383.9220952380952,423.2691428571428,1,1,Pasta,Italian
2022-07-04,Pasta_Italian,14201,376.055380952381,418.0480476190476,1,1,Pasta,Italian
2022-07-11,Pasta_Italian,8175,423.34599999999995,428.087947368421,0,1,Pasta,Italian
2022-07-18,Pasta_Italian,8372,427.5032571428571,430.0994285714285,0,1,Pasta,Italian
2022-07-25,Pasta_Italian,11052,429.2467857142857,430.27709183673466,0,1,Pasta,Italian
2022-08-01,Pasta_Italian,10931,430.3773684210526,435.272,0,1,Pasta,Italian
2022-08-08,Pasta_Italian,13307,422.98577319587633,430.0948453608247,0,1,Pasta,Italian
2022-08-15,Pasta_Italian,16189,360.69965346534656,426.18876237623766,1,1,Pasta,Italian
2022-08-22,Pasta_Italian,14850,370.77416666666664,423.8818137254902,0,1,Pasta,Italian
2022-08-29,Pasta_Italian,12744,358.37576923076927,427.7355769230769,1,1,Pasta,Italian
2022-09-05,Pasta_Italian,13187,356.4142233009709,425.5319902912621,1,1,Pasta,Italian
2022-09-12,Pasta_Italian,7950,405.0025668449198,430.49229946524065,0,1,Pasta,Italian
2022-09-19,Pasta_Italian,9753,399.3323469387755,430.87979591836734,0,1,Pasta,Italian
2022-09-26,Pasta_Italian,14407,373.4271153846154,417.3560576923077,1,1,Pasta,Italian
2022-10-03,Pasta_Italian,14421,371.555,412.9776732673267,1,1,Pasta,Italian
2022-10-10,Pasta_Italian,13208,373.38467289719625,414.6392523364485,0,1,Pasta,Italian
2022-10-17,Pasta_Italian,11150,373.1888383838384,409.99161616161615,0,1,Pasta,Italian
2022-10-24,Pasta_Italian,9256,423.7796373056995,429.3746632124352,0,1,Pasta,Italian
2022-10-31,Pasta_Italian,10363,408.2092227979275,432.5225906735751,1,1,Pasta,Italian
2022-11-07,Pasta_Italian,8997,411.19138461538455,434.648,0,1,Pasta,Italian
2022-11-14,Pasta_Italian,7499,414.7862285714285,435.83782857142853,0,1,Pasta,Italian
2022-11-21,Pasta_Italian,8591,408.81420212765954,425.495585106383,0,1,Pasta,Italian
2022-11-28,Pasta_Italian,8283,432.403492063492,431.27455026455027,0,1,Pasta,Italian
2022-12-05,Pasta_Italian,7490,424.188152173913,423.10499999999996,0,1,Pasta,Italian
2022-12-12,Pasta_Italian,5883,418.0560606060606,417.08151515151513,0,1,Pasta,Italian
2022-12-19,Pasta_Italian,7366,401.93569767441863,415.6322093023255,0,1,Pasta,Italian
2022-12-26,Pasta_Italian,17313,363.5494711538461,427.57365384615383,1,1,Pasta,Italian
2023-01-02,Pasta_Italian,16665,362.80621890547263,428.39432835820895,1,1,Pasta,Italian
2023-01-09,Pasta_Italian,11934,361.37358695652176,430.2021195652174,0,1,Pasta,Italian
2023-01-16,Pasta_Italian,13797,374.1155392156863,437.46132352941174,0,1,Pasta,Italian
2023-01-23,Pasta_Italian,7341,447.88896551724133,447.61132183908046,0,1,Pasta,Italian
2023-01-30,Pasta_Italian,7726,450.4048863636363,449.94346590909095,0,1,Pasta,Italian
2023-02-06,Pasta_Italian,8096,452.685197740113,452.7175706214689,0,1,Pasta,Italian
2023-02-13,Pasta_Italian,8898,453.58674157303375,453.18674157303366,0,1,Pasta,Italian
2023-02-20,Pasta_Italian,9399,449.94545454545454,453.09716577540104,0,1,Pasta,Italian
2023-02-27,Pasta_Italian,12940,410.55398009950244,452.84218905472636,1,1,Pasta,Italian
2023-03-06,Pasta_Italian,6101,414.5692903225806,461.93322580645156,1,1,Pasta,Italian
2023-03-13,Pasta_Italian,10191,409.0773118279569,449.4882795698924,0,1,Pasta,Italian
2023-03-20,Pasta_Italian,8853,404.7339267015706,445.1471727748691,0,1,Pasta,Italian
2023-03-27,Pasta_Italian,6735,427.63191616766466,435.18700598802394,0,1,Pasta,Italian
2023-04-03,Pasta_Italian,10641,365.45079096045197,425.3458757062147,1,1,Pasta,Italian
2023-04-10,Pasta_Italian,10281,363.667816091954,424.38844827586206,0,1,Pasta,Italian
2023-04-17,Pasta_Italian,10284,372.55,432.785412371134,0,1,Pasta,Italian
2023-04-24,Pasta_Italian,8378,416.96833333333336,440.96478494623653,0,1,Pasta,Italian
2023-05-01,Pasta_Italian,18378,379.88270142180096,435.61976303317533,1,1,Pasta,Italian
2023-05-08,Pasta_Italian,15732,382.6753092783505,440.0348453608247,1,1,Pasta,Italian
2023-05-15,Pasta_Italian,9996,389.7337823834197,435.31481865284974,0,1,Pasta,Italian
2023-05-22,Pasta_Italian,10690,389.7253260869565,437.94581521739127,1,1,Pasta,Italian
2023-05-29,Pasta_Italian,6524,428.7761309523809,445.26595238095234,1,1,Pasta,Italian
2023-06-05,Pasta_Italian,9445,428.80661016949153,437.3241242937853,0,1,Pasta,Italian
2023-06-12,Pasta_Italian,8265,430.5404046242774,439.9328901734104,0,1,Pasta,Italian
2023-06-19,Pasta_Italian,8012,440.5861988304094,445.186081871345,0,1,Pasta,Italian
2023-06-26,Pasta_Italian,7343,440.3984939759036,441.9930120481927,0,1,Pasta,Italian
2023-07-03,Pasta_Italian,6221,449.825850340136,450.64945578231294,0,1,Pasta,Italian
2023-07-10,Pasta_Italian,8180,441.2393442622951,441.81579234972673,0,1,Pasta,Italian
2023-07-17,Pasta_Italian,9439,427.58389189189194,438.7955675675675,0,1,Pasta,Italian
2023-07-24,Pasta_Italian,12839,430.30508021390375,442.42823529411766,0,1,Pasta,Italian
2023-07-31,Pasta_Italian,12494,429.5120855614973,441.81636363636363,0,1,Pasta,Italian
2023-08-07,Pasta_Italian,9031,430.1048275862069,442.2829310344827,0,1,Pasta,Italian
2023-08-14,Pasta_Italian,12301,396.61969849246225,429.0367336683417,0,1,Pasta,Italian
2023-08-21,Pasta_Italian,14124,392.97892682926823,431.8788780487805,0,1,Pasta,Italian
2023-08-28,Pasta_Italian,12392,393.3066666666666,433.36095238095237,1,1,Pasta,Italian
2023-09-04,Pasta_Italian,15522,373.37516908212564,434.59072463768115,1,1,Pasta,Italian
2023-09-11,Pasta_Italian,10592,408.68724324324324,444.27805405405405,1,1,Pasta,Italian
2023-09-18,Pasta_Italian,13350,377.43423469387756,440.4653571428571,1,1,Pasta,Italian
2023-09-25,Pasta_Italian,13362,378.43817258883246,441.5780203045685,1,1,Pasta,Italian
2023-10-02,Pasta_Italian,10564,397.35398907103826,439.20765027322403,0,1,Pasta,Italian
2023-10-09,Pasta_Italian,11079,404.08554404145076,442.77782383419685,0,1,Pasta,Italian
2023-10-16,Pasta_Italian,11597,391.9925257731959,438.5313917525773,0,1,Pasta,Italian
2023-10-23,Pasta_Italian,10355,422.09696335078536,435.99785340314133,0,1,Pasta,Italian
2023-10-30,Pasta_Italian,11520,406.4719191919192,434.76085858585856,0,1,Pasta,Italian
2023-11-06,Pasta_Italian,11181,410.1568586387434,438.1246596858639,0,1,Pasta,Italian
2023-11-13,Pasta_Italian,14419,374.96026178010476,438.40130890052353,1,1,Pasta,Italian
2023-11-20,Pasta_Italian,12090,382.0570718232044,443.5921546961326,1,1,Pasta,Italian
2023-11-27,Pasta_Italian,13290,381.0424083769633,438.49397905759156,0,1,Pasta,Italian
2023-12-04,Pasta_Italian,11515,382.70949438202246,440.2557303370786,0,1,Pasta,Italian
2023-12-11,Pasta_Italian,5995,414.24569620253163,431.20132911392403,0,1,Pasta,Italian
2023-12-18,Pasta_Italian,6694,348.15575,408.6680625,1,1,Pasta,Italian
2023-12-25,Pasta_Italian,17738,352.6357671957672,415.2498412698413,1,1,Pasta,Italian
2024-01-01,Pasta_Italian,25676,361.89287671232876,418.9786301369863,1,1,Pasta,Italian
2024-01-08,Pasta_Italian,12992,366.0682125603864,420.19565217391306,0,1,Pasta,Italian
2024-01-15,Pasta_Italian,10902,433.12492227979277,430.7762694300518,0,1,Pasta,Italian
2024-01-22,Pasta_Italian,10818,410.5711049723757,432.6781215469613,0,1,Pasta,Italian
2024-01-29,Pasta_Italian,12371,408.8508333333333,432.188431372549,0,1,Pasta,Italian
2024-02-05,Pasta_Italian,10285,412.4240860215054,435.3896774193548,0,1,Pasta,Italian
2024-02-12,Pasta_Italian,10797,411.2341450777202,435.380621761658,0,1,Pasta,Italian
2024-02-19,Pasta_Italian,10442,439.6555614973262,441.6814973262032,0,1,Pasta,Italian
2024-02-26,Pasta_Italian,16973,362.5073205741627,428.3076555023924,1,1,Pasta,Italian
2024-03-04,Pasta_Italian,13368,366.2515887850467,431.4426168224299,1,1,Pasta,Italian
2024-03-11,Pasta_Italian,9106,430.9487634408602,433.638064516129,0,1,Pasta,Italian
2024-03-18,Pasta_Italian,8243,433.6038709677419,434.37112903225807,0,1,Pasta,Italian
2024-03-25,Pasta_Italian,8350,432.83844444444446,433.9328888888889,0,1,Pasta,Italian
2024-04-01,Pasta_Italian,7300,429.5084,429.4226857142857,0,1,Pasta,Italian
2024-04-08,Pasta_Italian,6365,418.49168831168834,418.64428571428573,0,1,Pasta,Italian
2024-04-15,Pasta_Italian,7434,430.3127329192547,430.66403726708074,0,1,Pasta,Italian
2024-04-22,Pasta_Italian,9549,414.3742076502732,430.68398907103824,0,1,Pasta,Italian
2024-04-29,Pasta_Italian,18534,354.14673076923077,422.51134615384615,1,1,Pasta,Italian
2024-05-06,Pasta_Italian,17170,350.03960396039605,421.70074257425745,1,1,Pasta,Italian
2024-05-13,Pasta_Italian,12644,360.6000502512563,423.64809045226133,0,1,Pasta,Italian
2024-05-20,Pasta_Italian,12845,336.17320197044336,424.53669950738913,0,1,Pasta,Italian
2024-05-27,Pasta_Italian,11014,362.79805128205123,430.77866666666665,0,1,Pasta,Italian
2024-06-03,Pasta_Italian,10744,368.5646486486486,426.8611351351351,0,1,Pasta,Italian
2024-06-10,Pasta_Italian,10274,367.991269035533,421.8458375634518,0,1,Pasta,Italian
2024-06-17,Pasta_Italian,9987,404.9666666666667,426.4011864406779,0,1,Pasta,Italian
2024-06-24,Pasta_Italian,6888,401.4538372093023,412.8078488372093,0,1,Pasta,Italian
2024-07-01,Pasta_Italian,8752,407.40646067415736,416.73303370786516,0,1,Pasta,Italian
2024-07-08,Pasta_Italian,8295,403.11185185185184,411.2190476190476,0,1,Pasta,Italian
2024-07-15,Pasta_Italian,9249,404.6088043478261,408.6957065217391,0,1,Pasta,Italian
2024-07-22,Pasta_Italian,9804,403.09549738219897,408.83623036649215,0,1,Pasta,Italian
2024-07-29,Pasta_Italian,10689,405.0014358974359,408.5529743589744,0,1,Pasta,Italian
2024-08-05,Pasta_Italian,9512,424.1607731958763,422.935618556701,0,1,Pasta,Italian
2024-08-12,Pasta_Italian,9932,423.1545320197044,423.15546798029555,0,1,Pasta,Italian
2024-08-19,Pasta_Italian,9637,418.73245989304814,420.1434224598931,0,1,Pasta,Italian
2024-08-26,Pasta_Italian,16264,311.44606796116506,414.9355825242718,0,1,Pasta,Italian
2024-09-02,Pasta_Italian,18865,304.6333333333333,414.67694835680754,1,1,Pasta,Italian
2024-09-09,Pasta_Italian,8319,423.9911557788945,426.9850753768844,0,1,Pasta,Italian
2024-09-16,Pasta_Italian,7125,426.8835195530726,427.04508379888273,0,1,Pasta,Italian
2024-09-23,Pasta_Italian,12541,359.0613559322034,424.86446327683615,1,1,Pasta,Italian
2024-09-30,Pasta_Italian,11749,349.1261235955056,418.1291011235955,0,1,Pasta,Italian
2024-10-07,Pasta_Italian,11910,368.91716494845355,411.94391752577314,1,1,Pasta,Italian
