data/csv/orders_real.csv
date,dish_name,quantity_sold,checkout_price,base_price,emailer_for_promotion,homepage_featured,category,cuisine
2022-01-03,Pizza_Continental,60999,582.5720779220779,611.3451948051948,1,1,Pizza,Continental
2022-01-10,Pizza_Continental,53729,581.8553913043478,611.2635217391304,1,1,Pizza,Continental
2022-01-17,Pizza_Continental,29590,610.2674889867842,610.623524229075,0,1,Pizza,Continental
2022-01-24,Pizza_Continental,38632,610.269652173913,611.0367826086956,0,1,Pizza,Continental
2022-01-31,Pizza_Continental,31206,614.3223873873874,614.9411711711712,0,1,Pizza,Continental
2022-02-07,Pizza_Continental,28994,614.9456387665199,615.4570925110132,0,1,Pizza,Continental
2022-02-14,Pizza_Continental,30564,615.4859375,615.2983928571429,0,1,Pizza,Continental
2022-02-21,Pizza_Continental,15987,609.4171428571428,609.5593087557603,0,1,Pizza,Continental
2022-02-28,Pizza_Continental,34067,582.6501321585903,583.5543171806166,0,1,Pizza,Continental
2022-03-07,Pizza_Continental,36397,583.6273684210527,584.1389912280702,0,1,Pizza,Continental
2022-03-14,Pizza_Continental,35790,583.3318502202643,583.7954625550661,0,1,Pizza,Continental
2022-03-21,Pizza_Continental,52691,536.9331140350877,583.7438596491228,1,1,Pizza,Continental
2022-03-28,Pizza_Continental,60394,536.7949561403509,583.7394736842106,1,1,Pizza,Continental
2022-04-04,Pizza_Continental,30577,627.0495575221239,622.4819911504425,0,1,Pizza,Continental
2022-04-11,Pizza_Continental,29651,627.6900442477877,625.5540707964602,0,1,Pizza,Continental
2022-04-18,Pizza_Continental,27528,627.7737500000001,626.7953571428571,0,1,Pizza,Continental
2022-04-25,Pizza_Continental,30425,628.2447345132744,627.5206194690265,0,1,Pizza,Continental
2022-05-02,Pizza_Continental,30490,628.2502643171806,628.1805726872246,0,1,Pizza,Continental
2022-05-09,Pizza_Continental,30426,626.8878070175439,627.2568859649123,0,1,Pizza,Continental
2022-05-16,Pizza_Continental,52173,503.0319911504425,627.3288053097345,1,1,Pizza,Continental
2022-05-23,Pizza_Continental,47508,501.79714285714283,627.352455357143,1,1,Pizza,Continental
2022-05-30,Pizza_Continental,32637,625.5179824561404,625.662850877193,0,1,Pizza,Continental
2022-06-06,Pizza_Continental,30695,626.9089427312774,627.8876211453744,0,1,Pizza,Continental
2022-06-13,Pizza_Continental,29374,628.2114096916299,628.7686784140968,0,1,Pizza,Continental
2022-06-20,Pizza_Continental,28195,627.3160888888889,628.2102222222221,0,1,Pizza,Continental
2022-06-27,Pizza_Continental,79307,488.9355263157895,628.2626754385966,1,1,Pizza,Continental
2022-07-04,Pizza_Continental,76171,488.43907894736844,628.2144298245614,1,1,Pizza,Continental
2022-07-11,Pizza_Continental,25544,675.1550438596491,672.1265789473683,0,1,Pizza,Continental
2022-07-18,Pizza_Continental,23288,680.4388495575221,678.0919026548672,0,1,Pizza,Continental
2022-07-25,Pizza_Continental,23804,680.7853097345134,679.4224778761062,0,1,Pizza,Continental
2022-08-01,Pizza_Continental,26933,680.4678695652174,680.827,0,1,Pizza,Continental
2022-08-08,Pizza_Continental,23903,680.5092477876105,680.3101327433628,0,1,Pizza,Continental
2022-08-15,Pizza_Continental,19253,678.224298642534,678.1880995475113,0,1,Pizza,Continental
2022-08-22,Pizza_Continental,17736,680.9913452914799,680.8730941704036,0,1,Pizza,Continental
2022-08-29,Pizza_Continental,25715,658.4855701754385,658.915394736842,0,1,Pizza,Continental
2022-09-05,Pizza_Continental,30633,657.2896929824561,658.2011842105263,0,1,Pizza,Continental
2022-09-12,Pizza_Continental,183275,436.8221212121212,658.1054545454544,1,1,Pizza,Continental
2022-09-19,Pizza_Continental,147515,437.6320346320346,658.1184415584415,1,1,Pizza,Continental
2022-09-26,Pizza_Continental,105409,438.15108695652174,658.1918695652174,0,1,Pizza,Continental
2022-10-03,Pizza_Continental,95499,437.86230434782607,658.0492608695652,0,1,Pizza,Continental
2022-10-10,Pizza_Continental,30898,652.8299559471366,654.8034801762113,0,1,Pizza,Continental
2022-10-17,Pizza_Continental,28459,657.8643231441048,658.1679912663756,0,1,Pizza,Continental
2022-10-24,Pizza_Continental,28819,658.2949122807017,658.533947368421,0,1,Pizza,Continental
2022-10-31,Pizza_Continental,32583,658.1160606060606,658.2870562770563,0,1,Pizza,Continental
2022-11-07,Pizza_Continental,88539,513.5873913043478,658.1490434782609,1,1,Pizza,Continental
2022-11-14,Pizza_Continental,80034,514.3059911894272,658.1043612334802,1,1,Pizza,Continental
2022-11-21,Pizza_Continental,71373,501.1314782608696,658.3568695652174,1,1,Pizza,Continental
2022-11-28,Pizza_Continental,36410,653.9794323144105,655.6900436681223,0,1,Pizza,Continental
2022-12-05,Pizza_Continental,32057,658.1531304347826,658.4074782608695,0,1,Pizza,Continental
2022-12-12,Pizza_Continental,30366,658.3155895196506,658.549213973799,0,1,Pizza,Continental
2022-12-19,Pizza_Continental,26835,658.501304347826,658.6947826086956,0,1,Pizza,Continental
2022-12-26,Pizza_Continental,34107,658.4422270742358,658.3112227074236,0,1,Pizza,Continental
2023-01-02,Pizza_Continental,37301,658.4317391304347,658.4839130434782,0,1,Pizza,Continental
2023-01-09,Pizza_Continental,32062,658.1247161572053,658.2819213973798,0,1,Pizza,Continental
2023-01-16,Pizza_Continental,93765,488.00230434782605,658.1547391304348,1,1,Pizza,Continental
2023-01-23,Pizza_Continental,31027,654.837305936073,655.9223287671232,0,1,Pizza,Continental
2023-01-30,Pizza_Continental,41136,658.0990308370044,658.1871365638767,0,1,Pizza,Continental
2023-02-06,Pizza_Continental,36359,658.0609691629955,658.0433480176212,0,1,Pizza,Continental
2023-02-13,Pizza_Continental,31005,657.9132017543859,657.8426315789474,0,1,Pizza,Continental
2023-02-20,Pizza_Continental,28890,657.1698260869565,657.9056086956522,0,1,Pizza,Continental
2023-02-27,Pizza_Continental,137217,437.9494372294372,657.898354978355,1,1,Pizza,Continental
2023-03-06,Pizza_Continental,50012,438.5665065502183,657.9434934497816,1,1,Pizza,Continental
2023-03-13,Pizza_Continental,156092,436.78991341991343,657.7251948051947,1,1,Pizza,Continental
2023-03-20,Pizza_Continental,132715,437.35696969696966,657.7944588744589,1,1,Pizza,Continental
2023-03-27,Pizza_Continental,24909,647.6253508771929,651.9544298245613,0,1,Pizza,Continental
2023-04-03,Pizza_Continental,26824,658.4267400881057,658.3078414096916,0,1,Pizza,Continental
2023-04-10,Pizza_Continental,24737,658.4475438596492,658.1888157894737,0,1,Pizza,Continental
2023-04-17,Pizza_Continental,22616,658.4491304347825,658.3614782608695,0,1,Pizza,Continental
2023-04-24,Pizza_Continental,24064,658.3216299559472,658.2856828193833,0,1,Pizza,Continental
2023-05-01,Pizza_Continental,25360,657.4218421052632,658.0189035087719,0,1,Pizza,Continental
2023-05-08,Pizza_Continental,23560,658.3810917030568,658.2930567685589,0,1,Pizza,Continental
2023-05-15,Pizza_Continental,20147,658.460701754386,658.319649122807,0,1,Pizza,Continental
2023-05-22,Pizza_Continental,19314,658.3594642857142,658.2828571428571,0,1,Pizza,Continental
2023-05-29,Pizza_Continental,28314,657.5637391304348,657.665652173913,0,1,Pizza,Continental
2023-06-05,Pizza_Continental,108460,488.1761038961039,657.8230735930736,1,1,Pizza,Continental
2023-06-12,Pizza_Continental,84521,487.55922077922077,657.9572727272728,1,1,Pizza,Continental
2023-06-19,Pizza_Continental,18325,651.5414285714286,654.3862053571429,0,1,Pizza,Continental
2023-06-26,Pizza_Continental,21777,657.1013274336283,658.0315929203539,0,1,Pizza,Continental
2023-07-03,Pizza_Continental,88466,472.788,658.1672173913043,1,1,Pizza,Continental
2023-07-10,Pizza_Continental,25108,652.6241850220265,654.1843171806167,0,1,Pizza,Continental
2023-07-17,Pizza_Continental,22067,658.3317467248909,658.458384279476,0,1,Pizza,Continental
2023-07-24,Pizza_Continental,23678,658.7647345132743,658.6585398230088,0,1,Pizza,Continental
2023-07-31,Pizza_Continental,29331,658.4448684210525,658.3176754385964,0,1,Pizza,Continental
2023-08-07,Pizza_Continental,109350,488.3209523809524,658.1217316017315,1,1,Pizza,Continental
2023-08-14,Pizza_Continental,93951,487.27839826839823,658.1303896103896,1,1,Pizza,Continental
2023-08-21,Pizza_Continental,50201,487.7548484848485,658.1303896103896,0,1,Pizza,Continental
2023-08-28,Pizza_Continental,61642,487.9860606060606,658.0784415584416,0,1,Pizza,Continental
2023-09-04,Pizza_Continental,65952,487.1176086956521,658.1864782608695,0,1,Pizza,Continental
2023-09-11,Pizza_Continental,97544,466.305670995671,658.1563636363636,1,1,Pizza,Continental
2023-09-18,Pizza_Continental,47543,487.2443722943723,658.1953246753246,0,1,Pizza,Continental
2023-09-25,Pizza_Continental,52362,487.54424242424244,658.1433766233766,0,1,Pizza,Continental
2023-10-02,Pizza_Continental,139121,438.9191774891775,658.1693506493506,1,1,Pizza,Continental
2023-10-09,Pizza_Continental,131358,439.48987012987016,658.1130735930735,1,1,Pizza,Continental
2023-10-16,Pizza_Continental,23671,649.5209130434782,652.9890434782609,0,1,Pizza,Continental
2023-10-23,Pizza_Continental,23813,657.9805726872247,658.2190748898679,0,1,Pizza,Continental
2023-10-30,Pizza_Continental,28574,658.1225217391304,658.061652173913,0,1,Pizza,Continental
2023-11-06,Pizza_Continental,27993,658.2655411255411,658.209264069264,0,1,Pizza,Continental
2023-11-13,Pizza_Continental,47293,537.0470562770563,658.2222510822511,1,1,Pizza,Continental
2023-11-20,Pizza_Continental,39083,537.3437391304348,658.243956521739,1,1,Pizza,Continental
2023-11-27,Pizza_Continental,34114,657.3425652173913,657.3282173913043,0,1,Pizza,Continental
2023-12-04,Pizza_Continental,33942,658.0608695652174,658.5360869565217,0,1,Pizza,Continental
2023-12-11,Pizza_Continental,31584,658.4449999999999,658.304649122807,0,1,Pizza,Continental
2023-12-18,Pizza_Continental,27620,657.8792982456141,657.7784210526316,0,1,Pizza,Continental
2023-12-25,Pizza_Continental,33182,658.2836796536797,658.3702597402597,0,1,Pizza,Continental
2024-01-01,Pizza_Continental,31155,658.3264347826087,658.3264347826087,0,1,Pizza,Continental
2024-01-08,Pizza_Continental,27946,658.2893886462882,658.398558951965,0,1,Pizza,Continental
2024-01-15,Pizza_Continental,11904,658.1518604651162,658.0588372093023,0,1,Pizza,Continental
2024-01-22,Pizza_Continental,106588,487.82502164502165,658.3789177489177,0,1,Pizza,Continental
2024-01-29,Pizza_Continental,164296,487.34873362445416,658.4631877729258,1,1,Pizza,Continental
2024-02-05,Pizza_Continental,28970,654.0344594594594,655.1317117117117,0,1,Pizza,Continental
2024-02-12,Pizza_Continental,23684,667.4372123893805,665.9422566371682,0,1,Pizza,Continental
2024-02-19,Pizza_Continental,26254,667.2839130434783,666.1871304347826,0,1,Pizza,Continental
2024-02-26,Pizza_Continental,142845,465.7444155844156,666.408961038961,1,1,Pizza,Continental
2024-03-04,Pizza_Continental,127953,466.1984415584415,666.4349350649351,1,1,Pizza,Continental
2024-03-11,Pizza_Continental,93042,465.7792207792208,666.37,1,1,Pizza,Continental
2024-03-18,Pizza_Continental,83687,466.7774025974026,666.3353679653679,1,1,Pizza,Continental
2024-03-25,Pizza_Continental,43575,568.7888695652174,664.7176086956521,1,1,Pizza,Continental
2024-04-01,Pizza_Continental,21987,666.8989823008849,666.861814159292,0,1,Pizza,Continental
2024-04-08,Pizza_Continental,23049,667.4609734513274,667.5167256637168,0,1,Pizza,Continental
2024-04-15,Pizza_Continental,21827,674.7582894736842,674.9556140350877,0,1,Pizza,Continental
2024-04-22,Pizza_Continental,97824,488.4464935064935,674.947922077922,1,1,Pizza,Continental
2024-04-29,Pizza_Continental,29912,659.6850438596491,662.4344298245613,0,1,Pizza,Continental
2024-05-06,Pizza_Continental,30900,599.7629565217392,661.8463913043479,0,1,Pizza,Continental
2024-05-13,Pizza_Continental,25671,573.3334934497816,647.7244541484716,0,1,Pizza,Continental
2024-05-20,Pizza_Continental,24623,571.9968281938327,647.6258149779735,0,1,Pizza,Continental
2024-05-27,Pizza_Continental,67829,536.6457575757577,647.4452813852814,1,1,Pizza,Continental
2024-06-03,Pizza_Continental,72308,535.3333766233767,647.3587012987014,1,1,Pizza,Continental
2024-06-10,Pizza_Continental,34002,570.8368398268398,646.2225108225108,0,1,Pizza,Continental
2024-06-17,Pizza_Continental,34519,571.9949783549783,647.0403463203463,0,1,Pizza,Continental
2024-06-24,Pizza_Continental,91520,486.49523809523805,647.1225974025974,1,1,Pizza,Continental
2024-07-01,Pizza_Continental,89761,485.96181818181816,647.1572294372295,1,1,Pizza,Continental
2024-07-08,Pizza_Continental,36065,582.511341991342,645.0405194805195,0,1,Pizza,Continental
2024-07-15,Pizza_Continental,29733,586.641038961039,598.3669696969697,0,1,Pizza,Continental
2024-07-22,Pizza_Continental,37678,543.6532034632035,587.1782683982684,0,1,Pizza,Continental
2024-07-29,Pizza_Continental,75914,540.4277489177489,587.1609523809524,1,1,Pizza,Continental
2024-08-05,Pizza_Continental,68152,540.5671861471861,587.2042424242424,1,1,Pizza,Continental
2024-08-12,Pizza_Continental,40462,543.5101739130436,586.9369130434782,0,1,Pizza,Continental
2024-08-19,Pizza_Continental,35570,543.4558695652174,587.2223913043478,0,1,Pizza,Continental
2024-08-26,Pizza_Continental,42544,543.5882251082252,586.5587878787879,0,1,Pizza,Continental
2024-09-02,Pizza_Continental,52517,543.3016956521739,586.5156086956522,0,1,Pizza,Continental
2024-09-09,Pizza_Continental,142724,484.4033766233766,586.435800865801,1,1,Pizza,Continental
2024-09-16,Pizza_Continental,112694,487.6822943722944,586.4401298701299,1,1,Pizza,Continental
2024-09-23,Pizza_Continental,42731,536.9440000000001,546.8830434782609,0,1,Pizza,Continental
2024-09-30,Pizza_Continental,47089,536.7533766233767,542.5316450216451,0,1,Pizza,Continental
2024-10-07,Pizza_Continental,39980,544.1509090909091,545.3045021645022,0,1,Pizza,Continental
