data/csv/orders_real.csv
date,dish_name,quantity_sold,checkout_price,base_price,emailer_for_promotion,homepage_featured,category,cuisine
2022-01-03,Rice Bowl_Indian,137916,325.82493506493506,336.5179220779221,1,1,Rice Bowl,Indian
2022-01-10,Rice Bowl_Indian,109530,331.32269565217393,339.95978260869566,1,1,Rice Bowl,Indian
2022-01-17,Rice Bowl_Indian,101579,348.0184415584415,347.9912554112554,0,1,Rice Bowl,Indian
2022-01-24,Rice Bowl_Indian,109936,346.51502164502165,347.7179220779221,0,1,Rice Bowl,Indian
2022-01-31,Rice Bowl_Indian,642726,196.18442982456142,347.64206140350876,1,1,Rice Bowl,Indian
2022-02-07,Rice Bowl_Indian,427297,190.2567543859649,347.6639912280702,1,1,Rice Bowl,Indian
2022-02-14,Rice Bowl_Indian,422294,261.59280701754386,346.3603947368421,1,1,Rice Bowl,Indian
2022-02-21,Rice Bowl_Indian,174331,269.0763157894737,345.9825438596491,0,1,Rice Bowl,Indian
2022-02-28,Rice Bowl_Indian,120108,315.38635964912277,342.4373684210526,0,1,Rice Bowl,Indian
2022-03-07,Rice Bowl_Indian,109433,324.77434210526314,341.19157894736844,0,1,Rice Bowl,Indian
2022-03-14,Rice Bowl_Indian,110949,329.7959649122807,332.33184210526315,0,1,Rice Bowl,Indian
2022-03-21,Rice Bowl_Indian,111765,330.7550442477876,333.8608849557522,0,1,Rice Bowl,Indian
2022-03-28,Rice Bowl_Indian,117370,332.70995614035087,336.3668421052632,0,1,Rice Bowl,Indian
2022-04-04,Rice Bowl_Indian,108773,331.0814473684211,336.69644736842105,0,1,Rice Bowl,Indian
2022-04-11,Rice Bowl_Indian,107537,332.3484649122807,336.96486842105264,0,1,Rice Bowl,Indian
2022-04-18,Rice Bowl_Indian,102324,347.05122807017545,347.8064912280702,0,1,Rice Bowl,Indian
2022-04-25,Rice Bowl_Indian,226733,307.25394736842105,347.4877192982456,1,1,Rice Bowl,Indian
2022-05-02,Rice Bowl_Indian,112206,316.0372807017544,343.97328947368425,0,1,Rice Bowl,Indian
2022-05-09,Rice Bowl_Indian,170225,304.9896929824561,340.46026315789476,1,1,Rice Bowl,Indian
2022-05-16,Rice Bowl_Indian,111324,312.0834649122807,340.97517543859647,0,1,Rice Bowl,Indian
2022-05-23,Rice Bowl_Indian,119721,324.28798245614036,340.08293859649126,0,1,Rice Bowl,Indian
2022-05-30,Rice Bowl_Indian,119649,329.87,340.5771052631579,0,1,Rice Bowl,Indian
2022-06-06,Rice Bowl_Indian,112502,333.9035964912281,339.16543859649124,0,1,Rice Bowl,Indian
2022-06-13,Rice Bowl_Indian,100116,335.1714912280702,340.1282456140351,0,1,Rice Bowl,Indian
2022-06-20,Rice Bowl_Indian,213480,276.2033771929825,337.97688596491224,1,1,Rice Bowl,Indian
2022-06-27,Rice Bowl_Indian,189175,277.0244298245614,337.91267543859647,1,1,Rice Bowl,Indian
2022-07-04,Rice Bowl_Indian,94137,331.25925438596494,337.37421052631584,0,1,Rice Bowl,Indian
2022-07-11,Rice Bowl_Indian,90310,333.80627192982456,337.2242543859649,0,1,Rice Bowl,Indian
2022-07-18,Rice Bowl_Indian,88436,346.8747807017544,347.95416666666665,0,0,Rice Bowl,Indian
2022-07-25,Rice Bowl_Indian,139284,327.0612987012987,347.31112554112553,1,1,Rice Bowl,Indian
2022-08-01,Rice Bowl_Indian,124067,306.58649350649347,343.98372294372297,0,1,Rice Bowl,Indian
2022-08-08,Rice Bowl_Indian,135460,303.1241558441559,341.6697402597403,0,0,Rice Bowl,Indian
2022-08-15,Rice Bowl_Indian,117788,312.80367965367964,340.74142857142857,0,0,Rice Bowl,Indian
2022-08-22,Rice Bowl_Indian,108575,323.6594347826087,341.4213913043478,0,0,Rice Bowl,Indian
2022-08-29,Rice Bowl_Indian,76459,330.617347826087,340.9615652173913,0,0,Rice Bowl,Indian
2022-09-05,Rice Bowl_Indian,112491,335.3404329004329,341.95264069264067,0,0,Rice Bowl,Indian
2022-09-12,Rice Bowl_Indian,108176,337.09779220779217,340.488051948052,0,0,Rice Bowl,Indian
2022-09-19,Rice Bowl_Indian,324809,295.41939393939396,340.8518181818182,1,1,Rice Bowl,Indian
2022-09-26,Rice Bowl_Indian,116547,332.4749350649351,338.89722943722944,0,1,Rice Bowl,Indian
2022-10-03,Rice Bowl_Indian,108955,334.5474458874459,339.69454545454545,0,0,Rice Bowl,Indian
2022-10-10,Rice Bowl_Indian,155561,317.8817748917749,338.404632034632,1,1,Rice Bowl,Indian
2022-10-17,Rice Bowl_Indian,94779,345.36233766233767,347.1271428571428,0,1,Rice Bowl,Indian
2022-10-24,Rice Bowl_Indian,101360,346.00060606060606,347.64757575757574,0,1,Rice Bowl,Indian
2022-10-31,Rice Bowl_Indian,124676,319.35497835497836,343.31316017316016,0,1,Rice Bowl,Indian
2022-11-07,Rice Bowl_Indian,302572,304.2664502164502,342.1712554112554,1,1,Rice Bowl,Indian
2022-11-14,Rice Bowl_Indian,173517,301.28194805194806,339.3365800865801,1,1,Rice Bowl,Indian
2022-11-21,Rice Bowl_Indian,133002,307.11805194805197,340.25502164502166,1,1,Rice Bowl,Indian
2022-11-28,Rice Bowl_Indian,128303,315.82329004329,339.45493506493506,0,1,Rice Bowl,Indian
2022-12-05,Rice Bowl_Indian,114914,316.99757575757576,338.7591774891775,0,0,Rice Bowl,Indian
2022-12-12,Rice Bowl_Indian,104055,329.71493506493505,338.15238095238095,0,0,Rice Bowl,Indian
2022-12-19,Rice Bowl_Indian,86529,332.54038961038964,336.2314285714286,0,0,Rice Bowl,Indian
2022-12-26,Rice Bowl_Indian,118677,332.5174458874459,333.8312554112554,0,0,Rice Bowl,Indian
2023-01-02,Rice Bowl_Indian,124750,329.5051948051948,332.91857142857145,0,0,Rice Bowl,Indian
2023-01-09,Rice Bowl_Indian,87269,327.233,330.37208695652174,0,0,Rice Bowl,Indian
2023-01-16,Rice Bowl_Indian,155600,319.68445887445887,333.5225974025974,1,1,Rice Bowl,Indian
2023-01-23,Rice Bowl_Indian,116800,340.3305627705628,340.56653679653675,0,1,Rice Bowl,Indian
2023-01-30,Rice Bowl_Indian,133368,306.53242424242427,337.62307359307357,0,1,Rice Bowl,Indian
2023-02-06,Rice Bowl_Indian,216095,231.23748917748918,336.1493073593074,1,1,Rice Bowl,Indian
2023-02-13,Rice Bowl_Indian,181757,242.62121212121212,336.1542857142857,1,1,Rice Bowl,Indian
2023-02-20,Rice Bowl_Indian,121910,305.35168831168835,335.1309956709957,0,1,Rice Bowl,Indian
2023-02-27,Rice Bowl_Indian,105041,315.9899134199134,335.7556277056277,0,1,Rice Bowl,Indian
2023-03-06,Rice Bowl_Indian,46313,322.54786956521735,337.1030434782609,0,1,Rice Bowl,Indian
2023-03-13,Rice Bowl_Indian,92333,321.975367965368,325.41891774891775,0,0,Rice Bowl,Indian
2023-03-20,Rice Bowl_Indian,92667,321.4290909090909,326.9787878787879,0,0,Rice Bowl,Indian
2023-03-27,Rice Bowl_Indian,112367,323.22987012987016,327.9912987012987,0,0,Rice Bowl,Indian
2023-04-03,Rice Bowl_Indian,107941,327.88,330.22471861471865,0,0,Rice Bowl,Indian
2023-04-10,Rice Bowl_Indian,113728,319.9541558441559,328.71606060606064,0,0,Rice Bowl,Indian
2023-04-17,Rice Bowl_Indian,106224,342.0922943722944,342.13558441558445,0,0,Rice Bowl,Indian
2023-04-24,Rice Bowl_Indian,115735,337.18883116883114,339.88220779220774,0,1,Rice Bowl,Indian
2023-05-01,Rice Bowl_Indian,122304,313.2784415584416,335.41800865800866,0,0,Rice Bowl,Indian
2023-05-08,Rice Bowl_Indian,127165,307.4461471861472,334.5301298701299,0,0,Rice Bowl,Indian
2023-05-15,Rice Bowl_Indian,110894,317.2864069264069,334.5831601731602,0,1,Rice Bowl,Indian
2023-05-22,Rice Bowl_Indian,100307,323.751341991342,335.1479220779221,0,1,Rice Bowl,Indian
2023-05-29,Rice Bowl_Indian,109266,328.7622510822511,334.8542857142857,0,1,Rice Bowl,Indian
2023-06-05,Rice Bowl_Indian,113737,332.1050216450216,334.28883116883117,0,0,Rice Bowl,Indian
2023-06-12,Rice Bowl_Indian,103571,333.7438528138528,335.03800865800866,0,0,Rice Bowl,Indian
2023-06-19,Rice Bowl_Indian,196851,276.20926406926407,336.42290043290046,1,1,Rice Bowl,Indian
2023-06-26,Rice Bowl_Indian,185392,275.7034199134199,336.48757575757577,1,1,Rice Bowl,Indian
2023-07-03,Rice Bowl_Indian,114967,320.1086147186147,335.63268398268394,1,1,Rice Bowl,Indian
2023-07-10,Rice Bowl_Indian,113314,331.8877056277056,335.77190476190475,0,1,Rice Bowl,Indian
2023-07-17,Rice Bowl_Indian,108778,343.04588744588744,343.21038961038965,0,1,Rice Bowl,Indian
2023-07-24,Rice Bowl_Indian,173658,309.57679653679656,342.9977056277056,1,1,Rice Bowl,Indian
2023-07-31,Rice Bowl_Indian,249753,277.01329004329006,338.16826839826837,1,1,Rice Bowl,Indian
2023-08-07,Rice Bowl_Indian,103722,297.5255411255411,334.63,0,1,Rice Bowl,Indian
2023-08-14,Rice Bowl_Indian,117110,298.6622608695653,335.4525652173913,0,1,Rice Bowl,Indian
2023-08-21,Rice Bowl_Indian,127872,301.32004347826086,335.0181739130435,0,1,Rice Bowl,Indian
2023-08-28,Rice Bowl_Indian,98672,322.4035930735931,334.07125541125544,0,1,Rice Bowl,Indian
2023-09-04,Rice Bowl_Indian,97605,327.4255844155844,334.43147186147183,0,1,Rice Bowl,Indian
2023-09-11,Rice Bowl_Indian,106537,330.2715584415584,332.9219913419913,0,1,Rice Bowl,Indian
2023-09-18,Rice Bowl_Indian,214147,305.86346320346325,334.50666666666666,1,1,Rice Bowl,Indian
2023-09-25,Rice Bowl_Indian,119499,332.28112554112556,335.598961038961,0,1,Rice Bowl,Indian
2023-10-02,Rice Bowl_Indian,112183,332.0365367965368,335.7023376623377,0,1,Rice Bowl,Indian
2023-10-09,Rice Bowl_Indian,110946,332.64199134199134,336.32134199134197,0,1,Rice Bowl,Indian
2023-10-16,Rice Bowl_Indian,133948,328.78073593073594,337.3624675324675,0,1,Rice Bowl,Indian
2023-10-23,Rice Bowl_Indian,265610,319.3408225108225,337.1508225108225,1,1,Rice Bowl,Indian
2023-10-30,Rice Bowl_Indian,117501,334.9478354978355,339.86471861471864,0,1,Rice Bowl,Indian
2023-11-06,Rice Bowl_Indian,60121,309.36850877192984,337.0392105263158,0,1,Rice Bowl,Indian
2023-11-13,Rice Bowl_Indian,247356,308.4230735930736,335.53359307359307,1,1,Rice Bowl,Indian
2023-11-20,Rice Bowl_Indian,170334,310.5769696969697,336.05116883116887,1,1,Rice Bowl,Indian
2023-11-27,Rice Bowl_Indian,302550,308.09108225108224,335.2466233766234,1,1,Rice Bowl,Indian
2023-12-04,Rice Bowl_Indian,234667,308.82670995671,334.28779220779217,1,1,Rice Bowl,Indian
2023-12-11,Rice Bowl_Indian,216118,298.0225974025974,334.74809523809523,1,1,Rice Bowl,Indian
2023-12-18,Rice Bowl_Indian,167213,298.0605194805195,333.22432900432904,1,1,Rice Bowl,Indian
2023-12-25,Rice Bowl_Indian,119352,329.5531168831169,334.3945887445887,0,0,Rice Bowl,Indian
2024-01-01,Rice Bowl_Indian,131421,330.10965367965366,333.6341558441559,0,1,Rice Bowl,Indian
2024-01-08,Rice Bowl_Indian,175424,311.92212121212117,333.53835497835496,1,1,Rice Bowl,Indian
2024-01-15,Rice Bowl_Indian,155938,315.85290043290047,334.87012987012986,1,1,Rice Bowl,Indian
2024-01-22,Rice Bowl_Indian,117811,338.2740692640692,339.7061038961039,0,1,Rice Bowl,Indian
2024-01-29,Rice Bowl_Indian,134176,320.195367965368,336.5739393939394,0,1,Rice Bowl,Indian
2024-02-05,Rice Bowl_Indian,123165,310.5915584415584,333.2184415584416,0,1,Rice Bowl,Indian
2024-02-12,Rice Bowl_Indian,224214,253.25930735930737,333.6699567099567,1,1,Rice Bowl,Indian
2024-02-19,Rice Bowl_Indian,203757,253.29303030303032,333.71090909090907,1,1,Rice Bowl,Indian
2024-02-26,Rice Bowl_Indian,107928,331.8600432900433,341.16294372294374,0,1,Rice Bowl,Indian
2024-03-04,Rice Bowl_Indian,99018,336.61753246753244,342.34238095238095,0,1,Rice Bowl,Indian
2024-03-11,Rice Bowl_Indian,92928,336.51017316017317,342.24658008658014,0,1,Rice Bowl,Indian
2024-03-18,Rice Bowl_Indian,94803,342.3171861471862,345.42480519480523,0,1,Rice Bowl,Indian
2024-03-25,Rice Bowl_Indian,117404,343.6235064935065,346.15779220779217,0,1,Rice Bowl,Indian
2024-04-01,Rice Bowl_Indian,118302,342.5234632034632,346.401341991342,0,1,Rice Bowl,Indian
2024-04-08,Rice Bowl_Indian,236762,325.6518614718615,346.95878787878786,1,1,Rice Bowl,Indian
2024-04-15,Rice Bowl_Indian,196381,328.3135930735931,346.8877922077922,1,1,Rice Bowl,Indian
2024-04-22,Rice Bowl_Indian,111259,350.13965367965363,351.4559307359307,0,1,Rice Bowl,Indian
2024-04-29,Rice Bowl_Indian,127333,314.8207359307359,348.22025974025973,0,1,Rice Bowl,Indian
2024-05-06,Rice Bowl_Indian,130288,304.5904329004329,346.41064935064935,0,1,Rice Bowl,Indian
2024-05-13,Rice Bowl_Indian,118351,313.64653679653685,345.8495670995671,0,1,Rice Bowl,Indian
2024-05-20,Rice Bowl_Indian,114480,323.0469696969697,345.16277056277056,0,1,Rice Bowl,Indian
2024-05-27,Rice Bowl_Indian,125100,330.82519480519477,344.94701298701295,0,1,Rice Bowl,Indian
2024-06-03,Rice Bowl_Indian,120715,334.07558441558444,344.18670995671,0,1,Rice Bowl,Indian
2024-06-10,Rice Bowl_Indian,112785,335.7808225108225,338.2324675324675,0,1,Rice Bowl,Indian
2024-06-17,Rice Bowl_Indian,121243,338.75554112554113,339.9220779220779,0,1,Rice Bowl,Indian
2024-06-24,Rice Bowl_Indian,236381,315.86212121212117,340.76060606060605,1,1,Rice Bowl,Indian
2024-07-01,Rice Bowl_Indian,204005,315.67168831168834,340.5328138528139,1,1,Rice Bowl,Indian
2024-07-08,Rice Bowl_Indian,124307,337.05012987012987,340.91320346320344,0,1,Rice Bowl,Indian
2024-07-15,Rice Bowl_Indian,118763,348.9048484848485,350.6342424242424,0,1,Rice Bowl,Indian
2024-07-22,Rice Bowl_Indian,318536,347.1222943722944,350.79679653679653,1,1,Rice Bowl,Indian
2024-07-29,Rice Bowl_Indian,166127,275.6331168831169,347.6848484848485,1,1,Rice Bowl,Indian
2024-08-05,Rice Bowl_Indian,153539,265.36857142857144,345.95216450216446,1,1,Rice Bowl,Indian
2024-08-12,Rice Bowl_Indian,132354,277.74445887445887,344.091038961039,0,1,Rice Bowl,Indian
2024-08-19,Rice Bowl_Indian,125680,324.22939393939396,343.10636363636365,0,1,Rice Bowl,Indian
2024-08-26,Rice Bowl_Indian,124708,333.03,342.59194805194807,0,1,Rice Bowl,Indian
2024-09-02,Rice Bowl_Indian,126284,332.3875324675325,341.2351082251082,0,1,Rice Bowl,Indian
2024-09-09,Rice Bowl_Indian,110136,336.8136796536797,340.2291341991342,0,1,Rice Bowl,Indian
2024-09-16,Rice Bowl_Indian,107032,338.302380952381,341.70108225108225,0,1,Rice Bowl,Indian
2024-09-23,Rice Bowl_Indian,127751,340.38125541125544,343.1496536796537,0,1,Rice Bowl,Indian
2024-09-30,Rice Bowl_Indian,118935,340.56021645021644,342.5640259740259,0,1,Rice Bowl,Indian
2024-10-07,Rice Bowl_Indian,93183,335.174329004329,340.45134199134196,0,1,Rice Bowl,Indian
