data/csv/orders_real.csv
date,dish_name,quantity_sold,checkout_price,base_price,emailer_for_promotion,homepage_featured,category,cuisine
2022-01-03,Sandwich_Italian,113218,282.86234782608693,297.2416956521739,1,1,Sandwich,Italian
2022-01-10,Sandwich_Italian,94048,285.96554585152836,299.9178165938864,1,1,Sandwich,Italian
2022-01-17,Sandwich_Italian,82063,299.7084782608695,300.26186956521735,0,1,Sandwich,Italian
2022-01-24,Sandwich_Italian,80333,299.63334782608695,300.69399999999996,0,1,Sandwich,Italian
2022-01-31,Sandwich_Italian,71882,285.42312775330396,299.40894273127753,0,1,Sandwich,Italian
2022-02-07,Sandwich_Italian,63264,278.77716814159294,296.637389380531,0,0,Sandwich,Italian
2022-02-14,Sandwich_Italian,68758,281.8532300884956,293.41973451327436,0,0,Sandwich,Italian
2022-02-21,Sandwich_Italian,67738,286.40650442477875,293.4738938053097,0,0,Sandwich,Italian
2022-02-28,Sandwich_Italian,73918,287.53030837004405,293.0613215859031,0,0,Sandwich,Italian
2022-03-07,Sandwich_Italian,187790,252.8107488986784,293.2139647577092,1,1,Sandwich,Italian
2022-03-14,Sandwich_Italian,168044,254.91819383259912,293.3946255506608,1,1,Sandwich,Italian
2022-03-21,Sandwich_Italian,108706,255.65960352422906,293.1799559471366,0,1,Sandwich,Italian
2022-03-28,Sandwich_Italian,77290,291.2619383259912,293.8222466960352,0,1,Sandwich,Italian
2022-04-04,Sandwich_Italian,68165,291.3198660714286,294.07330357142854,0,1,Sandwich,Italian
2022-04-11,Sandwich_Italian,64380,295.28266666666667,296.3261777777778,0,1,Sandwich,Italian
2022-04-18,Sandwich_Italian,61945,298.3778318584071,299.246592920354,0,1,Sandwich,Italian
2022-04-25,Sandwich_Italian,77240,294.8330837004405,298.12700440528636,0,1,Sandwich,Italian
2022-05-02,Sandwich_Italian,314753,229.4353744493392,298.1876211453744,1,1,Sandwich,Italian
2022-05-09,Sandwich_Italian,138895,270.29115044247783,295.73530973451324,0,1,Sandwich,Italian
2022-05-16,Sandwich_Italian,83674,289.3390707964602,296.34477876106195,0,1,Sandwich,Italian
2022-05-23,Sandwich_Italian,95019,291.40629955947134,295.3821585903084,0,1,Sandwich,Italian
2022-05-30,Sandwich_Italian,210751,264.3829074889868,295.2291629955947,1,1,Sandwich,Italian
2022-06-06,Sandwich_Italian,187041,264.40762114537443,295.30502202643174,1,1,Sandwich,Italian
2022-06-13,Sandwich_Italian,84708,292.3975330396476,294.9393832599119,0,1,Sandwich,Italian
2022-06-20,Sandwich_Italian,80824,293.9279735682819,295.7025110132159,0,1,Sandwich,Italian
2022-06-27,Sandwich_Italian,86063,295.27696035242286,295.83898678414096,0,1,Sandwich,Italian
2022-07-04,Sandwich_Italian,87368,296.1833920704846,296.2719383259912,0,1,Sandwich,Italian
2022-07-11,Sandwich_Italian,87481,284.4154625550661,295.25251101321584,1,1,Sandwich,Italian
2022-07-18,Sandwich_Italian,74733,287.07493392070484,297.3203083700441,1,1,Sandwich,Italian
2022-07-25,Sandwich_Italian,297530,255.23986842105265,297.0522368421053,1,1,Sandwich,Italian
2022-08-01,Sandwich_Italian,109836,277.13578260869565,291.20808695652175,0,1,Sandwich,Italian
2022-08-08,Sandwich_Italian,381664,262.97391304347826,291.20978260869566,1,1,Sandwich,Italian
2022-08-15,Sandwich_Italian,94260,286.338864628821,291.41043668122273,0,1,Sandwich,Italian
2022-08-22,Sandwich_Italian,81137,293.2367826086957,296.09839130434784,0,1,Sandwich,Italian
2022-08-29,Sandwich_Italian,55841,297.00157205240174,298.9689519650655,0,1,Sandwich,Italian
2022-09-05,Sandwich_Italian,94129,299.08930131004365,300.22724890829693,0,1,Sandwich,Italian
2022-09-12,Sandwich_Italian,83066,299.7075,300.4130701754386,0,1,Sandwich,Italian
2022-09-19,Sandwich_Italian,77534,300.49969432314407,301.3297816593887,0,0,Sandwich,Italian
2022-09-26,Sandwich_Italian,81760,303.4798689956332,303.7449781659389,0,1,Sandwich,Italian
2022-10-03,Sandwich_Italian,103700,292.83829694323146,304.2134061135371,0,1,Sandwich,Italian
2022-10-10,Sandwich_Italian,85801,292.19947598253276,303.83707423580785,0,1,Sandwich,Italian
2022-10-17,Sandwich_Italian,84237,294.5908733624454,305.5466375545852,0,1,Sandwich,Italian
2022-10-24,Sandwich_Italian,80058,294.4766375545851,305.3534061135372,0,0,Sandwich,Italian
2022-10-31,Sandwich_Italian,82724,299.6692139737991,303.1671615720524,0,1,Sandwich,Italian
2022-11-07,Sandwich_Italian,86911,296.6584716157205,301.9419650655022,0,1,Sandwich,Italian
2022-11-14,Sandwich_Italian,122514,243.5897379912664,301.8415283842795,1,1,Sandwich,Italian
2022-11-21,Sandwich_Italian,161661,244.64147826086958,301.7349565217391,1,1,Sandwich,Italian
2022-11-28,Sandwich_Italian,485452,218.6545652173913,301.5384347826087,1,1,Sandwich,Italian
2022-12-05,Sandwich_Italian,107033,284.7945652173913,301.9937391304348,0,1,Sandwich,Italian
2022-12-12,Sandwich_Italian,95383,285.20695652173913,301.35508695652175,0,1,Sandwich,Italian
2022-12-19,Sandwich_Italian,112784,269.5398695652174,301.23978260869563,1,1,Sandwich,Italian
2022-12-26,Sandwich_Italian,100474,297.1655217391304,301.34743478260873,0,1,Sandwich,Italian
2023-01-02,Sandwich_Italian,113147,297.63034782608696,301.5176086956522,0,1,Sandwich,Italian
2023-01-09,Sandwich_Italian,72662,297.33078260869564,299.9354347826087,0,1,Sandwich,Italian
2023-01-16,Sandwich_Italian,88119,300.1390434782609,302.4630869565217,0,1,Sandwich,Italian
2023-01-23,Sandwich_Italian,76813,301.67995652173914,302.35947826086954,0,0,Sandwich,Italian
2023-01-30,Sandwich_Italian,89785,289.88091304347824,299.3043913043478,0,1,Sandwich,Italian
2023-02-06,Sandwich_Italian,81448,286.6141125541126,298.0258874458874,0,1,Sandwich,Italian
2023-02-13,Sandwich_Italian,85061,290.7550869565217,296.50217391304346,0,1,Sandwich,Italian
2023-02-20,Sandwich_Italian,456194,243.77530434782608,296.3195652173913,1,1,Sandwich,Italian
2023-02-27,Sandwich_Italian,99815,295.061,296.0037391304348,0,1,Sandwich,Italian
2023-03-06,Sandwich_Italian,43129,297.7701739130435,298.6347391304348,0,1,Sandwich,Italian
2023-03-13,Sandwich_Italian,107070,284.5531304347826,298.7678260869566,1,1,Sandwich,Italian
2023-03-20,Sandwich_Italian,100394,281.5234782608696,296.30147826086954,1,1,Sandwich,Italian
2023-03-27,Sandwich_Italian,92870,295.27417391304346,296.6035652173913,0,0,Sandwich,Italian
2023-04-03,Sandwich_Italian,96440,296.7102597402597,297.29709956709956,0,0,Sandwich,Italian
2023-04-10,Sandwich_Italian,98986,294.33917391304345,296.27921739130437,0,1,Sandwich,Italian
2023-04-17,Sandwich_Italian,368918,230.01291304347828,296.31939130434785,1,1,Sandwich,Italian
2023-04-24,Sandwich_Italian,374333,211.34316017316016,296.2731601731602,1,1,Sandwich,Italian
2023-05-01,Sandwich_Italian,388667,229.38952173913046,296.08678260869567,1,1,Sandwich,Italian
2023-05-08,Sandwich_Italian,347178,229.85493506493506,295.96961038961035,1,1,Sandwich,Italian
2023-05-15,Sandwich_Italian,92188,289.92812227074234,293.7987772925764,0,1,Sandwich,Italian
2023-05-22,Sandwich_Italian,86215,294.8846753246753,296.81658008658013,0,1,Sandwich,Italian
2023-05-29,Sandwich_Italian,137626,297.1426086956522,296.86382608695646,1,1,Sandwich,Italian
2023-06-05,Sandwich_Italian,262279,247.96238095238095,296.4371861471862,1,1,Sandwich,Italian
2023-06-12,Sandwich_Italian,139359,244.38363636363638,295.64943722943724,1,1,Sandwich,Italian
2023-06-19,Sandwich_Italian,74156,294.0255217391304,296.9841739130435,0,1,Sandwich,Italian
2023-06-26,Sandwich_Italian,78912,294.7392825112108,298.2033183856502,0,1,Sandwich,Italian
2023-07-03,Sandwich_Italian,249155,230.6419650655022,298.1280349344978,1,1,Sandwich,Italian
2023-07-10,Sandwich_Italian,87640,294.5714912280702,297.12719298245617,0,1,Sandwich,Italian
2023-07-17,Sandwich_Italian,87408,297.78744588744587,299.42536796536797,0,1,Sandwich,Italian
2023-07-24,Sandwich_Italian,87894,297.4176623376623,299.7748051948052,0,1,Sandwich,Italian
2023-07-31,Sandwich_Italian,101026,296.54517391304347,298.27534782608694,0,1,Sandwich,Italian
2023-08-07,Sandwich_Italian,86853,297.6518614718615,297.87722943722946,0,1,Sandwich,Italian
2023-08-14,Sandwich_Italian,73835,296.40424242424245,298.54238095238094,0,1,Sandwich,Italian
2023-08-21,Sandwich_Italian,69925,299.14051948051946,299.59623376623375,0,1,Sandwich,Italian
2023-08-28,Sandwich_Italian,69959,305.1558874458874,305.2113852813853,0,1,Sandwich,Italian
2023-09-04,Sandwich_Italian,58509,306.48157205240176,306.7071179039301,0,0,Sandwich,Italian
2023-09-11,Sandwich_Italian,57266,306.18965217391303,306.76691304347827,0,1,Sandwich,Italian
2023-09-18,Sandwich_Italian,55084,308.1918695652174,308.57278260869566,0,0,Sandwich,Italian
2023-09-25,Sandwich_Italian,66379,306.90090909090907,308.2171861471861,0,1,Sandwich,Italian
2023-10-02,Sandwich_Italian,164613,270.42012987012987,308.5567965367965,1,1,Sandwich,Italian
2023-10-09,Sandwich_Italian,157477,265.17839826839827,306.5236363636364,1,1,Sandwich,Italian
2023-10-16,Sandwich_Italian,91125,286.12004329004327,306.21220779220783,0,1,Sandwich,Italian
2023-10-23,Sandwich_Italian,84321,287.325,306.41978260869564,0,1,Sandwich,Italian
2023-10-30,Sandwich_Italian,83138,286.13341991341997,305.39064935064937,0,0,Sandwich,Italian
2023-11-06,Sandwich_Italian,70945,279.04471861471865,303.63961038961037,1,1,Sandwich,Italian
2023-11-13,Sandwich_Italian,83724,286.2716883116883,306.20567099567097,0,1,Sandwich,Italian
2023-11-20,Sandwich_Italian,68708,302.7428695652174,307.05165217391306,0,0,Sandwich,Italian
2023-11-27,Sandwich_Italian,88196,312.25528138528136,313.26419913419915,0,0,Sandwich,Italian
2023-12-04,Sandwich_Italian,73583,308.7251304347826,312.45726086956523,0,1,Sandwich,Italian
2023-12-11,Sandwich_Italian,61349,311.01116883116885,312.9905627705628,0,0,Sandwich,Italian
2023-12-18,Sandwich_Italian,53690,312.09096069868997,312.8766812227074,0,1,Sandwich,Italian
2023-12-25,Sandwich_Italian,77150,312.63343478260873,313.1584782608696,0,0,Sandwich,Italian
2024-01-01,Sandwich_Italian,116593,313.6361471861472,314.3354545454546,0,1,Sandwich,Italian
2024-01-08,Sandwich_Italian,79075,313.791645021645,314.1010822510823,0,0,Sandwich,Italian
2024-01-15,Sandwich_Italian,74580,314.71008658008657,314.7533766233766,0,1,Sandwich,Italian
2024-01-22,Sandwich_Italian,158765,291.4557142857143,314.4809956709957,1,1,Sandwich,Italian
2024-01-29,Sandwich_Italian,168023,282.5098268398268,310.54636363636365,1,1,Sandwich,Italian
2024-02-05,Sandwich_Italian,202679,265.7220779220779,310.0120346320346,1,1,Sandwich,Italian
2024-02-12,Sandwich_Italian,182700,266.20722943722944,310.6203896103896,0,1,Sandwich,Italian
2024-02-19,Sandwich_Italian,186540,267.1165800865801,310.5592640692641,0,1,Sandwich,Italian
2024-02-26,Sandwich_Italian,90244,310.23272727272723,312.74883116883115,0,1,Sandwich,Italian
2024-03-04,Sandwich_Italian,83224,311.7537662337662,313.24476190476196,0,1,Sandwich,Italian
2024-03-11,Sandwich_Italian,76565,313.2848917748918,314.2959307359307,0,1,Sandwich,Italian
2024-03-18,Sandwich_Italian,128110,305.38,313.710303030303,1,1,Sandwich,Italian
2024-03-25,Sandwich_Italian,70149,317.69630434782607,318.55600000000004,0,1,Sandwich,Italian
2024-04-01,Sandwich_Italian,69159,319.5898701298701,320.18839826839826,0,1,Sandwich,Italian
2024-04-08,Sandwich_Italian,68149,319.30930434782607,319.5904347826087,0,1,Sandwich,Italian
2024-04-15,Sandwich_Italian,62754,319.898658008658,320.2725108225108,0,0,Sandwich,Italian
2024-04-22,Sandwich_Italian,220621,280.7200865800866,320.1242424242424,1,1,Sandwich,Italian
2024-04-29,Sandwich_Italian,210882,274.9399567099567,318.14207792207793,1,1,Sandwich,Italian
2024-05-06,Sandwich_Italian,205204,275.2560606060606,316.9009956709957,1,1,Sandwich,Italian
2024-05-13,Sandwich_Italian,190903,277.30536796536796,317.3019913419913,1,1,Sandwich,Italian
2024-05-20,Sandwich_Italian,78849,314.34857142857146,316.24424242424243,0,1,Sandwich,Italian
2024-05-27,Sandwich_Italian,82259,317.02476190476193,318.7949350649351,0,1,Sandwich,Italian
2024-06-03,Sandwich_Italian,79550,318.2397402597403,319.5116883116883,0,0,Sandwich,Italian
2024-06-10,Sandwich_Italian,285481,256.42506493506494,317.5877922077922,1,1,Sandwich,Italian
2024-06-17,Sandwich_Italian,209072,261.42454545454547,315.9477922077922,1,1,Sandwich,Italian
2024-06-24,Sandwich_Italian,94855,315.7382251082251,318.8380086580087,0,1,Sandwich,Italian
2024-07-01,Sandwich_Italian,108396,309.5001731601731,319.88787878787883,0,1,Sandwich,Italian
2024-07-08,Sandwich_Italian,275677,279.032987012987,319.53190476190474,1,1,Sandwich,Italian
2024-07-15,Sandwich_Italian,213875,285.16670995670995,324.6309523809524,1,1,Sandwich,Italian
2024-07-22,Sandwich_Italian,93349,320.73939393939395,324.46008658008657,0,1,Sandwich,Italian
2024-07-29,Sandwich_Italian,104023,322.00740259740263,323.74203463203463,0,1,Sandwich,Italian
2024-08-05,Sandwich_Italian,92878,321.02454545454543,323.1201731601731,0,1,Sandwich,Italian
2024-08-12,Sandwich_Italian,76096,322.47890829694325,323.3326637554585,0,1,Sandwich,Italian
2024-08-19,Sandwich_Italian,73313,323.44734782608697,324.9499565217391,0,1,Sandwich,Italian
2024-08-26,Sandwich_Italian,100160,324.25709956709954,325.1948484848485,0,1,Sandwich,Italian
2024-09-02,Sandwich_Italian,97630,324.8803896103896,326.0934199134199,0,1,Sandwich,Italian
2024-09-09,Sandwich_Italian,84638,325.560652173913,325.3540434782609,0,1,Sandwich,Italian
2024-09-16,Sandwich_Italian,82977,325.841341991342,325.8087878787879,0,1,Sandwich,Italian
2024-09-23,Sandwich_Italian,94747,328.8197402597403,328.89974025974027,0,1,Sandwich,Italian
2024-09-30,Sandwich_Italian,93063,329.04186147186147,328.9530303030303,0,1,Sandwich,Italian
2024-10-07,Sandwich_Italian,84678,328.97779220779216,329.0302164502164,0,0,Sandwich,Italian
