data/csv/orders_real.csv
date,dish_name,quantity_sold,checkout_price,base_price,emailer_for_promotion,homepage_featured,category,cuisine
2022-01-03,Seafood_Continental,10558,642.3876506024096,645.6415060240964,0,1,Seafood,Continental
2022-01-10,Seafood_Continental,9927,644.8829761904761,644.8468452380953,0,1,Seafood,Continental
2022-01-17,Seafood_Continental,9943,644.3194610778444,646.2632934131736,0,1,Seafood,Continental
2022-01-24,Seafood_Continental,12527,645.2691764705881,645.2631176470588,0,1,Seafood,Continental
2022-01-31,Seafood_Continental,43585,489.6248148148148,644.9186243386243,1,1,Seafood,Continental
2022-02-07,Seafood_Continental,40621,488.8702094240837,643.435497382199,0,1,Seafood,Continental
2022-02-14,Seafood_Continental,12094,661.4598224852072,661.5118934911243,0,1,Seafood,Continental
2022-02-21,Seafood_Continental,6682,661.9709333333333,663.0824,0,1,Seafood,Continental
2022-02-28,Seafood_Continental,85412,437.97791878172586,663.2011675126904,1,1,Seafood,Continental
2022-03-07,Seafood_Continental,86996,438.6017857142857,662.7627040816327,1,1,Seafood,Continental
2022-03-14,Seafood_Continental,57004,438.38564766839374,662.8632124352332,1,1,Seafood,Continental
2022-03-21,Seafood_Continental,8870,625.7152531645569,642.7616455696202,0,1,Seafood,Continental
2022-03-28,Seafood_Continental,9042,640.3790476190477,641.9466071428571,0,1,Seafood,Continental
2022-04-04,Seafood_Continental,9872,640.5230722891566,640.188734939759,0,1,Seafood,Continental
2022-04-11,Seafood_Continental,10665,641.1806818181818,641.1125000000001,0,1,Seafood,Continental
2022-04-18,Seafood_Continental,8824,640.9993167701863,641.1049068322982,0,1,Seafood,Continental
2022-04-25,Seafood_Continental,10766,640.2800581395348,640.2636627906977,0,1,Seafood,Continental
2022-05-02,Seafood_Continental,8546,641.1713253012049,641.3075301204819,0,1,Seafood,Continental
2022-05-09,Seafood_Continental,9156,639.9937349397591,640.8760240963855,0,1,Seafood,Continental
2022-05-16,Seafood_Continental,7046,642.4185625,642.5935625,0,0,Seafood,Continental
2022-05-23,Seafood_Continental,8029,641.4906666666667,641.6118787878788,0,0,Seafood,Continental
2022-05-30,Seafood_Continental,8806,640.0905357142858,640.0369642857144,0,0,Seafood,Continental
2022-06-06,Seafood_Continental,8546,641.0122352941177,640.9828235294118,0,0,Seafood,Continental
2022-06-13,Seafood_Continental,8997,611.5249397590361,629.8114457831325,0,0,Seafood,Continental
2022-06-20,Seafood_Continental,16427,536.4351075268817,630.4769892473118,0,0,Seafood,Continental
2022-06-27,Seafood_Continental,13000,535.6664406779661,628.4358757062147,0,1,Seafood,Continental
2022-07-04,Seafood_Continental,12512,537.4819553072625,628.0840223463688,0,1,Seafood,Continental
2022-07-11,Seafood_Continental,15051,576.1773770491803,628.1720765027322,0,1,Seafood,Continental
2022-07-18,Seafood_Continental,10399,640.046705882353,639.1446470588235,0,1,Seafood,Continental
2022-07-25,Seafood_Continental,8754,640.8861585365854,641.0293902439025,0,1,Seafood,Continental
2022-08-01,Seafood_Continental,10498,640.6676878612717,640.7341040462428,0,1,Seafood,Continental
2022-08-08,Seafood_Continental,8088,658.8529012345679,658.7973456790123,0,1,Seafood,Continental
2022-08-15,Seafood_Continental,26966,488.4841798941799,656.7980952380952,1,1,Seafood,Continental
2022-08-22,Seafood_Continental,29369,487.2613829787234,653.8443617021277,0,1,Seafood,Continental
2022-08-29,Seafood_Continental,8370,646.2745783132531,665.8482530120482,0,1,Seafood,Continental
2022-09-05,Seafood_Continental,9880,651.1332748538013,666.2501754385964,0,1,Seafood,Continental
2022-09-12,Seafood_Continental,7930,647.978698224852,669.3292899408284,0,1,Seafood,Continental
2022-09-19,Seafood_Continental,7256,647.9800628930818,666.3796226415094,0,1,Seafood,Continental
2022-09-26,Seafood_Continental,9841,625.3498843930636,642.243063583815,0,1,Seafood,Continental
2022-10-03,Seafood_Continental,41484,487.9489340101523,645.8238071065989,1,1,Seafood,Continental
2022-10-10,Seafood_Continental,52987,486.58669950738914,633.8016256157636,1,1,Seafood,Continental
2022-10-17,Seafood_Continental,11336,624.1848924731182,635.2960752688172,0,1,Seafood,Continental
2022-10-24,Seafood_Continental,12357,626.7427692307692,633.068923076923,0,1,Seafood,Continental
2022-10-31,Seafood_Continental,17736,626.5540487804878,629.5848780487804,0,1,Seafood,Continental
2022-11-07,Seafood_Continental,14343,627.0697115384615,629.3753846153846,0,1,Seafood,Continental
2022-11-14,Seafood_Continental,14441,626.1106,627.77305,0,1,Seafood,Continental
2022-11-21,Seafood_Continental,7796,626.3234302325582,628.1513372093024,0,1,Seafood,Continental
2022-11-28,Seafood_Continental,16426,627.2618660287081,627.8991866028708,0,1,Seafood,Continental
2022-12-05,Seafood_Continental,15397,626.4172596153846,626.703798076923,0,1,Seafood,Continental
2022-12-12,Seafood_Continental,15717,626.7578301886792,627.8748113207547,0,1,Seafood,Continental
2022-12-19,Seafood_Continental,13406,621.7244999999999,627.5071,0,1,Seafood,Continental
2022-12-26,Seafood_Continental,119224,390.7512669683258,627.2658371040724,1,1,Seafood,Continental
2023-01-02,Seafood_Continental,107090,389.76026905829593,627.6744843049328,1,1,Seafood,Continental
2023-01-09,Seafood_Continental,14875,618.1747596153847,626.6542307692308,0,1,Seafood,Continental
2023-01-16,Seafood_Continental,9967,626.2420744680851,627.5016489361702,0,0,Seafood,Continental
2023-01-23,Seafood_Continental,9866,653.443591160221,653.8250828729282,0,0,Seafood,Continental
2023-01-30,Seafood_Continental,14324,620.963431372549,635.2985784313726,0,0,Seafood,Continental
2023-02-06,Seafood_Continental,17030,620.6300492610837,634.778078817734,0,0,Seafood,Continental
2023-02-13,Seafood_Continental,16214,621.1093170731707,632.8396585365854,0,0,Seafood,Continental
2023-02-20,Seafood_Continental,42730,486.95031818181815,633.5884090909092,1,1,Seafood,Continental
2023-02-27,Seafood_Continental,12087,619.0059512195122,630.9554146341463,0,1,Seafood,Continental
2023-03-06,Seafood_Continental,5356,622.6732450331126,634.2120529801325,0,1,Seafood,Continental
2023-03-13,Seafood_Continental,10331,622.0908021390375,629.9485561497327,0,1,Seafood,Continental
2023-03-20,Seafood_Continental,9619,622.166054054054,626.4092972972973,0,1,Seafood,Continental
2023-03-27,Seafood_Continental,35643,488.67348623853206,627.1276146788991,1,1,Seafood,Continental
2023-04-03,Seafood_Continental,13795,617.2716097560976,620.7358536585366,0,1,Seafood,Continental
2023-04-10,Seafood_Continental,15099,621.4156930693069,622.0971287128713,0,1,Seafood,Continental
2023-04-17,Seafood_Continental,13860,621.2493434343434,622.4307575757576,0,1,Seafood,Continental
2023-04-24,Seafood_Continental,56389,487.22199095022626,623.1256561085972,1,1,Seafood,Continental
2023-05-01,Seafood_Continental,50216,487.2303167420814,622.4220361990949,1,1,Seafood,Continental
2023-05-08,Seafood_Continental,13542,615.8396984924623,619.1638693467337,0,1,Seafood,Continental
2023-05-15,Seafood_Continental,10776,621.2198387096774,622.9794086021506,0,1,Seafood,Continental
2023-05-22,Seafood_Continental,11997,621.4107731958763,621.8246907216494,0,1,Seafood,Continental
2023-05-29,Seafood_Continental,12929,622.2704591836734,622.2806632653061,0,1,Seafood,Continental
2023-06-05,Seafood_Continental,9705,621.8900512820512,622.3108205128206,0,1,Seafood,Continental
2023-06-12,Seafood_Continental,9397,595.9686315789473,618.0530526315789,0,1,Seafood,Continental
2023-06-19,Seafood_Continental,14825,538.8879899497487,595.681256281407,0,1,Seafood,Continental
2023-06-26,Seafood_Continental,14913,539.7337438423646,592.5317241379311,0,1,Seafood,Continental
2023-07-03,Seafood_Continental,14089,541.8583902439025,593.766731707317,0,1,Seafood,Continental
2023-07-10,Seafood_Continental,17256,538.8880952380953,595.2084285714286,0,1,Seafood,Continental
2023-07-17,Seafood_Continental,10735,628.7683510638298,640.7888829787233,0,1,Seafood,Continental
2023-07-24,Seafood_Continental,9092,650.2238095238096,651.2380952380952,0,1,Seafood,Continental
2023-07-31,Seafood_Continental,9805,651.2013541666666,652.2315625,0,0,Seafood,Continental
2023-08-07,Seafood_Continental,6965,678.7331901840491,678.7331901840491,0,1,Seafood,Continental
2023-08-14,Seafood_Continental,6333,687.93,687.8554658385093,0,1,Seafood,Continental
2023-08-21,Seafood_Continental,6019,689.0379754601228,689.0134355828221,0,1,Seafood,Continental
2023-08-28,Seafood_Continental,6016,686.41125,686.34875,0,1,Seafood,Continental
2023-09-04,Seafood_Continental,7441,687.9601675977655,688.0104469273743,0,1,Seafood,Continental
2023-09-11,Seafood_Continental,6872,687.4911176470589,687.9335294117647,0,1,Seafood,Continental
2023-09-18,Seafood_Continental,40115,439.3084862385321,689.1648165137615,1,1,Seafood,Continental
2023-09-25,Seafood_Continental,41920,438.15612903225804,689.5502304147465,1,1,Seafood,Continental
2023-10-02,Seafood_Continental,7655,682.2817714285715,684.9949714285715,0,1,Seafood,Continental
2023-10-09,Seafood_Continental,7956,688.386,688.3802857142857,0,1,Seafood,Continental
2023-10-16,Seafood_Continental,54697,437.18449541284406,689.8483486238532,1,1,Seafood,Continental
2023-10-23,Seafood_Continental,49945,438.37004629629627,689.9087037037037,1,1,Seafood,Continental
2023-10-30,Seafood_Continental,9205,677.4491573033707,684.0116292134832,0,1,Seafood,Continental
2023-11-06,Seafood_Continental,9184,683.7810674157304,686.9468539325843,0,1,Seafood,Continental
2023-11-13,Seafood_Continental,8185,688.075652173913,688.1028260869565,0,1,Seafood,Continental
2023-11-20,Seafood_Continental,7622,688.1242528735633,688.158735632184,0,1,Seafood,Continental
2023-11-27,Seafood_Continental,76623,438.18094594594595,689.2498198198198,1,1,Seafood,Continental
2023-12-04,Seafood_Continental,61981,439.57977375565605,689.1689140271494,1,1,Seafood,Continental
2023-12-11,Seafood_Continental,9382,678.2971270718232,686.8140883977901,0,1,Seafood,Continental
2023-12-18,Seafood_Continental,8022,687.1537500000001,687.1061309523809,0,1,Seafood,Continental
2023-12-25,Seafood_Continental,10420,688.4208108108108,688.3289189189189,0,1,Seafood,Continental
2024-01-01,Seafood_Continental,9561,688.6643915343916,688.5585714285714,0,1,Seafood,Continental
2024-01-08,Seafood_Continental,54496,483.4903686635945,689.9521198156683,1,1,Seafood,Continental
2024-01-15,Seafood_Continental,20539,476.9107766990291,689.9901941747573,1,1,Seafood,Continental
2024-01-22,Seafood_Continental,8119,685.8719101123595,687.7404494382023,0,1,Seafood,Continental
2024-01-29,Seafood_Continental,11572,688.8640101522842,688.7726395939086,0,1,Seafood,Continental
2024-02-05,Seafood_Continental,18638,538.4980288461538,689.8732692307693,1,1,Seafood,Continental
2024-02-12,Seafood_Continental,10103,685.5886387434556,689.0294764397906,0,1,Seafood,Continental
2024-02-19,Seafood_Continental,10162,687.0652406417112,688.4038502673797,0,0,Seafood,Continental
2024-02-26,Seafood_Continental,8281,688.659347826087,688.7028260869565,0,0,Seafood,Continental
2024-03-04,Seafood_Continental,7542,697.9415028901734,698.5582658959538,0,0,Seafood,Continental
2024-03-11,Seafood_Continental,7987,698.0820467836257,698.2048538011696,0,0,Seafood,Continental
2024-03-18,Seafood_Continental,9129,700.0808465608466,700.1073015873015,0,0,Seafood,Continental
2024-03-25,Seafood_Continental,8167,708.1896858638744,708.1896858638744,0,0,Seafood,Continental
2024-04-01,Seafood_Continental,8363,707.5894594594595,707.5354054054054,0,0,Seafood,Continental
2024-04-08,Seafood_Continental,9050,707.7729569892473,707.8589784946236,0,0,Seafood,Continental
2024-04-15,Seafood_Continental,8869,708.2160335195531,708.1713407821229,0,0,Seafood,Continental
2024-04-22,Seafood_Continental,8146,704.9062011173185,706.6202793296089,0,1,Seafood,Continental
2024-04-29,Seafood_Continental,75406,466.6449115044248,708.9015044247788,1,1,Seafood,Continental
2024-05-06,Seafood_Continental,66052,467.09526785714286,708.7485714285714,1,1,Seafood,Continental
2024-05-13,Seafood_Continental,7213,694.010650887574,705.386449704142,0,1,Seafood,Continental
2024-05-20,Seafood_Continental,7190,706.4751829268292,708.1117073170731,0,1,Seafood,Continental
2024-05-27,Seafood_Continental,6886,708.5184393063583,708.5415606936416,0,1,Seafood,Continental
2024-06-03,Seafood_Continental,6749,708.0712429378531,707.975197740113,0,1,Seafood,Continental
2024-06-10,Seafood_Continental,7941,723.3065269461079,722.852634730539,0,1,Seafood,Continental
2024-06-17,Seafood_Continental,7257,741.9251149425287,741.667643678161,0,1,Seafood,Continental
2024-06-24,Seafood_Continental,6345,746.938773006135,747.098282208589,0,0,Seafood,Continental
2024-07-01,Seafood_Continental,6405,746.0799999999999,745.9811627906977,0,0,Seafood,Continental
2024-07-08,Seafood_Continental,6525,747.7551497005988,747.7371856287425,0,0,Seafood,Continental
2024-07-15,Seafood_Continental,39321,487.46954751131216,747.3431221719458,1,1,Seafood,Continental
2024-07-22,Seafood_Continental,40419,486.75,747.2915384615384,1,1,Seafood,Continental
2024-07-29,Seafood_Continental,7321,726.6585882352941,743.5089411764706,0,1,Seafood,Continental
2024-08-05,Seafood_Continental,6456,747.4580487804877,747.2253658536586,0,1,Seafood,Continental
2024-08-12,Seafood_Continental,6759,746.9917283950617,747.5098765432099,0,1,Seafood,Continental
2024-08-19,Seafood_Continental,6503,730.7232748538012,731.2414035087719,0,1,Seafood,Continental
2024-08-26,Seafood_Continental,5057,727.5164864864865,727.4624324324325,0,0,Seafood,Continental
2024-09-02,Seafood_Continental,5705,727.4112499999999,728.409625,0,0,Seafood,Continental
2024-09-09,Seafood_Continental,5224,726.6786928104575,728.3256862745098,0,0,Seafood,Continental
2024-09-16,Seafood_Continental,5285,727.5041935483871,728.3928387096774,0,0,Seafood,Continental
2024-09-23,Seafood_Continental,32441,537.3089814814814,728.4047222222222,0,1,Seafood,Continental
2024-09-30,Seafood_Continental,31412,535.501308411215,728.4829906542055,1,1,Seafood,Continental
2024-10-07,Seafood_Continental,5503,721.6356774193548,726.7405161290322,0,1,Seafood,Continental
