data/csv/orders_real.csv
date,dish_name,quantity_sold,checkout_price,base_price,emailer_for_promotion,homepage_featured,category,cuisine
2022-01-03,Soup_Thai,5070,244.07746835443038,267.5278481012658,0,0,Soup,Thai
2022-01-10,Soup_Thai,4813,243.53475609756094,265.66060975609753,0,0,Soup,Thai
2022-01-17,Soup_Thai,4551,243.56695121951222,265.87731707317073,0,0,Soup,Thai
2022-01-24,Soup_Thai,5490,243.83552941176472,264.86282352941174,0,0,Soup,Thai
2022-01-31,Soup_Thai,3994,242.99278481012658,264.5806329113924,0,0,Soup,Thai
2022-02-07,Soup_Thai,4284,243.98103896103896,263.1224675324675,0,0,Soup,Thai
2022-02-14,Soup_Thai,4482,243.5,249.46054054054056,0,0,Soup,Thai
2022-02-21,Soup_Thai,4358,243.653125,247.671,0,0,Soup,Thai
2022-02-28,Soup_Thai,3274,271.7245945945946,271.5894594594594,0,0,Soup,Thai
2022-03-07,Soup_Thai,3240,271.80333333333334,271.57666666666665,0,0,Soup,Thai
2022-03-14,Soup_Thai,2697,271.45608695652174,271.68797101449275,0,0,Soup,Thai
2022-03-21,Soup_Thai,2746,271.59923076923076,271.59923076923076,0,0,Soup,Thai
2022-03-28,Soup_Thai,4543,243.6348717948718,269.9232051282051,0,0,Soup,Thai
2022-04-04,Soup_Thai,4871,244.12392405063292,269.9512658227848,0,0,Soup,Thai
2022-04-11,Soup_Thai,4485,243.83426666666665,268.60200000000003,0,0,Soup,Thai
2022-04-18,Soup_Thai,4866,243.7140243902439,268.13146341463414,0,0,Soup,Thai
2022-04-25,Soup_Thai,5413,243.68619047619046,267.3302380952381,0,0,Soup,Thai
2022-05-02,Soup_Thai,5295,243.59385542168675,267.22156626506023,0,0,Soup,Thai
2022-05-09,Soup_Thai,4918,243.9438095238095,251.61190476190478,0,0,Soup,Thai
2022-05-16,Soup_Thai,5870,243.315,247.44941860465119,0,0,Soup,Thai
2022-05-23,Soup_Thai,5123,243.97144578313254,245.70216867469878,0,1,Soup,Thai
2022-05-30,Soup_Thai,5388,244.03142857142853,244.42272727272726,0,1,Soup,Thai
2022-06-06,Soup_Thai,4810,243.85231707317072,244.04853658536584,0,1,Soup,Thai
2022-06-13,Soup_Thai,1627,243.76250000000002,244.24696428571428,0,1,Soup,Thai
2022-06-20,Soup_Thai,5225,243.81511627906974,244.10732558139534,0,1,Soup,Thai
2022-06-27,Soup_Thai,6094,243.52166666666668,243.4733333333333,0,1,Soup,Thai
2022-07-04,Soup_Thai,5087,243.69204819277107,243.63253012048193,0,1,Soup,Thai
2022-07-11,Soup_Thai,5166,243.74542168674697,243.67855421686747,0,1,Soup,Thai
2022-07-18,Soup_Thai,6746,195.79127906976743,243.61418604651163,0,0,Soup,Thai
2022-07-25,Soup_Thai,6567,195.36862068965516,241.91436781609195,0,1,Soup,Thai
2022-08-01,Soup_Thai,6683,195.42466666666667,241.87022222222222,0,1,Soup,Thai
2022-08-08,Soup_Thai,7336,194.95391304347825,242.09869565217394,0,1,Soup,Thai
2022-08-15,Soup_Thai,4795,257.10432098765426,256.3472839506172,0,1,Soup,Thai
2022-08-22,Soup_Thai,5262,257.433875,257.181875,0,1,Soup,Thai
2022-08-29,Soup_Thai,5522,257.25941860465116,257.0366279069767,0,1,Soup,Thai
2022-09-05,Soup_Thai,4678,257.4223529411764,256.9195294117647,0,1,Soup,Thai
2022-09-12,Soup_Thai,7651,196.85348314606742,256.471011235955,0,1,Soup,Thai
2022-09-19,Soup_Thai,7146,195.8194623655914,256.0318279569892,0,1,Soup,Thai
2022-09-26,Soup_Thai,8629,195.79125,254.26,0,1,Soup,Thai
2022-10-03,Soup_Thai,9100,195.59851063829785,254.96680851063826,0,1,Soup,Thai
2022-10-10,Soup_Thai,6880,218.87436170212766,254.108085106383,0,1,Soup,Thai
2022-10-17,Soup_Thai,7611,218.76891304347828,253.06260869565216,0,1,Soup,Thai
2022-10-24,Soup_Thai,7377,218.77947916666668,227.40281249999998,0,1,Soup,Thai
2022-10-31,Soup_Thai,7402,218.4978260869565,225.21369565217393,0,1,Soup,Thai
2022-11-07,Soup_Thai,7197,234.1758064516129,235.35408602150537,0,1,Soup,Thai
2022-11-14,Soup_Thai,7568,234.19944444444445,235.155,0,1,Soup,Thai
2022-11-21,Soup_Thai,7796,234.353,235.36111111111111,0,1,Soup,Thai
2022-11-28,Soup_Thai,8111,234.70842105263156,235.89347368421053,0,1,Soup,Thai
2022-12-05,Soup_Thai,8878,241.77893617021277,242.90691489361703,0,1,Soup,Thai
2022-12-12,Soup_Thai,10905,241.77903225806452,242.55344086021506,0,1,Soup,Thai
2022-12-19,Soup_Thai,9285,242.2536170212766,242.52,0,1,Soup,Thai
2022-12-26,Soup_Thai,8101,241.81655913978494,242.28978494623658,0,1,Soup,Thai
2023-01-02,Soup_Thai,5727,242.2952222222222,242.1612222222222,0,1,Soup,Thai
2023-01-09,Soup_Thai,5301,241.59873563218392,242.13977011494254,0,1,Soup,Thai
2023-01-16,Soup_Thai,5601,241.49670329670332,241.78318681318683,0,1,Soup,Thai
2023-01-23,Soup_Thai,4886,241.9355,242.474625,0,1,Soup,Thai
2023-01-30,Soup_Thai,6875,242.8718888888889,243.1642222222222,0,1,Soup,Thai
2023-02-06,Soup_Thai,5815,242.91241758241756,243.22384615384615,0,1,Soup,Thai
2023-02-13,Soup_Thai,5317,243.1486746987952,243.59602409638555,0,1,Soup,Thai
2023-02-20,Soup_Thai,5913,243.00176470588238,242.9671764705882,0,1,Soup,Thai
2023-02-27,Soup_Thai,5922,242.98611764705882,243.3523529411765,0,1,Soup,Thai
2023-03-06,Soup_Thai,6052,242.88736263736263,243.13054945054947,0,1,Soup,Thai
2023-03-13,Soup_Thai,4982,242.30024691358025,242.69765432098762,0,1,Soup,Thai
2023-03-20,Soup_Thai,4966,242.61234567901232,242.64679012345678,0,1,Soup,Thai
2023-03-27,Soup_Thai,5374,242.7524096385542,243.139156626506,0,1,Soup,Thai
2023-04-03,Soup_Thai,5778,242.58876543209874,242.68753086419753,0,0,Soup,Thai
2023-04-10,Soup_Thai,5324,242.9124096385542,242.9244578313253,0,0,Soup,Thai
2023-04-17,Soup_Thai,5558,242.9244303797468,242.89835443037975,0,1,Soup,Thai
2023-04-24,Soup_Thai,6485,232.91816091954024,234.43586206896555,0,1,Soup,Thai
2023-05-01,Soup_Thai,6776,233.04943181818183,233.79488636363638,0,0,Soup,Thai
2023-05-08,Soup_Thai,6981,232.78348837209305,233.70197674418608,0,0,Soup,Thai
2023-05-15,Soup_Thai,6445,233.06010752688172,233.29451612903225,0,0,Soup,Thai
2023-05-22,Soup_Thai,7070,233.10706521739132,233.34402173913045,0,0,Soup,Thai
2023-05-29,Soup_Thai,5689,233.14337078651687,233.72539325842698,0,0,Soup,Thai
2023-06-05,Soup_Thai,6384,233.18366666666668,233.22811111111113,0,0,Soup,Thai
2023-06-12,Soup_Thai,5373,233.61738636363637,233.4014772727273,0,0,Soup,Thai
2023-06-19,Soup_Thai,5699,233.19655172413795,233.49655172413793,0,0,Soup,Thai
2023-06-26,Soup_Thai,6986,233.13179775280898,233.63853932584271,0,0,Soup,Thai
2023-07-03,Soup_Thai,6578,233.20123595505618,233.52820224719105,0,0,Soup,Thai
2023-07-10,Soup_Thai,5571,233.52443181818182,234.0255681818182,0,0,Soup,Thai
2023-07-17,Soup_Thai,6799,213.6509195402299,214.68114942528737,0,0,Soup,Thai
2023-07-24,Soup_Thai,6415,214.3041935483871,216.00559139784946,0,0,Soup,Thai
2023-07-31,Soup_Thai,6927,213.8945652173913,216.3633695652174,0,1,Soup,Thai
2023-08-07,Soup_Thai,6617,213.74793478260872,215.34760869565216,0,0,Soup,Thai
2023-08-14,Soup_Thai,5612,213.78744186046512,215.48244186046514,0,0,Soup,Thai
2023-08-21,Soup_Thai,5521,214.07409090909093,215.45784090909092,0,0,Soup,Thai
2023-08-28,Soup_Thai,5791,213.86373626373629,215.8813186813187,0,0,Soup,Thai
2023-09-04,Soup_Thai,6222,213.93288888888887,215.27066666666667,0,0,Soup,Thai
2023-09-11,Soup_Thai,6862,213.6522988505747,215.03620689655173,0,0,Soup,Thai
2023-09-18,Soup_Thai,6137,214.38136363636366,215.1234090909091,0,0,Soup,Thai
2023-09-25,Soup_Thai,7106,214.40032258064517,215.38204301075268,0,0,Soup,Thai
2023-10-02,Soup_Thai,7258,213.999347826087,216.23521739130433,0,0,Soup,Thai
2023-10-09,Soup_Thai,8772,195.60228260869565,198.4585869565217,0,0,Soup,Thai
2023-10-16,Soup_Thai,10375,195.8703092783505,198.5684536082474,0,0,Soup,Thai
2023-10-23,Soup_Thai,10201,195.6365306122449,198.19704081632653,0,0,Soup,Thai
2023-10-30,Soup_Thai,9740,195.7618556701031,198.56216494845359,0,0,Soup,Thai
2023-11-06,Soup_Thai,7786,195.2573404255319,197.89999999999998,0,0,Soup,Thai
2023-11-13,Soup_Thai,9212,196.27085106382978,197.7145744680851,0,1,Soup,Thai
2023-11-20,Soup_Thai,11019,195.28368421052633,196.64042105263158,0,1,Soup,Thai
2023-11-27,Soup_Thai,10816,195.19551020408164,197.50418367346938,0,1,Soup,Thai
2023-12-04,Soup_Thai,15106,195.41602040816326,197.5591836734694,0,1,Soup,Thai
2023-12-11,Soup_Thai,15165,195.30714285714285,196.27438775510203,0,1,Soup,Thai
2023-12-18,Soup_Thai,13145,196.14270833333333,196.6861458333333,0,1,Soup,Thai
2023-12-25,Soup_Thai,10132,195.13444444444445,196.61636363636364,0,1,Soup,Thai
2024-01-01,Soup_Thai,7517,243.09455555555553,242.076,0,1,Soup,Thai
2024-01-08,Soup_Thai,7572,243.959010989011,242.97362637362636,0,1,Soup,Thai
2024-01-15,Soup_Thai,6499,243.9520430107527,242.75301075268817,0,1,Soup,Thai
2024-01-22,Soup_Thai,6607,243.7859090909091,242.91443181818184,0,1,Soup,Thai
2024-01-29,Soup_Thai,7623,243.8283146067416,243.04764044943823,0,1,Soup,Thai
2024-02-05,Soup_Thai,5567,244.34531645569618,243.13430379746836,0,1,Soup,Thai
2024-02-12,Soup_Thai,2688,243.86124999999998,242.69291666666666,0,1,Soup,Thai
2024-02-19,Soup_Thai,2335,244.06840579710146,242.23391304347825,0,1,Soup,Thai
2024-02-26,Soup_Thai,6750,244.05795454545452,242.72875000000002,0,1,Soup,Thai
2024-03-04,Soup_Thai,6729,243.7738202247191,242.661797752809,0,1,Soup,Thai
2024-03-11,Soup_Thai,6929,243.78352272727273,243.0577272727273,0,1,Soup,Thai
2024-03-18,Soup_Thai,7300,243.59633333333332,243.57077777777778,0,1,Soup,Thai
2024-03-25,Soup_Thai,8204,195.02022988505746,243.7801149425287,0,1,Soup,Thai
2024-04-01,Soup_Thai,7445,195.10227272727272,243.76556818181817,0,1,Soup,Thai
2024-04-08,Soup_Thai,9608,195.04494382022472,243.72887640449437,0,1,Soup,Thai
2024-04-15,Soup_Thai,9429,194.97752808988764,243.09404494382022,0,1,Soup,Thai
2024-04-22,Soup_Thai,9227,194.93103448275863,244.10344827586206,0,1,Soup,Thai
2024-04-29,Soup_Thai,10797,194.98077777777777,244.15,0,1,Soup,Thai
2024-05-06,Soup_Thai,9186,194.9111111111111,204.1611111111111,0,1,Soup,Thai
2024-05-13,Soup_Thai,9188,195.0,200.6046511627907,0,1,Soup,Thai
2024-05-20,Soup_Thai,11389,195.01123595505618,198.7921348314607,0,1,Soup,Thai
2024-05-27,Soup_Thai,10432,195.0,199.20700000000002,0,1,Soup,Thai
2024-06-03,Soup_Thai,10097,195.07865168539325,198.38202247191012,0,1,Soup,Thai
2024-06-10,Soup_Thai,10050,195.03370786516854,198.67977528089887,0,1,Soup,Thai
2024-06-17,Soup_Thai,9362,194.8314606741573,198.6573033707865,0,1,Soup,Thai
2024-06-24,Soup_Thai,9997,195.02247191011236,198.06741573033707,0,1,Soup,Thai
2024-07-01,Soup_Thai,9650,195.20224719101122,196.98876404494382,0,1,Soup,Thai
2024-07-08,Soup_Thai,9631,194.9438202247191,197.76966292134833,0,1,Soup,Thai
2024-07-15,Soup_Thai,9474,195.24444444444444,197.73888888888888,0,1,Soup,Thai
2024-07-22,Soup_Thai,10042,195.14444444444445,197.22222222222223,0,1,Soup,Thai
2024-07-29,Soup_Thai,10767,195.06741573033707,197.2921348314607,0,1,Soup,Thai
2024-08-05,Soup_Thai,10079,195.12222222222223,197.12222222222223,0,1,Soup,Thai
2024-08-12,Soup_Thai,9870,195.04395604395606,197.07692307692307,0,1,Soup,Thai
2024-08-19,Soup_Thai,9356,194.9777777777778,197.22222222222223,0,1,Soup,Thai
2024-08-26,Soup_Thai,10667,195.04545454545453,197.25,0,1,Soup,Thai
2024-09-02,Soup_Thai,11046,195.17777777777778,197.01111111111112,0,1,Soup,Thai
2024-09-09,Soup_Thai,10297,195.0,197.25842696629215,0,1,Soup,Thai
2024-09-16,Soup_Thai,10324,195.3186813186813,197.1098901098901,0,1,Soup,Thai
2024-09-23,Soup_Thai,9990,195.0,197.17021276595744,0,1,Soup,Thai
2024-09-30,Soup_Thai,10531,195.0204081632653,197.01020408163265,0,1,Soup,Thai
2024-10-07,Soup_Thai,10225,195.02061855670104,197.06185567010309,0,1,Soup,Thai
