data/csv/orders_real.csv
date,dish_name,quantity_sold,checkout_price,base_price,emailer_for_promotion,homepage_featured,category,cuisine
2022-01-03,Starters_Thai,34041,260.56636363636363,260.45153110047846,0,1,Starters,Thai
2022-01-10,Starters_Thai,33827,260.772654028436,260.772654028436,0,0,Starters,Thai
2022-01-17,Starters_Thai,36298,243.5260576923077,260.3151442307692,0,0,Starters,Thai
2022-01-24,Starters_Thai,43163,243.18257009345794,260.3098598130841,0,1,Starters,Thai
2022-01-31,Starters_Thai,42433,242.4385167464115,259.61320574162676,0,1,Starters,Thai
2022-02-07,Starters_Thai,43718,242.70403755868543,259.56849765258215,0,1,Starters,Thai
2022-02-14,Starters_Thai,45397,242.68142180094787,259.8342654028436,0,1,Starters,Thai
2022-02-21,Starters_Thai,45587,242.65140845070422,259.4849295774648,0,1,Starters,Thai
2022-02-28,Starters_Thai,49484,242.84311320754716,251.72400943396227,0,1,Starters,Thai
2022-03-07,Starters_Thai,33198,260.40447115384615,260.52947115384615,0,1,Starters,Thai
2022-03-14,Starters_Thai,31265,260.0623671497584,260.1976328502415,0,1,Starters,Thai
2022-03-21,Starters_Thai,32782,260.26396226415096,260.35830188679245,0,0,Starters,Thai
2022-03-28,Starters_Thai,32452,260.423896713615,260.35347417840376,0,0,Starters,Thai
2022-04-04,Starters_Thai,31058,260.5938095238095,260.61285714285714,0,1,Starters,Thai
2022-04-11,Starters_Thai,30753,260.09674641148325,260.3567942583732,0,1,Starters,Thai
2022-04-18,Starters_Thai,30892,260.5890476190476,260.6747619047619,0,1,Starters,Thai
2022-04-25,Starters_Thai,31519,260.32607843137254,260.2133333333333,0,1,Starters,Thai
2022-05-02,Starters_Thai,30104,260.45631578947365,260.50894736842105,0,1,Starters,Thai
2022-05-09,Starters_Thai,30963,260.64090047393364,260.56981042654024,0,1,Starters,Thai
2022-05-16,Starters_Thai,31190,260.19511848341233,260.15246445497627,0,1,Starters,Thai
2022-05-23,Starters_Thai,29758,260.4933802816901,260.50276995305165,0,1,Starters,Thai
2022-05-30,Starters_Thai,30812,276.8386602870813,276.70947368421054,0,1,Starters,Thai
2022-06-06,Starters_Thai,29319,281.40561320754716,281.3395754716981,0,1,Starters,Thai
2022-06-13,Starters_Thai,28933,281.26396226415096,281.268679245283,0,1,Starters,Thai
2022-06-20,Starters_Thai,27774,281.3591262135922,281.41252427184463,0,1,Starters,Thai
2022-06-27,Starters_Thai,29284,280.92905213270143,281.2809952606635,0,1,Starters,Thai
2022-07-04,Starters_Thai,28285,281.3934146341463,281.300731707317,0,1,Starters,Thai
2022-07-11,Starters_Thai,28016,281.29682464454976,281.29682464454976,0,1,Starters,Thai
2022-07-18,Starters_Thai,26497,281.281690821256,281.3203381642512,0,1,Starters,Thai
2022-07-25,Starters_Thai,27442,281.3252380952381,281.22523809523807,0,1,Starters,Thai
2022-08-01,Starters_Thai,27402,281.35369668246443,281.244691943128,0,1,Starters,Thai
2022-08-08,Starters_Thai,28032,281.4054716981132,281.32056603773583,0,1,Starters,Thai
2022-08-15,Starters_Thai,32312,281.3348309178744,281.3106763285024,0,1,Starters,Thai
2022-08-22,Starters_Thai,31470,281.3105825242718,281.3105825242718,0,1,Starters,Thai
2022-08-29,Starters_Thai,30411,280.9929716981132,281.2107547169811,0,1,Starters,Thai
2022-09-05,Starters_Thai,29110,281.3588461538462,281.2001923076923,0,1,Starters,Thai
2022-09-12,Starters_Thai,28338,281.04980952380953,281.2633333333333,0,1,Starters,Thai
2022-09-19,Starters_Thai,28482,280.9518095238095,281.2704761904762,0,1,Starters,Thai
2022-09-26,Starters_Thai,29274,281.2486602870813,281.3060765550239,0,1,Starters,Thai
2022-10-03,Starters_Thai,29915,281.2675,281.2194230769231,0,1,Starters,Thai
2022-10-10,Starters_Thai,29268,281.26203883495145,281.3688349514563,0,1,Starters,Thai
2022-10-17,Starters_Thai,29850,281.2812195121951,281.3592682926829,0,1,Starters,Thai
2022-10-24,Starters_Thai,29349,281.2732352941176,281.23401960784315,0,1,Starters,Thai
2022-10-31,Starters_Thai,28049,281.3010144927536,281.27202898550723,0,1,Starters,Thai
2022-11-07,Starters_Thai,30508,281.22268292682924,281.2373170731707,0,1,Starters,Thai
2022-11-14,Starters_Thai,31970,281.3396153846154,281.2338461538462,0,1,Starters,Thai
2022-11-21,Starters_Thai,28614,281.2905911330049,281.1871428571429,0,1,Starters,Thai
2022-11-28,Starters_Thai,33897,281.1872463768116,281.3348309178744,0,1,Starters,Thai
2022-12-05,Starters_Thai,38613,281.15502415458934,281.2671980676328,0,1,Starters,Thai
2022-12-12,Starters_Thai,41096,281.23909090909086,281.2486602870813,0,1,Starters,Thai
2022-12-19,Starters_Thai,30235,281.41034313725487,281.3025,0,1,Starters,Thai
2022-12-26,Starters_Thai,31668,281.3826315789473,281.3826315789473,0,1,Starters,Thai
2023-01-02,Starters_Thai,28675,281.2960194174757,281.3445631067961,0,1,Starters,Thai
2023-01-09,Starters_Thai,28044,281.36940886699506,281.3546305418719,0,1,Starters,Thai
2023-01-16,Starters_Thai,28111,281.0426213592233,281.31543689320387,0,1,Starters,Thai
2023-01-23,Starters_Thai,28285,281.3105825242718,281.26203883495145,0,1,Starters,Thai
2023-01-30,Starters_Thai,32204,285.9379512195122,285.6052682926829,0,1,Starters,Thai
2023-02-06,Starters_Thai,27959,286.0512560386473,285.7802415458937,0,1,Starters,Thai
2023-02-13,Starters_Thai,28639,285.7073684210526,285.9453110047846,0,1,Starters,Thai
2023-02-20,Starters_Thai,34034,285.8926213592233,285.777572815534,0,1,Starters,Thai
2023-02-27,Starters_Thai,39906,286.0091747572815,285.9538349514563,0,1,Starters,Thai
2023-03-06,Starters_Thai,17243,285.87365482233497,286.0259390862944,0,1,Starters,Thai
2023-03-13,Starters_Thai,33132,285.7469417475728,285.82859223300966,0,1,Starters,Thai
2023-03-20,Starters_Thai,30518,285.8835576923077,285.8066346153846,0,1,Starters,Thai
2023-03-27,Starters_Thai,32536,285.9531884057971,286.00632850241544,0,1,Starters,Thai
2023-04-03,Starters_Thai,31413,286.1066990291262,286.0921359223301,0,1,Starters,Thai
2023-04-10,Starters_Thai,32190,285.87362745098034,285.9667647058823,0,1,Starters,Thai
2023-04-17,Starters_Thai,30835,286.02296482412055,285.9274874371859,0,1,Starters,Thai
2023-04-24,Starters_Thai,33768,285.94039603960397,286.1186138613861,0,1,Starters,Thai
2023-05-01,Starters_Thai,32142,285.91600985221675,285.95512315270935,0,1,Starters,Thai
2023-05-08,Starters_Thai,35623,285.93970873786407,285.9882524271844,0,1,Starters,Thai
2023-05-15,Starters_Thai,31736,286.1864356435643,286.09732673267325,0,1,Starters,Thai
2023-05-22,Starters_Thai,32584,286.0079411764706,286.0177450980392,0,1,Starters,Thai
2023-05-29,Starters_Thai,31435,285.88024154589374,286.04014492753623,0,1,Starters,Thai
2023-06-05,Starters_Thai,29241,286.079289099526,286.1029857819905,0,1,Starters,Thai
2023-06-12,Starters_Thai,28376,285.9594685990338,286.11405797101446,0,1,Starters,Thai
2023-06-19,Starters_Thai,27951,286.09039603960395,286.12009900990097,0,1,Starters,Thai
2023-06-26,Starters_Thai,29298,285.70504807692305,285.6278365384615,0,1,Starters,Thai
2023-07-03,Starters_Thai,27364,286.125652173913,286.06285024154585,0,1,Starters,Thai
2023-07-10,Starters_Thai,28550,286.1181773399015,286.0836945812808,0,1,Starters,Thai
2023-07-17,Starters_Thai,26468,285.6402463054187,285.84221674876846,0,1,Starters,Thai
2023-07-24,Starters_Thai,27193,286.00463414634146,286.0192682926829,0,1,Starters,Thai
2023-07-31,Starters_Thai,28242,285.8890243902439,285.97682926829265,0,1,Starters,Thai
2023-08-07,Starters_Thai,29441,285.53390476190475,285.70971428571426,0,1,Starters,Thai
2023-08-14,Starters_Thai,84197,195.50266990291263,285.893786407767,1,1,Starters,Thai
2023-08-21,Starters_Thai,80691,195.37328571428571,285.7735238095238,1,1,Starters,Thai
2023-08-28,Starters_Thai,78961,195.43867924528303,284.87971698113205,1,1,Starters,Thai
2023-09-04,Starters_Thai,35408,267.3958767772512,285.5408530805687,1,1,Starters,Thai
2023-09-11,Starters_Thai,32314,286.0053588516746,285.98622009569374,0,1,Starters,Thai
2023-09-18,Starters_Thai,32413,286.0705797101449,285.9691304347826,0,1,Starters,Thai
2023-09-25,Starters_Thai,31509,285.8453846153846,285.74923076923073,0,1,Starters,Thai
2023-10-02,Starters_Thai,31033,285.91086956521735,286.03164251207727,0,1,Starters,Thai
2023-10-09,Starters_Thai,31688,286.01238095238097,285.91714285714284,0,1,Starters,Thai
2023-10-16,Starters_Thai,30041,285.91743961352654,285.92227053140095,0,1,Starters,Thai
2023-10-23,Starters_Thai,30944,285.8632038834951,285.833640776699,0,1,Starters,Thai
2023-10-30,Starters_Thai,29195,286.02567307692306,286.01124999999996,0,1,Starters,Thai
2023-11-06,Starters_Thai,30737,286.1056097560975,286.1348780487805,0,1,Starters,Thai
2023-11-13,Starters_Thai,32885,285.86285024154586,285.9353140096618,0,1,Starters,Thai
2023-11-20,Starters_Thai,30138,285.91712871287126,285.9715841584158,0,1,Starters,Thai
2023-11-27,Starters_Thai,33863,285.9113725490196,285.9554901960784,0,1,Starters,Thai
2023-12-04,Starters_Thai,40078,285.93,285.9395238095238,0,1,Starters,Thai
2023-12-11,Starters_Thai,42762,285.93439024390244,285.8953658536585,0,1,Starters,Thai
2023-12-18,Starters_Thai,32446,285.839405940594,285.9829702970297,0,1,Starters,Thai
2023-12-25,Starters_Thai,31952,285.8605825242718,286.06446601941747,0,1,Starters,Thai
2024-01-01,Starters_Thai,32205,285.8755769230769,285.9669230769231,0,1,Starters,Thai
2024-01-08,Starters_Thai,30256,285.7953588516746,285.8378947368421,0,1,Starters,Thai
2024-01-15,Starters_Thai,69313,213.95976851851853,285.9098611111111,1,1,Starters,Thai
2024-01-22,Starters_Thai,71412,214.03691244239633,285.8933640552995,1,1,Starters,Thai
2024-01-29,Starters_Thai,74809,213.80023364485982,286.0040654205607,1,1,Starters,Thai
2024-02-05,Starters_Thai,53183,213.07962441314552,285.3150234741784,0,1,Starters,Thai
2024-02-12,Starters_Thai,14741,285.2782142857143,285.27714285714285,0,1,Starters,Thai
2024-02-19,Starters_Thai,15956,285.9047311827957,285.9101075268817,0,1,Starters,Thai
2024-02-26,Starters_Thai,30008,286.24047619047616,286.24047619047616,0,1,Starters,Thai
2024-03-04,Starters_Thai,26878,286.16584905660375,286.18471698113206,0,1,Starters,Thai
2024-03-11,Starters_Thai,29077,285.97327014218007,285.9161137440758,0,1,Starters,Thai
2024-03-18,Starters_Thai,28172,286.1864356435643,286.07752475247526,0,1,Starters,Thai
2024-03-25,Starters_Thai,28336,286.01300970873785,286.1198058252427,0,1,Starters,Thai
2024-04-01,Starters_Thai,46538,238.73563981042653,286.12857819905213,1,1,Starters,Thai
2024-04-08,Starters_Thai,28689,285.09570731707316,285.694243902439,0,1,Starters,Thai
2024-04-15,Starters_Thai,27611,286.1523300970874,286.21543689320384,0,1,Starters,Thai
2024-04-22,Starters_Thai,29207,286.0435265700483,286.07734299516903,0,1,Starters,Thai
2024-04-29,Starters_Thai,30182,285.8585365853658,286.04926829268294,0,1,Starters,Thai
2024-05-06,Starters_Thai,42185,243.39047846889952,285.8130622009569,0,1,Starters,Thai
2024-05-13,Starters_Thai,39520,243.41940594059406,285.2913366336634,0,1,Starters,Thai
2024-05-20,Starters_Thai,28301,285.7494527363184,285.6665174129353,0,1,Starters,Thai
2024-05-27,Starters_Thai,26679,286.27029556650245,286.1865517241379,0,1,Starters,Thai
2024-06-03,Starters_Thai,25271,286.05048780487806,286.00658536585365,0,1,Starters,Thai
2024-06-10,Starters_Thai,23717,285.983431372549,286.05205882352936,0,1,Starters,Thai
2024-06-17,Starters_Thai,21945,285.91686868686867,285.9673737373737,0,1,Starters,Thai
2024-06-24,Starters_Thai,23165,286.03336538461537,286.00451923076923,0,1,Starters,Thai
2024-07-01,Starters_Thai,20709,300.7325837320574,300.63688995215307,0,1,Starters,Thai
2024-07-08,Starters_Thai,18668,319.97066666666666,318.3291282051282,0,1,Starters,Thai
2024-07-15,Starters_Thai,18496,320.2323469387755,319.1369387755102,0,1,Starters,Thai
2024-07-22,Starters_Thai,20216,319.97965,319.06165,0,1,Starters,Thai
2024-07-29,Starters_Thai,19522,316.92355,318.51419999999996,0,1,Starters,Thai
2024-08-05,Starters_Thai,19856,315.09815,318.6715,0,1,Starters,Thai
2024-08-12,Starters_Thai,21685,317.50310344827585,318.6515763546798,0,1,Starters,Thai
2024-08-19,Starters_Thai,19998,316.59620512820516,318.89092307692306,0,1,Starters,Thai
2024-08-26,Starters_Thai,20673,319.5648743718593,319.3316582914573,0,1,Starters,Thai
2024-09-02,Starters_Thai,21195,318.5318316831683,319.41628712871284,0,1,Starters,Thai
2024-09-09,Starters_Thai,21436,318.1241919191919,319.1445454545455,0,1,Starters,Thai
2024-09-16,Starters_Thai,21152,319.7592079207921,319.4562376237624,0,1,Starters,Thai
2024-09-23,Starters_Thai,20708,319.39610576923076,319.76437500000003,0,1,Starters,Thai
2024-09-30,Starters_Thai,20706,319.639494949495,319.7780303030303,0,1,Starters,Thai
2024-10-07,Starters_Thai,16248,319.87964467005077,319.8491878172589,0,1,Starters,Thai
