data/csv/orders_real.csv
date,dish_name,quantity_sold,checkout_price,base_price,emailer_for_promotion,homepage_featured,category,cuisine
2022-03-07,Salad_Italian,40,165.93,165.43,0,0,Salad,Italian
2022-04-04,Salad_Italian,1337,264.04090909090905,264.4045454545454,0,0,Salad,Italian
2022-04-11,Salad_Italian,3241,311.4,311.4625,0,0,Salad,Italian
2022-04-18,Salad_Italian,4907,323.51599999999996,323.866,0,0,Salad,Italian
2022-04-25,Salad_Italian,17396,335.3156451612903,335.3156451612903,0,0,Salad,Italian
2022-05-02,Salad_Italian,25188,329.9179347826087,330.3601086956522,0,0,Salad,Italian
2022-05-09,Salad_Italian,33481,325.47641509433964,332.5900943396226,0,0,Salad,Italian
2022-05-16,Salad_Italian,34022,323.1913043478261,329.9971304347826,0,0,Salad,Italian
2022-05-23,Salad_Italian,37655,325.61130434782604,331.99513043478265,0,0,Salad,Italian
2022-05-30,Salad_Italian,39201,325.61339130434783,331.94504347826086,0,0,Salad,Italian
2022-06-06,Salad_Italian,38497,315.99507575757576,321.6325,0,0,Salad,Italian
2022-06-13,Salad_Italian,45622,311.8023566878981,316.44656050955416,0,0,Salad,Italian
2022-06-20,Salad_Italian,49143,310.98861635220123,311.12069182389934,0,0,Salad,Italian
2022-06-27,Salad_Italian,55149,310.44217877094974,310.3918994413408,0,0,Salad,Italian
2022-07-04,Salad_Italian,96449,253.01645,302.78035,0,1,Salad,Italian
2022-07-11,Salad_Italian,59505,302.294200913242,302.23027397260273,0,1,Salad,Italian
2022-07-18,Salad_Italian,59560,302.5735267857143,302.6226339285714,0,1,Salad,Italian
2022-07-25,Salad_Italian,72185,302.5776419213974,303.0312227074236,0,0,Salad,Italian
2022-08-01,Salad_Italian,126626,284.9143231441048,302.63362445414845,1,1,Salad,Italian
2022-08-08,Salad_Italian,82827,301.1433333333333,301.05548245614034,0,1,Salad,Italian
2022-08-15,Salad_Italian,73117,301.7056444444445,301.6700888888889,0,0,Salad,Italian
2022-08-22,Salad_Italian,65500,301.8759734513274,302.08761061946905,0,1,Salad,Italian
2022-08-29,Salad_Italian,79679,302.010796460177,301.9842477876106,0,0,Salad,Italian
2022-09-05,Salad_Italian,76019,300.9273362445415,302.4103930131004,0,0,Salad,Italian
2022-09-12,Salad_Italian,141449,246.73379912663756,302.16541484716157,1,1,Salad,Italian
2022-09-19,Salad_Italian,63083,298.76100436681224,301.9201310043668,0,1,Salad,Italian
2022-09-26,Salad_Italian,76339,301.43497816593884,302.3466375545852,0,1,Salad,Italian
2022-10-03,Salad_Italian,70388,302.91275109170306,302.8166812227074,0,0,Salad,Italian
2022-10-10,Salad_Italian,71126,300.6759825327511,301.1083406113537,0,0,Salad,Italian
2022-10-17,Salad_Italian,158878,279.4285152838428,298.9322707423581,1,1,Salad,Italian
2022-10-24,Salad_Italian,73440,301.7627074235808,301.8492139737991,0,1,Salad,Italian
2022-10-31,Salad_Italian,85685,302.4264628820961,302.5574672489083,0,1,Salad,Italian
2022-11-07,Salad_Italian,76762,302.2350218340611,302.3496506550218,0,0,Salad,Italian
2022-11-14,Salad_Italian,51253,303.28184210526314,303.25552631578944,0,0,Salad,Italian
2022-11-21,Salad_Italian,70828,303.16786026200873,303.449519650655,0,1,Salad,Italian
2022-11-28,Salad_Italian,144247,284.9187772925764,303.32550218340606,1,1,Salad,Italian
2022-12-05,Salad_Italian,97928,293.69061135371174,303.5453711790393,1,1,Salad,Italian
2022-12-12,Salad_Italian,64459,303.1780349344978,303.2892576419214,0,1,Salad,Italian
2022-12-19,Salad_Italian,55893,303.6647598253275,303.9401746724891,0,1,Salad,Italian
2022-12-26,Salad_Italian,119948,286.43585152838426,303.9575545851528,1,1,Salad,Italian
2023-01-02,Salad_Italian,110026,286.4387772925764,303.9007860262009,0,1,Salad,Italian
2023-01-09,Salad_Italian,77020,303.78043668122274,303.6972052401747,0,1,Salad,Italian
2023-01-16,Salad_Italian,74676,303.8710043668122,303.9714410480349,0,1,Salad,Italian
2023-01-23,Salad_Italian,184373,260.3578947368421,303.95416666666665,1,1,Salad,Italian
2023-01-30,Salad_Italian,165693,260.03768558951964,303.80292576419214,1,1,Salad,Italian
2023-02-06,Salad_Italian,77369,300.88235807860264,303.6480786026201,0,1,Salad,Italian
2023-02-13,Salad_Italian,76765,302.8273799126638,303.7456331877729,0,1,Salad,Italian
2023-02-20,Salad_Italian,86991,291.56052401746723,302.3973362445415,0,0,Salad,Italian
2023-02-27,Salad_Italian,82125,291.1271615720524,301.9875109170306,0,0,Salad,Italian
2023-03-06,Salad_Italian,37640,292.1295360824742,299.1013917525773,0,0,Salad,Italian
2023-03-13,Salad_Italian,69671,291.1655458515284,301.49986899563316,0,0,Salad,Italian
2023-03-20,Salad_Italian,75625,291.10480349344977,301.6581659388646,0,0,Salad,Italian
2023-03-27,Salad_Italian,166739,279.77904347826086,301.7996086956522,1,1,Salad,Italian
2023-04-03,Salad_Italian,81059,302.60447826086954,303.3133043478261,0,1,Salad,Italian
2023-04-10,Salad_Italian,76915,303.94839130434787,303.93969565217395,0,1,Salad,Italian
2023-04-17,Salad_Italian,69833,304.0588260869565,304.1538695652174,0,1,Salad,Italian
2023-04-24,Salad_Italian,79727,303.9605217391304,303.9518260869565,0,1,Salad,Italian
2023-05-01,Salad_Italian,46282,300.40423580786023,301.34406113537113,0,0,Salad,Italian
2023-05-08,Salad_Italian,76060,301.23013043478255,301.1301304347826,0,0,Salad,Italian
2023-05-15,Salad_Italian,78811,301.8279565217391,302.42495652173915,0,0,Salad,Italian
2023-05-22,Salad_Italian,77239,303.3091739130435,303.27873913043476,0,0,Salad,Italian
2023-05-29,Salad_Italian,73711,303.50634782608694,303.4193913043478,0,0,Salad,Italian
2023-06-05,Salad_Italian,78537,302.4918260869565,303.5858260869565,0,0,Salad,Italian
2023-06-12,Salad_Italian,206383,269.05621739130436,303.49421739130435,1,1,Salad,Italian
2023-06-19,Salad_Italian,178658,269.3349565217391,303.35860869565215,1,1,Salad,Italian
2023-06-26,Salad_Italian,190631,265.18634782608694,299.0954782608695,1,1,Salad,Italian
2023-07-03,Salad_Italian,180685,263.23634782608696,297.4417391304348,1,1,Salad,Italian
2023-07-10,Salad_Italian,54333,287.7055458515284,296.03724890829693,0,1,Salad,Italian
2023-07-17,Salad_Italian,82353,290.002,297.1748695652174,0,1,Salad,Italian
2023-07-24,Salad_Italian,185780,242.19947826086954,297.2455217391304,1,1,Salad,Italian
2023-07-31,Salad_Italian,83167,296.01443478260865,303.65778260869564,0,1,Salad,Italian
2023-08-07,Salad_Italian,76812,298.52934497816597,304.43406113537117,0,1,Salad,Italian
2023-08-14,Salad_Italian,91127,278.27278260869565,304.8978260869565,0,1,Salad,Italian
2023-08-21,Salad_Italian,91680,280.5322608695652,305.29786956521735,0,0,Salad,Italian
2023-08-28,Salad_Italian,104678,280.94726086956524,305.57208695652173,0,1,Salad,Italian
2023-09-04,Salad_Italian,81799,281.0632608695652,305.97721739130435,0,0,Salad,Italian
2023-09-11,Salad_Italian,62471,293.71608695652174,302.6831739130435,0,1,Salad,Italian
2023-09-18,Salad_Italian,119866,272.4285217391304,302.95352173913045,1,1,Salad,Italian
2023-09-25,Salad_Italian,133320,266.79373913043474,297.8791739130434,1,1,Salad,Italian
2023-10-02,Salad_Italian,80624,287.7985652173913,296.86752173913044,0,0,Salad,Italian
2023-10-09,Salad_Italian,78967,287.009652173913,287.69247826086956,0,0,Salad,Italian
2023-10-16,Salad_Italian,109386,265.3487445887446,287.9818181818182,1,1,Salad,Italian
2023-10-23,Salad_Italian,81378,286.21632034632034,288.30160173160175,0,1,Salad,Italian
2023-10-30,Salad_Italian,86139,287.7812987012987,288.38978354978354,0,0,Salad,Italian
2023-11-06,Salad_Italian,62167,284.87760869565216,285.59365217391303,0,0,Salad,Italian
2023-11-13,Salad_Italian,72179,285.90139130434784,286.06639130434786,0,0,Salad,Italian
2023-11-20,Salad_Italian,72242,287.0480786026201,287.3060698689956,0,0,Salad,Italian
2023-11-27,Salad_Italian,97969,286.63930434782606,286.5174347826087,0,1,Salad,Italian
2023-12-04,Salad_Italian,82547,286.96456521739134,286.9384782608696,0,0,Salad,Italian
2023-12-11,Salad_Italian,71455,286.64099999999996,287.07104347826083,0,0,Salad,Italian
2023-12-18,Salad_Italian,61352,285.4938695652174,285.7968695652174,0,0,Salad,Italian
2023-12-25,Salad_Italian,95840,285.6861739130435,285.7079130434783,0,0,Salad,Italian
2024-01-01,Salad_Italian,96594,285.4035497835498,285.8904761904762,0,1,Salad,Italian
2024-01-08,Salad_Italian,88403,286.04285714285714,285.951948051948,0,0,Salad,Italian
2024-01-15,Salad_Italian,83874,287.0766233766234,286.94242424242424,0,1,Salad,Italian
2024-01-22,Salad_Italian,81835,286.97168831168835,287.0669264069264,0,1,Salad,Italian
2024-01-29,Salad_Italian,94085,283.2811688311688,285.04268398268397,0,1,Salad,Italian
2024-02-05,Salad_Italian,74580,282.36865800865803,284.01428571428573,0,1,Salad,Italian
2024-02-12,Salad_Italian,74102,285.0712987012987,285.99666666666667,0,0,Salad,Italian
2024-02-19,Salad_Italian,85794,286.5165800865801,287.61138528138525,0,0,Salad,Italian
2024-02-26,Salad_Italian,85194,290.9805194805195,291.55056277056275,0,0,Salad,Italian
2024-03-04,Salad_Italian,76317,290.49645021645017,292.2304329004329,0,1,Salad,Italian
2024-03-11,Salad_Italian,137078,255.92025974025975,292.22017316017315,1,1,Salad,Italian
2024-03-18,Salad_Italian,142723,255.7374458874459,292.21952380952376,1,1,Salad,Italian
2024-03-25,Salad_Italian,151689,260.6122510822511,292.2255411255411,1,1,Salad,Italian
2024-04-01,Salad_Italian,127495,260.7851948051948,292.42489177489176,1,1,Salad,Italian
2024-04-08,Salad_Italian,73936,288.6025108225108,290.78800865800866,0,1,Salad,Italian
2024-04-15,Salad_Italian,66878,291.64701298701294,292.31363636363636,0,0,Salad,Italian
2024-04-22,Salad_Italian,87792,291.8069696969697,292.38134199134197,0,0,Salad,Italian
2024-04-29,Salad_Italian,81202,287.5150649350649,290.30121212121213,0,0,Salad,Italian
2024-05-06,Salad_Italian,54386,285.5871179039301,287.7589082969432,0,0,Salad,Italian
2024-05-13,Salad_Italian,71509,287.5864502164502,289.06978354978355,0,1,Salad,Italian
2024-05-20,Salad_Italian,120990,263.13987012987013,289.27320346320346,1,1,Salad,Italian
2024-05-27,Salad_Italian,96627,292.99636363636364,299.3174025974026,1,1,Salad,Italian
2024-06-03,Salad_Italian,79315,305.5145021645021,305.9338961038961,0,1,Salad,Italian
2024-06-10,Salad_Italian,67058,306.1977922077922,306.81138528138524,0,1,Salad,Italian
2024-06-17,Salad_Italian,56917,305.2144155844156,306.3190476190476,0,1,Salad,Italian
2024-06-24,Salad_Italian,68173,306.2678787878788,306.9243722943723,0,1,Salad,Italian
2024-07-01,Salad_Italian,62473,305.9479220779221,306.76454545454544,0,0,Salad,Italian
2024-07-08,Salad_Italian,54555,308.12597402597396,308.6308225108225,0,1,Salad,Italian
2024-07-15,Salad_Italian,52231,308.9132467532467,309.92627705627706,0,0,Salad,Italian
2024-07-22,Salad_Italian,68513,309.8956277056277,309.7051515151515,0,1,Salad,Italian
2024-07-29,Salad_Italian,70956,306.09887445887443,308.56112554112553,0,0,Salad,Italian
2024-08-05,Salad_Italian,60731,301.27220779220784,307.4854978354978,0,0,Salad,Italian
2024-08-12,Salad_Italian,56930,306.54264069264065,309.7447619047619,0,0,Salad,Italian
2024-08-19,Salad_Italian,54407,308.7229004329005,311.00597402597407,0,1,Salad,Italian
2024-08-26,Salad_Italian,72581,312.36450216450214,313.05670995670994,0,0,Salad,Italian
2024-09-02,Salad_Italian,85387,287.42242424242426,310.814632034632,1,1,Salad,Italian
2024-09-09,Salad_Italian,56277,296.2673593073593,309.0208225108225,0,1,Salad,Italian
2024-09-16,Salad_Italian,57146,298.7369696969697,309.3158874458874,0,1,Salad,Italian
2024-09-23,Salad_Italian,72211,303.2107792207792,313.71961038961035,0,1,Salad,Italian
2024-09-30,Salad_Italian,112883,256.9538961038961,313.43852813852817,1,1,Salad,Italian
2024-10-07,Salad_Italian,85582,258.89926406926406,313.72826839826837,0,1,Salad,Italian
