data/csv/orders_real.csv
date,dish_name,quantity_sold,checkout_price,base_price,emailer_for_promotion,homepage_featured,category,cuisine
2023-02-13,Fish_Continental,607,630.7064705882353,630.8829411764706,0,0,Fish,Continental
2023-02-20,Fish_Continental,890,630.61,630.41,0,0,Fish,Continental
2023-02-27,Fish_Continental,1661,630.6821739130435,630.5082608695651,0,0,Fish,Continental
2023-03-06,Fish_Continental,717,630.5585714285714,630.7585714285714,0,0,Fish,Continental
2023-03-13,Fish_Continental,2784,630.0365789473684,629.7997368421053,0,0,Fish,Continental
2023-03-20,Fish_Continental,2910,630.5413636363636,630.5868181818182,0,0,Fish,Continental
2023-03-27,Fish_Continental,3156,630.7070833333333,630.4779166666666,0,0,Fish,Continental
2023-04-03,Fish_Continental,3797,630.4062886597937,630.3341237113401,0,0,Fish,Continental
2023-04-10,Fish_Continental,3920,630.4439784946237,630.5192473118279,0,0,Fish,Continental
2023-04-17,Fish_Continental,3752,630.5198989898989,630.5198989898989,0,0,Fish,Continental
2023-04-24,Fish_Continental,3771,630.6280392156863,630.4319607843137,0,0,Fish,Continental
2023-05-01,Fish_Continental,4185,630.551052631579,630.4878947368421,0,0,Fish,Continental
2023-05-08,Fish_Continental,4543,627.5494736842105,630.551052631579,0,0,Fish,Continental
2023-05-15,Fish_Continental,4495,630.6576595744681,630.3917021276595,0,0,Fish,Continental
2023-05-22,Fish_Continental,5633,605.4664646464646,605.5573737373737,0,0,Fish,Continental
2023-05-29,Fish_Continental,7626,606.5401851851851,606.4938888888888,0,0,Fish,Continental
2023-06-05,Fish_Continental,8687,607.1145132743363,607.0083185840708,0,0,Fish,Continental
2023-06-12,Fish_Continental,7103,605.8509615384615,605.8701923076923,0,0,Fish,Continental
2023-06-19,Fish_Continental,8201,605.9692857142857,605.9157142857142,0,0,Fish,Continental
2023-06-26,Fish_Continental,8210,597.5226785714285,597.5851785714285,0,0,Fish,Continental
2023-07-03,Fish_Continental,8598,583.0245689655171,583.015948275862,0,0,Fish,Continental
2023-07-10,Fish_Continental,8698,582.3631623931623,582.3204273504273,0,0,Fish,Continental
2023-07-17,Fish_Continental,8119,582.1300943396227,582.0734905660378,0,0,Fish,Continental
2023-07-24,Fish_Continental,7815,582.2479279279279,582.1398198198198,0,0,Fish,Continental
2023-07-31,Fish_Continental,8048,582.1714912280702,582.2328947368421,0,0,Fish,Continental
2023-08-07,Fish_Continental,6992,582.4016071428571,582.4730357142856,0,0,Fish,Continental
2023-08-14,Fish_Continental,8981,582.2895726495726,582.2041025641025,0,0,Fish,Continental
2023-08-21,Fish_Continental,8864,582.5141284403669,582.4682568807339,0,0,Fish,Continental
2023-08-28,Fish_Continental,7952,583.2339316239315,583.1142735042735,0,0,Fish,Continental
2023-09-04,Fish_Continental,8635,582.3834782608695,582.5007826086957,0,1,Fish,Continental
2023-09-11,Fish_Continental,9899,582.4691304347825,582.4343478260869,0,0,Fish,Continental
2023-09-18,Fish_Continental,8627,582.1289189189189,582.3991891891892,0,0,Fish,Continental
2023-09-25,Fish_Continental,8758,582.6323636363636,582.5505454545454,0,0,Fish,Continental
2023-10-02,Fish_Continental,8140,582.2185840707964,582.2982300884955,0,0,Fish,Continental
2023-10-09,Fish_Continental,7843,582.6654867256636,582.762831858407,0,0,Fish,Continental
2023-10-16,Fish_Continental,9065,582.909051724138,582.7452586206896,0,0,Fish,Continental
2023-10-23,Fish_Continental,10292,582.3993333333333,582.4576666666667,0,0,Fish,Continental
2023-10-30,Fish_Continental,11145,582.5297478991596,582.5969747899159,0,0,Fish,Continental
2023-11-06,Fish_Continental,12150,582.2808064516129,582.1759677419354,0,0,Fish,Continental
2023-11-13,Fish_Continental,11167,582.1864516129032,582.2025806451612,0,0,Fish,Continental
2023-11-20,Fish_Continental,8429,582.4201709401709,582.462905982906,0,0,Fish,Continental
2023-11-27,Fish_Continental,17823,484.86125984251964,580.8303937007873,0,0,Fish,Continental
2023-12-04,Fish_Continental,16426,484.32661417322834,580.8303937007873,0,0,Fish,Continental
2023-12-11,Fish_Continental,8215,580.3494915254237,581.5380508474575,0,0,Fish,Continental
2023-12-18,Fish_Continental,7779,580.6970175438596,581.7628070175438,0,0,Fish,Continental
2023-12-25,Fish_Continental,9370,582.0635087719297,582.6266666666667,0,0,Fish,Continental
2024-01-01,Fish_Continental,10570,582.8890082644627,582.7980991735536,0,0,Fish,Continental
2024-01-08,Fish_Continental,8979,582.7203361344538,582.863193277311,0,0,Fish,Continental
2024-01-15,Fish_Continental,6209,582.1966981132075,582.2061320754717,0,0,Fish,Continental
2024-01-22,Fish_Continental,11134,582.6645454545455,582.6480165289256,0,0,Fish,Continental
2024-01-29,Fish_Continental,12518,582.5985365853658,582.4684552845528,0,0,Fish,Continental
2024-02-05,Fish_Continental,11073,582.5154838709677,582.4267741935483,0,0,Fish,Continental
2024-02-12,Fish_Continental,12466,582.5808130081301,582.5726829268293,0,0,Fish,Continental
2024-02-19,Fish_Continental,13401,583.0310569105691,583.0635772357723,0,0,Fish,Continental
2024-02-26,Fish_Continental,11625,582.925859375,582.832109375,0,0,Fish,Continental
2024-03-04,Fish_Continental,11260,582.4564615384616,582.4718461538462,0,0,Fish,Continental
2024-03-11,Fish_Continental,11530,582.9130434782609,583.0144927536232,0,0,Fish,Continental
2024-03-18,Fish_Continental,10876,580.0762411347517,582.1329787234042,0,0,Fish,Continental
2024-03-25,Fish_Continental,11829,582.5829197080292,582.3931386861314,0,0,Fish,Continental
2024-04-01,Fish_Continental,13876,582.3296402877697,582.3512230215827,0,0,Fish,Continental
2024-04-08,Fish_Continental,6843,582.216,582.28,0,1,Fish,Continental
2024-04-15,Fish_Continental,12290,582.9842028985506,583.1073913043477,0,0,Fish,Continental
2024-04-22,Fish_Continental,11097,582.8739568345324,582.8020143884892,0,1,Fish,Continental
2024-04-29,Fish_Continental,9803,582.0785714285714,582.0860902255639,0,1,Fish,Continental
2024-05-06,Fish_Continental,11500,580.3998518518518,582.385037037037,0,1,Fish,Continental
2024-05-13,Fish_Continental,9323,580.8346923076923,582.9731538461538,0,0,Fish,Continental
2024-05-20,Fish_Continental,7822,589.67016,589.6141600000001,0,0,Fish,Continental
2024-05-27,Fish_Continental,7819,626.3879527559055,626.3407086614174,0,0,Fish,Continental
2024-06-03,Fish_Continental,8917,630.578,630.554,0,0,Fish,Continental
2024-06-10,Fish_Continental,9873,626.1612408759124,626.0955474452554,0,0,Fish,Continental
2024-06-17,Fish_Continental,31574,438.6201342281879,625.3117449664429,0,1,Fish,Continental
2024-06-24,Fish_Continental,29366,437.86824324324317,624.8947297297298,1,1,Fish,Continental
2024-07-01,Fish_Continental,25644,438.8576,622.6532,1,1,Fish,Continental
2024-07-08,Fish_Continental,27777,438.92226666666664,624.1494666666666,0,1,Fish,Continental
2024-07-15,Fish_Continental,10751,583.9863909774436,598.0240601503759,0,1,Fish,Continental
2024-07-22,Fish_Continental,10991,585.0848936170213,591.5840425531915,0,1,Fish,Continental
2024-07-29,Fish_Continental,10728,588.3958518518518,593.5698518518518,0,1,Fish,Continental
2024-08-05,Fish_Continental,11861,594.0867391304348,596.3427536231884,0,1,Fish,Continental
2024-08-12,Fish_Continental,8212,629.5212295081967,629.3736885245901,0,0,Fish,Continental
2024-08-19,Fish_Continental,10703,630.0813571428571,630.0527857142857,0,1,Fish,Continental
2024-08-26,Fish_Continental,24045,486.44027210884354,628.5122448979592,0,1,Fish,Continental
2024-09-02,Fish_Continental,24997,485.23414965986393,629.1904761904761,0,1,Fish,Continental
2024-09-09,Fish_Continental,11995,586.9576642335766,588.8286861313868,0,1,Fish,Continental
2024-09-16,Fish_Continental,11315,585.265939849624,586.6523308270677,0,0,Fish,Continental
2024-09-23,Fish_Continental,12243,586.6454744525547,586.5578832116788,0,0,Fish,Continental
2024-09-30,Fish_Continental,12298,587.166231884058,587.2749275362319,0,0,Fish,Continental
2024-10-07,Fish_Continental,10348,610.5624812030075,610.3022556390977,0,1,Fish,Continental
